ARM Linker, 4.1 [Build 567] [Professional]

==============================================================================

Section Cross References

    wiflyinterface.o(.text) refers to wifly.o(.text) for Wifly::Wifly(PinName, PinName, PinName, PinName, const char*, const char*, Security)
    wiflyinterface.o(.text) refers to strcpy.o(.text) for strcpy
    wiflyinterface.o(.text) refers to wiflyinterface.o(i._ZSt6strstrPcPKc) for std::strstr(char*, const char*)
    wiflyinterface.o(.text) refers to strlen.o(.text) for strlen
    wiflyinterface.o(.text) refers to rt_memcpy_v6.o(.text) for __aeabi_memcpy
    wiflyinterface.o(.ARM.exidx) refers to wiflyinterface.o(.text) for .text
    udpsocket.o(.text) refers to _printf_percent.o(.ARM.Collect$$_printf_percent$$00000000) for _printf_percent
    udpsocket.o(.text) refers to _printf_d.o(.ARM.Collect$$_printf_percent$$00000009) for _printf_d
    udpsocket.o(.text) refers to _printf_dec.o(.text) for _printf_int_dec
    udpsocket.o(.text) refers to _printf_s.o(.ARM.Collect$$_printf_percent$$00000014) for _printf_s
    udpsocket.o(.text) refers to _printf_str.o(.text) for _printf_str
    udpsocket.o(.text) refers to socket.o(.text) for Socket::Socket()
    udpsocket.o(.text) refers to wifly.o(.text) for Wifly::setProtocol(Protocol)
    udpsocket.o(.text) refers to __2sprintf.o(.text) for __2sprintf
    udpsocket.o(.text) refers to endpoint.o(.text) for Endpoint::get_address()
    udpsocket.o(.text) refers to Timer.o(i._ZN4mbed5TimerC1Ev) for mbed::Timer::Timer()
    udpsocket.o(.text) refers to Timer.o(i._ZN4mbed5Timer5startEv) for mbed::Timer::start()
    udpsocket.o(.text) refers to Timer.o(i._ZN4mbed5Timer7read_msEv) for mbed::Timer::read_ms()
    udpsocket.o(.text) refers to locale.o(t._ZNSsC1ERKSaIcE) for std::basic_string<char, std::char_traits<char>, std::allocator<char>>::basic_string(const std::allocator<char>&)
    udpsocket.o(.text) refers to char.o(t._ZNSsD1Ev) for std::basic_string<char, std::char_traits<char>, std::allocator<char>>::~basic_string()
    udpsocket.o(.text) refers to locale.o(t._ZNSsaSEPKc) for std::basic_string<char, std::char_traits<char>, std::allocator<char>>::operator =(const char*)
    udpsocket.o(.text) refers to udpsocket.o(t._ZNKSs4findEPKcj) for std::basic_string<char, std::char_traits<char>, std::allocator<char>>::find(const char*, unsigned) const
    udpsocket.o(.text) refers to udpsocket.o(t._ZNKSs6substrEjj) for std::basic_string<char, std::char_traits<char>, std::allocator<char>>::substr(unsigned, unsigned) const
    udpsocket.o(.text) refers to locale.o(t._ZNSsaSERKSs) for std::basic_string<char, std::char_traits<char>, std::allocator<char>>::operator =(const std::basic_string<char, std::char_traits<char>, std::allocator<char>>&)
    udpsocket.o(.text) refers to atoi.o(.text) for atoi
    udpsocket.o(.ARM.exidx) refers to udpsocket.o(.text) for .text
    endpoint.o(.text) refers to __2fprintf.o(.text) for __2fprintf
    endpoint.o(.text) refers to exit.o(i.exit) for exit
    endpoint.o(.text) refers to wifly.o(.text) for Wifly::gethostbyname(const char*, char*)
    endpoint.o(.text) refers to wifly.o(.data) for Wifly::inst
    endpoint.o(.text) refers to stdio_streams.o(.bss) for __stderr
    endpoint.o(.ARM.exidx) refers to endpoint.o(.text) for .text
    tcpsocketserver.o(.text) refers to _printf_percent.o(.ARM.Collect$$_printf_percent$$00000000) for _printf_percent
    tcpsocketserver.o(.text) refers to _printf_d.o(.ARM.Collect$$_printf_percent$$00000009) for _printf_d
    tcpsocketserver.o(.text) refers to _printf_dec.o(.text) for _printf_int_dec
    tcpsocketserver.o(.text) refers to socket.o(.text) for Socket::Socket()
    tcpsocketserver.o(.text) refers to wifly.o(.text) for Wifly::setProtocol(Protocol)
    tcpsocketserver.o(.text) refers to __2sprintf.o(.text) for __2sprintf
    tcpsocketserver.o(.text) refers to wait_api.o(i.wait) for wait
    tcpsocketserver.o(.text) refers to udpsocket.o(t._ZNSs7_C_nullEv) for std::basic_string<char, std::char_traits<char>, std::allocator<char>>::_C_null()
    tcpsocketserver.o(.text) refers to udpsocket.o(t._ZNKSs4sizeEv) for std::basic_string<char, std::char_traits<char>, std::allocator<char>>::size() const
    tcpsocketserver.o(.text) refers to wifly.o(t._ZNSs7replaceEjjjc) for std::basic_string<char, std::char_traits<char>, std::allocator<char>>::replace(unsigned, unsigned, unsigned, char)
    tcpsocketserver.o(.text) refers to strstr.o(.text) for strstr
    tcpsocketserver.o(.text) refers to char.o(t._ZNSs9_C_unlinkEv) for std::basic_string<char, std::char_traits<char>, std::allocator<char>>::_C_unlink()
    tcpsocketserver.o(.ARM.exidx) refers to tcpsocketserver.o(.text) for .text
    tcpsocketconnection.o(.text) refers to socket.o(.text) for Socket::Socket()
    tcpsocketconnection.o(.text) refers to endpoint.o(.text) for Endpoint::Endpoint()
[...]
    char.o(.constdata__ZTVSt12ctype_bynameIcE) refers to char.o(i._ZNKSt5ctypeIcE9do_narrowEcc) for std::ctype<char>::do_narrow(char, char) const
    char.o(.constdata__ZTVSt12ctype_bynameIcE) refers to char.o(i._ZNKSt5ctypeIcE9do_narrowEPKcS2_cPc) for std::ctype<char>::do_narrow(const char*, const char*, char, char*) const
    char.o(.constdata__ZTISt7collateIcE) refers to lib_rtti_impl.o(.constdata__ZTVN10__cxxabiv121__vmi_class_type_infoE) for vtable for __cxxabiv1::__vmi_class_type_info
    char.o(.constdata__ZTISt7collateIcE) refers to char.o(.constdata__ZTSSt7collateIcE) for typeinfo name for std::collate<char>
    char.o(.constdata__ZTISt7collateIcE) refers to char.o(.constdata__ZTINSt6locale5facetE) for typeinfo for std::locale::facet
    char.o(.constdata__ZTISt7collateIcE) refers to char.o(.constdata__ZTIN4__rw17__rw_collate_implIcEE) for typeinfo for __rw::__rw_collate_impl<char>
    char.o(.constdata__ZTISt8numpunctIcE) refers to lib_rtti_impl.o(.constdata__ZTVN10__cxxabiv121__vmi_class_type_infoE) for vtable for __cxxabiv1::__vmi_class_type_info
    char.o(.constdata__ZTISt8numpunctIcE) refers to char.o(.constdata__ZTSSt8numpunctIcE) for typeinfo name for std::numpunct<char>
    char.o(.constdata__ZTISt8numpunctIcE) refers to char.o(.constdata__ZTINSt6locale5facetE) for typeinfo for std::locale::facet
    char.o(.constdata__ZTISt8numpunctIcE) refers to char.o(.constdata__ZTIN4__rw18__rw_numpunct_implIcEE) for typeinfo for __rw::__rw_numpunct_impl<char>
    char.o(.constdata__ZTISt14collate_bynameIcE) refers to lib_rtti_impl.o(.constdata__ZTVN10__cxxabiv120__si_class_type_infoE) for vtable for __cxxabiv1::__si_class_type_info
    char.o(.constdata__ZTISt14collate_bynameIcE) refers to char.o(.constdata__ZTSSt14collate_bynameIcE) for typeinfo name for std::collate_byname<char>
    char.o(.constdata__ZTISt14collate_bynameIcE) refers to char.o(.constdata__ZTISt7collateIcE) for typeinfo for std::collate<char>
    char.o(.constdata__ZTINSt6locale5facetE) refers to lib_rtti_impl.o(.constdata__ZTVN10__cxxabiv120__si_class_type_infoE) for vtable for __cxxabiv1::__si_class_type_info
    char.o(.constdata__ZTINSt6locale5facetE) refers to char.o(.constdata__ZTSNSt6locale5facetE) for typeinfo name for std::locale::facet
    char.o(.constdata__ZTINSt6locale5facetE) refers to char.o(.constdata__ZTIN4__rw15__rw_facet_baseE) for typeinfo for __rw::__rw_facet_base
    char.o(.constdata__ZTISt12ctype_bynameIcE) refers to lib_rtti_impl.o(.constdata__ZTVN10__cxxabiv120__si_class_type_infoE) for vtable for __cxxabiv1::__si_class_type_info
    char.o(.constdata__ZTISt12ctype_bynameIcE) refers to char.o(.constdata__ZTSSt12ctype_bynameIcE) for typeinfo name for std::ctype_byname<char>
    char.o(.constdata__ZTISt12ctype_bynameIcE) refers to char.o(.constdata__ZTISt5ctypeIcE) for typeinfo for std::ctype<char>
    char.o(.constdata__ZTISt10ctype_base) refers to lib_rtti_impl.o(.constdata__ZTVN10__cxxabiv117__class_type_infoE) for vtable for __cxxabiv1::__class_type_info
    char.o(.constdata__ZTISt10ctype_base) refers to char.o(.constdata__ZTSSt10ctype_base) for typeinfo name for std::ctype_base
    char.o(.constdata__ZTIN4__rw17__rw_ctype_helperIcEE) refers to lib_rtti_impl.o(.constdata__ZTVN10__cxxabiv117__class_type_infoE) for vtable for __cxxabiv1::__class_type_info
    char.o(.constdata__ZTIN4__rw17__rw_ctype_helperIcEE) refers to char.o(.constdata__ZTSN4__rw17__rw_ctype_helperIcEE) for typeinfo name for __rw::__rw_ctype_helper<char>
    char.o(.constdata__ZTIN4__rw17__rw_collate_implIcEE) refers to lib_rtti_impl.o(.constdata__ZTVN10__cxxabiv120__si_class_type_infoE) for vtable for __cxxabiv1::__si_class_type_info
    char.o(.constdata__ZTIN4__rw17__rw_collate_implIcEE) refers to char.o(.constdata__ZTSN4__rw17__rw_collate_implIcEE) for typeinfo name for __rw::__rw_collate_impl<char>
    char.o(.constdata__ZTIN4__rw17__rw_collate_implIcEE) refers to char.o(.constdata__ZTIN4__rw17__rw_collate_dataIcEE) for typeinfo for __rw::__rw_collate_data<char>
    char.o(.constdata__ZTIN4__rw18__rw_numpunct_implIcEE) refers to lib_rtti_impl.o(.constdata__ZTVN10__cxxabiv120__si_class_type_infoE) for vtable for __cxxabiv1::__si_class_type_info
    char.o(.constdata__ZTIN4__rw18__rw_numpunct_implIcEE) refers to char.o(.constdata__ZTSN4__rw18__rw_numpunct_implIcEE) for typeinfo name for __rw::__rw_numpunct_impl<char>
    char.o(.constdata__ZTIN4__rw18__rw_numpunct_implIcEE) refers to char.o(.constdata__ZTIN4__rw23__rw_numpunct_impl_dataIcEE) for typeinfo for __rw::__rw_numpunct_impl_data<char>
    char.o(.constdata__ZTIN4__rw15__rw_facet_baseE) refers to lib_rtti_impl.o(.constdata__ZTVN10__cxxabiv120__si_class_type_infoE) for vtable for __cxxabiv1::__si_class_type_info
    char.o(.constdata__ZTIN4__rw15__rw_facet_baseE) refers to char.o(.constdata__ZTSN4__rw15__rw_facet_baseE) for typeinfo name for __rw::__rw_facet_base
    char.o(.constdata__ZTIN4__rw15__rw_facet_baseE) refers to char.o(.constdata__ZTIN4__rw17__rw_synchronizedE) for typeinfo for __rw::__rw_synchronized
    char.o(.constdata__ZTIN4__rw17__rw_collate_dataIcEE) refers to lib_rtti_impl.o(.constdata__ZTVN10__cxxabiv117__class_type_infoE) for vtable for __cxxabiv1::__class_type_info
    char.o(.constdata__ZTIN4__rw17__rw_collate_dataIcEE) refers to char.o(.constdata__ZTSN4__rw17__rw_collate_dataIcEE) for typeinfo name for __rw::__rw_collate_data<char>
    char.o(.constdata__ZTIN4__rw23__rw_numpunct_impl_dataIcEE) refers to lib_rtti_impl.o(.constdata__ZTVN10__cxxabiv121__vmi_class_type_infoE) for vtable for __cxxabiv1::__vmi_class_type_info
    char.o(.constdata__ZTIN4__rw23__rw_numpunct_impl_dataIcEE) refers to char.o(.constdata__ZTSN4__rw23__rw_numpunct_impl_dataIcEE) for typeinfo name for __rw::__rw_numpunct_impl_data<char>
    char.o(.constdata__ZTIN4__rw23__rw_numpunct_impl_dataIcEE) refers to char.o(.constdata__ZTIN4__rw23__rw_numpunct_impl_baseE) for typeinfo for __rw::__rw_numpunct_impl_base
    char.o(.constdata__ZTIN4__rw23__rw_numpunct_impl_dataIcEE) refers to char.o(.constdata__ZTIN4__rw15__rw_punct_dataIcEE) for typeinfo for __rw::__rw_punct_data<char>
    char.o(.constdata__ZTIN4__rw17__rw_synchronizedE) refers to lib_rtti_impl.o(.constdata__ZTVN10__cxxabiv117__class_type_infoE) for vtable for __cxxabiv1::__class_type_info
    char.o(.constdata__ZTIN4__rw17__rw_synchronizedE) refers to char.o(.constdata__ZTSN4__rw17__rw_synchronizedE) for typeinfo name for __rw::__rw_synchronized
    char.o(.constdata__ZTIN4__rw23__rw_numpunct_impl_baseE) refers to lib_rtti_impl.o(.constdata__ZTVN10__cxxabiv117__class_type_infoE) for vtable for __cxxabiv1::__class_type_info
    char.o(.constdata__ZTIN4__rw23__rw_numpunct_impl_baseE) refers to char.o(.constdata__ZTSN4__rw23__rw_numpunct_impl_baseE) for typeinfo name for __rw::__rw_numpunct_impl_base
    char.o(.constdata__ZTIN4__rw15__rw_punct_dataIcEE) refers to lib_rtti_impl.o(.constdata__ZTVN10__cxxabiv117__class_type_infoE) for vtable for __cxxabiv1::__class_type_info
    char.o(.constdata__ZTIN4__rw15__rw_punct_dataIcEE) refers to char.o(.constdata__ZTSN4__rw15__rw_punct_dataIcEE) for typeinfo name for __rw::__rw_punct_data<char>
    char.o(i._ZNSt12ctype_bynameIcED1Ev) refers to char.o(i._ZNSt5ctypeIcED1Ev) for std::ctype<char>::~ctype()
    char.o(.ARM.exidx) refers to char.o(i._ZNSt12ctype_bynameIcED1Ev) for i._ZNSt12ctype_bynameIcED1Ev
    char.o(i._ZNSt12ctype_bynameIcED0Ev) refers to char.o(i._ZNSt5ctypeIcED1Ev) for std::ctype<char>::~ctype()
    char.o(i._ZNSt12ctype_bynameIcED0Ev) refers to delete.o(i._ZdlPv) for operator delete (void*)
    char.o(.ARM.exidx) refers to char.o(i._ZNSt12ctype_bynameIcED0Ev) for i._ZNSt12ctype_bynameIcED0Ev
    char.o(.ARM.exidx) refers to unwind_pr0.o(.text) for __aeabi_unwind_cpp_pr0
    locale.o(.constdata__ZTVSt14codecvt_bynameIwcSt11__mbstate_tE) refers to locale.o(.constdata__ZTISt14codecvt_bynameIwcSt11__mbstate_tE) for typeinfo for std::codecvt_byname<wchar_t, char, std::__mbstate_t>
    locale.o(.constdata__ZTVSt14codecvt_bynameIwcSt11__mbstate_tE) refers to locale.o(i._ZNSt14codecvt_bynameIwcSt11__mbstate_tED1Ev) for std::codecvt_byname<wchar_t, char, std::__mbstate_t>::~codecvt_byname()
    locale.o(.constdata__ZTVSt14codecvt_bynameIwcSt11__mbstate_tE) refers to locale.o(i._ZNSt14codecvt_bynameIwcSt11__mbstate_tED0Ev) for std::codecvt_byname<wchar_t, char, std::__mbstate_t>::~codecvt_byname__deallocating()
    locale.o(.constdata__ZTVSt14codecvt_bynameIwcSt11__mbstate_tE) refers to char.o(i._ZN4__rw15__rw_facet_base12_C_initfacetERKSt6locale) for __rw::__rw_facet_base::_C_initfacet(const std::locale&)
    locale.o(.constdata__ZTVSt14codecvt_bynameIwcSt11__mbstate_tE) refers to locale.o(i._ZNKSt14codecvt_bynameIwcSt11__mbstate_tE6do_outERS0_PKwS4_RS4_PcS6_RS6_) for std::codecvt_byname<wchar_t, char, std::__mbstate_t>::do_out(std::__mbstate_t&, const wchar_t*, const wchar_t*, const wchar_t*&, char*, char*, char*&) const
    locale.o(.constdata__ZTVSt14codecvt_bynameIwcSt11__mbstate_tE) refers to locale.o(i._ZNKSt14codecvt_bynameIwcSt11__mbstate_tE5do_inERS0_PKcS4_RS4_PwS6_RS6_) for std::codecvt_byname<wchar_t, char, std::__mbstate_t>::do_in(std::__mbstate_t&, const char*, const char*, const char*&, wchar_t*, wchar_t*, wchar_t*&) const
    locale.o(.constdata__ZTVSt14codecvt_bynameIwcSt11__mbstate_tE) refers to locale.o(i._ZNKSt14codecvt_bynameIwcSt11__mbstate_tE10do_unshiftERS0_PcS3_RS3_) for std::codecvt_byname<wchar_t, char, std::__mbstate_t>::do_unshift(std::__mbstate_t&, char*, char*, char*&) const
    locale.o(.constdata__ZTVSt14codecvt_bynameIwcSt11__mbstate_tE) refers to locale.o(i._ZNKSt14codecvt_bynameIwcSt11__mbstate_tE16do_always_noconvEv) for std::codecvt_byname<wchar_t, char, std::__mbstate_t>::do_always_noconv() const
    locale.o(.constdata__ZTVSt14codecvt_bynameIwcSt11__mbstate_tE) refers to locale.o(i._ZNKSt14codecvt_bynameIwcSt11__mbstate_tE11do_encodingEv) for std::codecvt_byname<wchar_t, char, std::__mbstate_t>::do_encoding() const
    locale.o(.constdata__ZTVSt14codecvt_bynameIwcSt11__mbstate_tE) refers to locale.o(i._ZNKSt7codecvtIwcSt11__mbstate_tE9do_lengthERKS0_PKcS5_j) for std::codecvt<wchar_t, char, std::__mbstate_t>::do_length(const std::__mbstate_t&, const char*, const char*, unsigned) const
    locale.o(.constdata__ZTVSt14codecvt_bynameIwcSt11__mbstate_tE) refers to locale.o(i._ZNKSt14codecvt_bynameIwcSt11__mbstate_tE13do_max_lengthEv) for std::codecvt_byname<wchar_t, char, std::__mbstate_t>::do_max_length() const
    locale.o(t._ZNSs11_C_allocateEjjj) refers to char.o(t._ZNSs9_C_getRepEjj) for std::basic_string<char, std::char_traits<char>, std::allocator<char>>::_C_getRep(unsigned, unsigned)
    locale.o(.ARM.exidx) refers to locale.o(t._ZNSs11_C_allocateEjjj) for t._ZNSs11_C_allocateEjjj
    locale.o(.ARM.exidx) refers to unwind_pr0.o(.text) for __aeabi_unwind_cpp_pr0
    locale.o(t._ZNSsC1EPKcRKSaIcE) refers to strlen.o(.text) for strlen
    locale.o(t._ZNSsC1EPKcRKSaIcE) refers to locale.o(t._ZNSs11_C_allocateEjjj) for std::basic_string<char, std::char_traits<char>, std::allocator<char>>::_C_allocate(unsigned, unsigned, unsigned)
    locale.o(t._ZNSsC1EPKcRKSaIcE) refers to rt_memcpy_v6.o(.text) for __aeabi_memcpy
    locale.o(t._ZNSsC1EPKcRKSaIcE) refers to vendor.o(.bss__ZNSs9__nullrefE) for std::basic_string<char, std::char_traits<char>, std::allocator<char>>::__nullref
    locale.o(.ARM.exidx) refers to locale.o(t._ZNSsC1EPKcRKSaIcE) for t._ZNSsC1EPKcRKSaIcE
    locale.o(.ARM.exidx) refers to unwind_pr0.o(.text) for __aeabi_unwind_cpp_pr0
    locale.o(t._ZNSsaSERKSs) refers to char.o(t._ZN4__rw12__string_refIcSt11char_traitsIcESaIcEE10_C_inc_refEv) for __rw::__string_ref<char, std::char_traits<char>, std::allocator<char>>::_C_inc_ref()
    locale.o(t._ZNSsaSERKSs) refers to char.o(t._ZNSs9_C_unlinkEv) for std::basic_string<char, std::char_traits<char>, std::allocator<char>>::_C_unlink()
    locale.o(t._ZNSsaSERKSs) refers to locale.o(t._ZNSs7replaceEjjPKcj) for std::basic_string<char, std::char_traits<char>, std::allocator<char>>::replace(unsigned, unsigned, const char*, unsigned)
    locale.o(.ARM.exidx) refers to locale.o(t._ZNSsaSERKSs) for t._ZNSsaSERKSs
    locale.o(.ARM.exidx) refers to unwind_pr0.o(.text) for __aeabi_unwind_cpp_pr0
    locale.o(t._ZNSsaSEPKc) refers to strlen.o(.text) for strlen
    locale.o(t._ZNSsaSEPKc) refers to locale.o(t._ZNSs7replaceEjjPKcj) for std::basic_string<char, std::char_traits<char>, std::allocator<char>>::replace(unsigned, unsigned, const char*, unsigned)
    locale.o(t._ZNSsaSEPKc) refers to char.o(t._ZNSs9_C_unlinkEv) for std::basic_string<char, std::char_traits<char>, std::allocator<char>>::_C_unlink()
    locale.o(t._ZNSsaSEPKc) refers to vendor.o(.bss__ZNSs9__nullrefE) for std::basic_string<char, std::char_traits<char>, std::allocator<char>>::__nullref
    locale.o(.ARM.exidx) refers to locale.o(t._ZNSsaSEPKc) for t._ZNSsaSEPKc
    locale.o(.ARM.exidx) refers to unwind_pr0.o(.text) for __aeabi_unwind_cpp_pr0
    locale.o(i._ZN4__rw15__rw_locale_impD1Ev) refers to array_del.o(i._ZdaPv) for operator delete[] (void*)
    locale.o(i._ZN4__rw15__rw_locale_impD1Ev) refers to locale.o(t._ZN4__rw18__rw_locale_vectorIPNS_15__rw_facet_baseEED1Ev) for __rw::__rw_locale_vector<__rw::__rw_facet_base*>::~__rw_locale_vector()
    locale.o(i._ZN4__rw15__rw_locale_impD1Ev) refers to locale.o(t._ZN4__rw18__rw_locale_vectorISsED1Ev) for __rw::__rw_locale_vector<std::basic_string<char, std::char_traits<char>, std::allocator<char>>>::~__rw_locale_vector()
    locale.o(i._ZN4__rw15__rw_locale_impD1Ev.clean) refers to locale.o(t._ZN4__rw18__rw_locale_vectorISsED1Ev) for __rw::__rw_locale_vector<std::basic_string<char, std::char_traits<char>, std::allocator<char>>>::~__rw_locale_vector()
    locale.o(i._ZN4__rw15__rw_locale_impD1Ev.clean) refers to arm_exceptions_cleanup.o(.emb_text) for __cxa_end_cleanup
    locale.o(.ARM.extab) refers to locale.o(i._ZN4__rw15__rw_locale_impD1Ev.clean) for i._ZN4__rw15__rw_locale_impD1Ev.clean
    locale.o(.ARM.exidx) refers to locale.o(i._ZN4__rw15__rw_locale_impD1Ev) for i._ZN4__rw15__rw_locale_impD1Ev
    locale.o(.ARM.exidx) refers to unwind_pr0.o(.text) for __aeabi_unwind_cpp_pr0
    locale.o(.ARM.exidx) refers to locale.o(.ARM.extab) for .extab._ZN4__rw15__rw_locale_impD1Ev
    locale.o(.ARM.exidx) refers to locale.o(i._ZN4__rw15__rw_locale_impD1Ev.clean) for i._ZN4__rw15__rw_locale_impD1Ev.clean
    locale.o(i._ZN4__rw15__rw_locale_impC1EPKcjj) refers to array_new.o(i._Znaj) for operator new[] (unsigned)
    locale.o(i._ZN4__rw15__rw_locale_impC1EPKcjj) refers to strlen.o(.text) for strlen
    locale.o(i._ZN4__rw15__rw_locale_impC1EPKcjj) refers to memcpy.o(.text) for memcpy
    locale.o(i._ZN4__rw15__rw_locale_impC1EPKcjj) refers to locale.o(t._ZNSsC1ERKSaIcE) for std::basic_string<char, std::char_traits<char>, std::allocator<char>>::basic_string(const std::allocator<char>&)
    locale.o(i._ZN4__rw15__rw_locale_impC1EPKcjj) refers to aeabi_vec_new_cookie.o(i.__aeabi_vec_new_cookie) for __aeabi_vec_new_cookie
    locale.o(i._ZN4__rw15__rw_locale_impC1EPKcjj) refers to locale.o(t._ZNSsaSERKSs) for std::basic_string<char, std::char_traits<char>, std::allocator<char>>::operator =(const std::basic_string<char, std::char_traits<char>, std::allocator<char>>&)
    locale.o(i._ZN4__rw15__rw_locale_impC1EPKcjj) refers to aeabi_vec_delete_noexceptions.o(.text) for __aeabi_vec_delete
    locale.o(i._ZN4__rw15__rw_locale_impC1EPKcjj) refers to char.o(t._ZNSs9_C_unlinkEv) for std::basic_string<char, std::char_traits<char>, std::allocator<char>>::_C_unlink()
    locale.o(i._ZN4__rw15__rw_locale_impC1EPKcjj) refers to char.o(t._ZNSsD1Ev) for std::basic_string<char, std::char_traits<char>, std::allocator<char>>::~basic_string()
    locale.o(i._ZN4__rw15__rw_locale_impC1EPKcjj) refers to locale.o(i.<Func5>) for <Func5>
    locale.o(i._ZN4__rw15__rw_locale_impC1EPKcjj.clean) refers to char.o(t._ZNSsD1Ev) for std::basic_string<char, std::char_traits<char>, std::allocator<char>>::~basic_string()
    locale.o(i._ZN4__rw15__rw_locale_impC1EPKcjj.clean) refers to locale.o(t._ZN4__rw18__rw_locale_vectorIPNS_15__rw_facet_baseEED1Ev) for __rw::__rw_locale_vector<__rw::__rw_facet_base*>::~__rw_locale_vector()
    locale.o(i._ZN4__rw15__rw_locale_impC1EPKcjj.clean) refers to locale.o(t._ZN4__rw18__rw_locale_vectorISsED1Ev) for __rw::__rw_locale_vector<std::basic_string<char, std::char_traits<char>, std::allocator<char>>>::~__rw_locale_vector()
    locale.o(i._ZN4__rw15__rw_locale_impC1EPKcjj.clean) refers to arm_exceptions_cleanup.o(.emb_text) for __cxa_end_cleanup
    locale.o(.ARM.extab) refers to locale.o(i._ZN4__rw15__rw_locale_impC1EPKcjj.clean) for i._ZN4__rw15__rw_locale_impC1EPKcjj.clean
    locale.o(.ARM.exidx) refers to locale.o(i._ZN4__rw15__rw_locale_impC1EPKcjj) for i._ZN4__rw15__rw_locale_impC1EPKcjj
    locale.o(.ARM.exidx) refers to unwind_pr0.o(.text) for __aeabi_unwind_cpp_pr0
    locale.o(.ARM.exidx) refers to locale.o(.ARM.extab) for .extab._ZN4__rw15__rw_locale_impC1EPKcjj
    locale.o(.ARM.exidx) refers to locale.o(i._ZN4__rw15__rw_locale_impC1EPKcjj.clean) for i._ZN4__rw15__rw_locale_impC1EPKcjj.clean
    locale.o(i._ZNSt6locale16_C_remove_facetsEi) refers to vendor.o(i._ZN4__rw15__rw_locale_imp15_C_map_categoryEi) for __rw::__rw_locale_imp::_C_map_category(int)
    locale.o(.ARM.exidx) refers to locale.o(i._ZNSt6locale16_C_remove_facetsEi) for i._ZNSt6locale16_C_remove_facetsEi
    locale.o(.ARM.exidx) refers to unwind_pr0.o(.text) for __aeabi_unwind_cpp_pr0
    locale.o(i._ZN4__rw15__rw_locale_impC1ERKS0_PKcj) refers to aeabi_vec_new_cookie.o(i.__aeabi_vec_new_cookie) for __aeabi_vec_new_cookie
    locale.o(i._ZN4__rw15__rw_locale_impC1ERKS0_PKcj) refers to locale.o(t._ZNSsaSERKSs) for std::basic_string<char, std::char_traits<char>, std::allocator<char>>::operator =(const std::basic_string<char, std::char_traits<char>, std::allocator<char>>&)
    locale.o(i._ZN4__rw15__rw_locale_impC1ERKS0_PKcj) refers to array_new.o(i._Znaj) for operator new[] (unsigned)
    locale.o(i._ZN4__rw15__rw_locale_impC1ERKS0_PKcj) refers to strlen.o(.text) for strlen
    locale.o(i._ZN4__rw15__rw_locale_impC1ERKS0_PKcj) refers to memcpy.o(.text) for memcpy
    locale.o(i._ZN4__rw15__rw_locale_impC1ERKS0_PKcj) refers to char.o(t._ZNSsD1Ev) for std::basic_string<char, std::char_traits<char>, std::allocator<char>>::~basic_string()
    locale.o(i._ZN4__rw15__rw_locale_impC1ERKS0_PKcj) refers to locale.o(i.<Func5>) for <Func5>
    locale.o(i._ZN4__rw15__rw_locale_impC1ERKS0_PKcj.clean) refers to locale.o(t._ZN4__rw18__rw_locale_vectorIPNS_15__rw_facet_baseEED1Ev) for __rw::__rw_locale_vector<__rw::__rw_facet_base*>::~__rw_locale_vector()
    locale.o(i._ZN4__rw15__rw_locale_impC1ERKS0_PKcj.clean) refers to locale.o(t._ZN4__rw18__rw_locale_vectorISsED1Ev) for __rw::__rw_locale_vector<std::basic_string<char, std::char_traits<char>, std::allocator<char>>>::~__rw_locale_vector()
    locale.o(i._ZN4__rw15__rw_locale_impC1ERKS0_PKcj.clean) refers to arm_exceptions_cleanup.o(.emb_text) for __cxa_end_cleanup
    locale.o(.ARM.extab) refers to locale.o(i._ZN4__rw15__rw_locale_impC1ERKS0_PKcj.clean) for i._ZN4__rw15__rw_locale_impC1ERKS0_PKcj.clean
    locale.o(.ARM.exidx) refers to locale.o(i._ZN4__rw15__rw_locale_impC1ERKS0_PKcj) for i._ZN4__rw15__rw_locale_impC1ERKS0_PKcj
    locale.o(.ARM.exidx) refers to unwind_pr0.o(.text) for __aeabi_unwind_cpp_pr0
    locale.o(.ARM.exidx) refers to locale.o(.ARM.extab) for .extab._ZN4__rw15__rw_locale_impC1ERKS0_PKcj
    locale.o(.ARM.exidx) refers to locale.o(i._ZN4__rw15__rw_locale_impC1ERKS0_PKcj.clean) for i._ZN4__rw15__rw_locale_impC1ERKS0_PKcj.clean
    locale.o(i._ZNSt6localeD1Ev) refers to locale.o(i._ZN4__rw15__rw_locale_impD1Ev) for __rw::__rw_locale_imp::~__rw_locale_imp()
    locale.o(i._ZNSt6localeD1Ev) refers to delete.o(i._ZdlPv) for operator delete (void*)
    locale.o(.ARM.exidx) refers to locale.o(i._ZNSt6localeD1Ev) for i._ZNSt6localeD1Ev
    locale.o(.ARM.exidx) refers to unwind_pr0.o(.text) for __aeabi_unwind_cpp_pr0
    locale.o(t._ZN4__rw18__rw_locale_vectorIPNS_15__rw_facet_baseEE6resizeEjRKS2_) refers to array_new.o(i._Znaj) for operator new[] (unsigned)
    locale.o(t._ZN4__rw18__rw_locale_vectorIPNS_15__rw_facet_baseEE6resizeEjRKS2_) refers to array_del.o(i._ZdaPv) for operator delete[] (void*)
    locale.o(.ARM.exidx) refers to locale.o(t._ZN4__rw18__rw_locale_vectorIPNS_15__rw_facet_baseEE6resizeEjRKS2_) for t._ZN4__rw18__rw_locale_vectorIPNS_15__rw_facet_baseEE6resizeEjRKS2_
    locale.o(.ARM.exidx) refers to unwind_pr0.o(.text) for __aeabi_unwind_cpp_pr0
    locale.o(.ARM.exidx) refers to locale.o(i._ZNSt14codecvt_bynameIwcSt11__mbstate_tED1Ev) for i._ZNSt14codecvt_bynameIwcSt11__mbstate_tED1Ev
    locale.o(t._ZNSsC1ERKSaIcE) refers to vendor.o(.bss__ZNSs9__nullrefE) for std::basic_string<char, std::char_traits<char>, std::allocator<char>>::__nullref
    locale.o(.ARM.exidx) refers to locale.o(t._ZNSsC1ERKSaIcE) for t._ZNSsC1ERKSaIcE
    locale.o(t._ZNSs7replaceEjjPKcj) refers to char.o(t._ZNSs7replaceEjjPKcjjj) for std::basic_string<char, std::char_traits<char>, std::allocator<char>>::replace(unsigned, unsigned, const char*, unsigned, unsigned, unsigned)
    locale.o(.ARM.exidx) refers to locale.o(t._ZNSs7replaceEjjPKcj) for t._ZNSs7replaceEjjPKcj
    locale.o(.ARM.exidx) refers to unwind_pr0.o(.text) for __aeabi_unwind_cpp_pr0
    locale.o(t._ZN4__rw18__rw_locale_vectorIPNS_15__rw_facet_baseEED1Ev) refers to array_del.o(i._ZdaPv) for operator delete[] (void*)
    locale.o(.ARM.exidx) refers to locale.o(t._ZN4__rw18__rw_locale_vectorIPNS_15__rw_facet_baseEED1Ev) for t._ZN4__rw18__rw_locale_vectorIPNS_15__rw_facet_baseEED1Ev
    locale.o(t._ZN4__rw18__rw_locale_vectorISsED1Ev) refers to aeabi_vec_delete_noexceptions.o(.text) for __aeabi_vec_delete
    locale.o(t._ZN4__rw18__rw_locale_vectorISsED1Ev) refers to char.o(t._ZNSsD1Ev) for std::basic_string<char, std::char_traits<char>, std::allocator<char>>::~basic_string()
    locale.o(.ARM.exidx) refers to locale.o(t._ZN4__rw18__rw_locale_vectorISsED1Ev) for t._ZN4__rw18__rw_locale_vectorISsED1Ev
    locale.o(.ARM.exidx) refers to unwind_pr0.o(.text) for __aeabi_unwind_cpp_pr0
    locale.o(i._ZNSt6localeC1EPN4__rw15__rw_locale_impE) refers to locale.o(i._ZNSt6locale7_C_initEv) for std::locale::_C_init()
    locale.o(i._ZNSt6localeC1EPN4__rw15__rw_locale_impE) refers to locale.o(.data) for .data
    locale.o(.ARM.exidx) refers to locale.o(i._ZNSt6localeC1EPN4__rw15__rw_locale_impE) for i._ZNSt6localeC1EPN4__rw15__rw_locale_impE
    locale.o(.ARM.exidx) refers to unwind_pr0.o(.text) for __aeabi_unwind_cpp_pr0
    locale.o(.ARM.exidx) refers to locale.o(i._ZNKSt7codecvtIwcSt11__mbstate_tE9do_lengthERKS0_PKcS5_j) for i._ZNKSt7codecvtIwcSt11__mbstate_tE9do_lengthERKS0_PKcS5_j
    locale.o(.ARM.exidx) refers to locale.o(i._ZNKSt14codecvt_bynameIwcSt11__mbstate_tE10do_unshiftERS0_PcS3_RS3_) for i._ZNKSt14codecvt_bynameIwcSt11__mbstate_tE10do_unshiftERS0_PcS3_RS3_
    locale.o(.ARM.exidx) refers to unwind_pr0.o(.text) for __aeabi_unwind_cpp_pr0
    locale.o(i._ZNKSt14codecvt_bynameIwcSt11__mbstate_tE11do_encodingEv) refers to mbrtowc.o(.text) for mbrtowc
    locale.o(.ARM.extab) refers to arm_callunex_noexceptions.o(.text) for __cxa_call_unexpected
    locale.o(.ARM.exidx) refers to locale.o(i._ZNKSt14codecvt_bynameIwcSt11__mbstate_tE11do_encodingEv) for i._ZNKSt14codecvt_bynameIwcSt11__mbstate_tE11do_encodingEv
    locale.o(.ARM.exidx) refers to unwind_pr0.o(.text) for __aeabi_unwind_cpp_pr0
    locale.o(.ARM.exidx) refers to locale.o(.ARM.extab) for .extab._ZNKSt14codecvt_bynameIwcSt11__mbstate_tE11do_encodingEv
    locale.o(.ARM.exidx) refers to locale.o(i._ZNKSt14codecvt_bynameIwcSt11__mbstate_tE16do_always_noconvEv) for i._ZNKSt14codecvt_bynameIwcSt11__mbstate_tE16do_always_noconvEv
    locale.o(i._ZNKSt14codecvt_bynameIwcSt11__mbstate_tE13do_max_lengthEv) refers to _mbcurmax.o(.text) for __aeabi_MB_CUR_MAX
    locale.o(.ARM.exidx) refers to locale.o(i._ZNKSt14codecvt_bynameIwcSt11__mbstate_tE13do_max_lengthEv) for i._ZNKSt14codecvt_bynameIwcSt11__mbstate_tE13do_max_lengthEv
    locale.o(i._ZNSt14codecvt_bynameIwcSt11__mbstate_tED0Ev) refers to delete.o(i._ZdlPv) for operator delete (void*)
    locale.o(.ARM.exidx) refers to locale.o(i._ZNSt14codecvt_bynameIwcSt11__mbstate_tED0Ev) for i._ZNSt14codecvt_bynameIwcSt11__mbstate_tED0Ev
    locale.o(.constdata__ZTISt14codecvt_bynameIwcSt11__mbstate_tE) refers to lib_rtti_impl.o(.constdata__ZTVN10__cxxabiv120__si_class_type_infoE) for vtable for __cxxabiv1::__si_class_type_info
    locale.o(.constdata__ZTISt14codecvt_bynameIwcSt11__mbstate_tE) refers to locale.o(.constdata__ZTSSt14codecvt_bynameIwcSt11__mbstate_tE) for typeinfo name for std::codecvt_byname<wchar_t, char, std::__mbstate_t>
    locale.o(.constdata__ZTISt14codecvt_bynameIwcSt11__mbstate_tE) refers to locale.o(.constdata__ZTISt7codecvtIwcSt11__mbstate_tE) for typeinfo for std::codecvt<wchar_t, char, std::__mbstate_t>
    locale.o(.constdata__ZTISt7codecvtIwcSt11__mbstate_tE) refers to lib_rtti_impl.o(.constdata__ZTVN10__cxxabiv121__vmi_class_type_infoE) for vtable for __cxxabiv1::__vmi_class_type_info
    locale.o(.constdata__ZTISt7codecvtIwcSt11__mbstate_tE) refers to locale.o(.constdata__ZTSSt7codecvtIwcSt11__mbstate_tE) for typeinfo name for std::codecvt<wchar_t, char, std::__mbstate_t>
    locale.o(.constdata__ZTISt7codecvtIwcSt11__mbstate_tE) refers to char.o(.constdata__ZTINSt6locale5facetE) for typeinfo for std::locale::facet
    locale.o(.constdata__ZTISt7codecvtIwcSt11__mbstate_tE) refers to locale.o(.constdata__ZTISt12codecvt_base) for typeinfo for std::codecvt_base
    locale.o(.constdata__ZTISt12codecvt_base) refers to lib_rtti_impl.o(.constdata__ZTVN10__cxxabiv117__class_type_infoE) for vtable for __cxxabiv1::__class_type_info
    locale.o(.constdata__ZTISt12codecvt_base) refers to locale.o(.constdata__ZTSSt12codecvt_base) for typeinfo name for std::codecvt_base
    messages.o(i._ZSt13__rw_get_catsv) refers to cxa_guard_acquire.o(i.__cxa_guard_acquire) for __cxa_guard_acquire
    messages.o(i._ZSt13__rw_get_catsv) refers to aeabi_atexit.o(i.__aeabi_atexit) for __aeabi_atexit
    messages.o(i._ZSt13__rw_get_catsv) refers to messages.o(.data__ZZSt13__rw_get_catsvE11__open_cats) for guard variable for std::__rw_get_cats()::__open_cats
    messages.o(i._ZSt13__rw_get_catsv) refers to messages.o(t._ZN4__rw18__rw_locale_vectorISt18__rw_open_cat_dataED1Ev) for __rw::__rw_locale_vector<std::__rw_open_cat_data>::~__rw_locale_vector()
    messages.o(i._ZSt13__rw_get_catsv.clean) refers to arm_exceptions_cleanup.o(.emb_text) for __cxa_end_cleanup
    messages.o(i._ZSt13__rw_get_catsv.clean) refers to messages.o(.data__ZZSt13__rw_get_catsvE11__open_cats) for guard variable for std::__rw_get_cats()::__open_cats
    messages.o(.ARM.extab) refers to messages.o(i._ZSt13__rw_get_catsv.clean) for i._ZSt13__rw_get_catsv.clean
    messages.o(.ARM.exidx) refers to messages.o(i._ZSt13__rw_get_catsv) for i._ZSt13__rw_get_catsv
    messages.o(.ARM.exidx) refers to unwind_pr0.o(.text) for __aeabi_unwind_cpp_pr0
    messages.o(.ARM.exidx) refers to messages.o(.ARM.extab) for .extab._ZSt13__rw_get_catsv
    messages.o(.ARM.exidx) refers to messages.o(i._ZSt13__rw_get_catsv.clean) for i._ZSt13__rw_get_catsv.clean
    messages.o(i._ZNSt18__rw_open_cat_dataD1Ev) refers to locale.o(i._ZNSt6localeD1Ev) for std::locale::~locale()
    messages.o(.ARM.exidx) refers to messages.o(i._ZNSt18__rw_open_cat_dataD1Ev) for i._ZNSt18__rw_open_cat_dataD1Ev
    messages.o(.ARM.exidx) refers to unwind_pr0.o(.text) for __aeabi_unwind_cpp_pr0
    messages.o(i._ZNSt18__rw_open_cat_dataC1Ev) refers to locale.o(i._ZNSt6locale7classicEv) for std::locale::classic()
    messages.o(i._ZNSt18__rw_open_cat_dataC1Ev) refers to messages.o(i._ZNSt6localeC1ERKS_) for std::locale::locale(const std::locale&)
    messages.o(.ARM.exidx) refers to messages.o(i._ZNSt18__rw_open_cat_dataC1Ev) for i._ZNSt18__rw_open_cat_dataC1Ev
    messages.o(.ARM.exidx) refers to unwind_pr0.o(.text) for __aeabi_unwind_cpp_pr0
    messages.o(i._ZNSt18__rw_open_cat_dataaSERKS_) refers to locale.o(i._ZNSt6localeaSERKS_) for std::locale::operator =(const std::locale&)
    messages.o(.ARM.exidx) refers to messages.o(i._ZNSt18__rw_open_cat_dataaSERKS_) for i._ZNSt18__rw_open_cat_dataaSERKS_
    messages.o(t._ZN4__rw18__rw_locale_vectorISt18__rw_open_cat_dataED1Ev) refers to aeabi_vec_delete_noexceptions.o(.text) for __aeabi_vec_delete
    messages.o(t._ZN4__rw18__rw_locale_vectorISt18__rw_open_cat_dataED1Ev) refers to messages.o(i._ZNSt18__rw_open_cat_dataD1Ev) for std::__rw_open_cat_data::~__rw_open_cat_data()
    messages.o(.ARM.exidx) refers to messages.o(t._ZN4__rw18__rw_locale_vectorISt18__rw_open_cat_dataED1Ev) for t._ZN4__rw18__rw_locale_vectorISt18__rw_open_cat_dataED1Ev
    messages.o(.ARM.exidx) refers to unwind_pr0.o(.text) for __aeabi_unwind_cpp_pr0
    messages.o(.ARM.exidx) refers to messages.o(i._ZNSt6localeC1ERKS_) for i._ZNSt6localeC1ERKS_
    bad_alloc_dtor.o(.constdata__ZTVSt9bad_alloc) refers to bad_alloc_dtor.o(.constdata__ZTISt9bad_alloc) for typeinfo for std::bad_alloc
    bad_alloc_dtor.o(.constdata__ZTVSt9bad_alloc) refers to bad_alloc_dtor.o(i._ZNSt9bad_allocD1Ev) for std::bad_alloc::~bad_alloc()
    bad_alloc_dtor.o(.constdata__ZTVSt9bad_alloc) refers to bad_alloc_dtor.o(i._ZNSt9bad_allocD0Ev) for std::bad_alloc::~bad_alloc__deallocating()
    bad_alloc_dtor.o(.constdata__ZTVSt9bad_alloc) refers to bad_alloc_what.o(i._ZNKSt9bad_alloc4whatEv) for std::bad_alloc::what() const
    bad_alloc_dtor.o(.constdata__ZTISt9bad_alloc) refers to lib_rtti_impl.o(.constdata__ZTVN10__cxxabiv120__si_class_type_infoE) for vtable for __cxxabiv1::__si_class_type_info
    bad_alloc_dtor.o(.constdata__ZTISt9bad_alloc) refers to bad_alloc_dtor.o(.constdata__ZTSSt9bad_alloc) for typeinfo name for std::bad_alloc
    bad_alloc_dtor.o(.constdata__ZTISt9bad_alloc) refers to exception_dtor.o(.constdata__ZTISt9exception) for typeinfo for std::exception
    exception_dtor.o(.constdata__ZTVSt9exception) refers to exception_dtor.o(.constdata__ZTISt9exception) for typeinfo for std::exception
    exception_dtor.o(.constdata__ZTVSt9exception) refers to exception_dtor.o(i._ZNSt9exceptionD1Ev) for std::exception::~exception()
    exception_dtor.o(.constdata__ZTVSt9exception) refers to exception_dtor.o(i._ZNSt9exceptionD0Ev) for std::exception::~exception__deallocating()
    exception_dtor.o(.constdata__ZTVSt9exception) refers to exception_what.o(i._ZNKSt9exception4whatEv) for std::exception::what() const
    exception_dtor.o(.constdata__ZTISt9exception) refers to lib_rtti_impl.o(.constdata__ZTVN10__cxxabiv117__class_type_infoE) for vtable for __cxxabiv1::__class_type_info
    exception_dtor.o(.constdata__ZTISt9exception) refers to exception_dtor.o(.constdata__ZTSSt9exception) for typeinfo name for std::exception
    type_info_dtor.o(.constdata__ZTVSt9type_info) refers to type_info_dtor.o(.constdata__ZTISt9type_info) for typeinfo for std::type_info
    type_info_dtor.o(.constdata__ZTVSt9type_info) refers to type_info_dtor.o(i._ZNSt9type_infoD1Ev) for std::type_info::~type_info()
    type_info_dtor.o(.constdata__ZTVSt9type_info) refers to type_info_dtor.o(i._ZNSt9type_infoD0Ev) for std::type_info::~type_info__deallocating()
    type_info_dtor.o(.constdata__ZTISt9type_info) refers to lib_rtti_impl.o(.constdata__ZTVN10__cxxabiv117__class_type_infoE) for vtable for __cxxabiv1::__class_type_info
    type_info_dtor.o(.constdata__ZTISt9type_info) refers to type_info_dtor.o(.constdata__ZTSSt9type_info) for typeinfo name for std::type_info
    rwcats.o(t._ZN4__rw18__rw_locale_vectorIPNS_8__rw_catEED1Ev) refers to array_del.o(i._ZdaPv) for operator delete[] (void*)
    rwcats.o(.ARM.exidx) refers to rwcats.o(t._ZN4__rw18__rw_locale_vectorIPNS_8__rw_catEED1Ev) for t._ZN4__rw18__rw_locale_vectorIPNS_8__rw_catEED1Ev


==============================================================================

Removing Unused input sections from the image.

    Removing wiflyinterface.o(.emb_text), (8 bytes).
    Removing wiflyinterface.o(.text), (304 bytes).
    Removing wiflyinterface.o(.ARM.exidx), (8 bytes).
    Removing udpsocket.o(.emb_text), (8 bytes).
    Removing udpsocket.o(.text), (1008 bytes).
    Removing udpsocket.o(.ARM.exidx), (8 bytes).
    Removing endpoint.o(.emb_text), (8 bytes).
    Removing endpoint.o(.text), (152 bytes).
    Removing endpoint.o(.ARM.exidx), (8 bytes).
    Removing tcpsocketserver.o(.emb_text), (8 bytes).
    Removing tcpsocketserver.o(.text), (480 bytes).
    Removing tcpsocketserver.o(.ARM.exidx), (8 bytes).
    Removing tcpsocketconnection.o(.emb_text), (8 bytes).
    Removing tcpsocketconnection.o(.text), (512 bytes).
    Removing tcpsocketconnection.o(.ARM.exidx), (8 bytes).
    Removing socket.o(.emb_text), (8 bytes).
    Removing socket.o(.text), (156 bytes).
    Removing socket.o(.ARM.exidx), (8 bytes).
    Removing wifly.o(.emb_text), (8 bytes).
    Removing wifly.o(.text), (3308 bytes).
    Removing wifly.o(.ARM.exidx), (8 bytes).
    Removing wifly.o(.constdata), (8 bytes).
    Removing wifly.o(.data), (4 bytes).
    Removing i2c.o(.emb_text), (8 bytes).
    Removing i2c.o(.text), (560 bytes).
    Removing i2c.o(.ARM.exidx), (8 bytes).
    Removing sht15.o(.emb_text), (8 bytes).
    Removing sht15.o(.text), (876 bytes).
    Removing sht15.o(.ARM.exidx), (8 bytes).
    Removing sys.o(.ARM.exidx), (8 bytes).
    Removing cmsis_nvic.o(.rev16_text), (4 bytes).
    Removing cmsis_nvic.o(.revsh_text), (4 bytes).
    Removing cmsis_nvic.o(i.NVIC_GetVector), (16 bytes).
    Removing cmsis_nvic.o(i.NVIC_SetVector), (52 bytes).
    Removing cmsis_nvic.o(.data), (4 bytes).
    Removing system_LPC17xx.o(.rev16_text), (4 bytes).
    Removing system_LPC17xx.o(.revsh_text), (4 bytes).
    Removing system_LPC17xx.o(i.SystemCoreClockUpdate), (212 bytes).
    Removing gpio_api.o(.rev16_text), (4 bytes).
    Removing gpio_api.o(.revsh_text), (4 bytes).
    Removing gpio_api.o(i.gpio_mode), (6 bytes).
    Removing serial_api.o(.rev16_text), (4 bytes).
    Removing serial_api.o(.revsh_text), (4 bytes).
    Removing serial_api.o(i.serial_baud), (460 bytes).
    Removing serial_api.o(i.serial_clear), (8 bytes).
    Removing serial_api.o(i.serial_format), (236 bytes).
    Removing serial_api.o(i.serial_free), (16 bytes).
    Removing serial_api.o(i.serial_getc), (14 bytes).
    Removing serial_api.o(i.serial_init), (308 bytes).
    Removing serial_api.o(i.serial_irq_handler), (24 bytes).
    Removing serial_api.o(i.serial_irq_set), (180 bytes).
    Removing serial_api.o(i.serial_pinout_tx), (12 bytes).
    Removing serial_api.o(i.serial_putc), (14 bytes).
    Removing serial_api.o(i.serial_readable), (10 bytes).
    Removing serial_api.o(i.serial_writable), (10 bytes).
    Removing serial_api.o(i.uart0_irq), (16 bytes).
    Removing serial_api.o(i.uart1_irq), (16 bytes).
    Removing serial_api.o(i.uart2_irq), (16 bytes).
    Removing serial_api.o(i.uart3_irq), (16 bytes).
    Removing serial_api.o(i.uart_irq), (48 bytes).
    Removing serial_api.o(.bss), (16 bytes).
    Removing serial_api.o(.constdata), (216 bytes).
    Removing serial_api.o(.data), (16 bytes).
    Removing exit.o(.rev16_text), (4 bytes).
    Removing exit.o(.revsh_text), (4 bytes).
    Removing wait_api.o(i.wait), (32 bytes).
    Removing Serial.o(.rev16_text), (4 bytes).
    Removing Serial.o(.revsh_text), (4 bytes).
    Removing Serial.o(i.<Func1>), (6 bytes).
    Removing Serial.o(i._ZN4mbed6Serial12_irq_handlerEj9SerialIrq), (14 bytes).
    Removing Serial.o(i._ZN4mbed6Serial4baudEi), (6 bytes).
    Removing Serial.o(i._ZN4mbed6Serial5_getcEv), (6 bytes).
    Removing Serial.o(i._ZN4mbed6Serial5_putcEi), (14 bytes).
    Removing Serial.o(i._ZN4mbed6Serial6attachEPFvvENS0_7IrqTypeE), (42 bytes).
    Removing Serial.o(i._ZN4mbed6Serial6formatEiNS0_6ParityEi), (6 bytes).
    Removing Serial.o(i._ZN4mbed6Serial8readableEv), (6 bytes).
    Removing Serial.o(i._ZN4mbed6Serial9writeableEv), (6 bytes).
    Removing Serial.o(i._ZN4mbed6SerialC1E7PinNameS1_PKc), (76 bytes).
    Removing Serial.o(.ARM.exidx), (8 bytes).
    Removing Serial.o(.ARM.exidx), (8 bytes).
    Removing Serial.o(.ARM.exidx), (8 bytes).
    Removing Serial.o(.ARM.exidx), (8 bytes).
    Removing Serial.o(.ARM.exidx), (8 bytes).
    Removing Serial.o(.ARM.exidx), (8 bytes).
    Removing Serial.o(.ARM.exidx), (8 bytes).
    Removing Serial.o(.ARM.exidx), (8 bytes).
    Removing Serial.o(.ARM.exidx), (8 bytes).
    Removing Serial.o(.ARM.exidx), (8 bytes).
    Removing stdio.o(.rev16_text), (4 bytes).
    Removing stdio.o(.revsh_text), (4 bytes).
    Removing stdio.o(i._Z11init_serialv), (60 bytes).
    Removing stdio.o(i._ZN4mbed10FileHandleD0Ev), (14 bytes).
    Removing stdio.o(i._ZN4mbed10FileHandleD2Ev), (40 bytes).
    Removing stdio.o(i._sys_close), (40 bytes).
    Removing stdio.o(i._sys_ensure), (36 bytes).
    Removing stdio.o(i._sys_flen), (36 bytes).
    Removing stdio.o(i._sys_istty), (36 bytes).
    Removing stdio.o(i._sys_open), (236 bytes).
    Removing stdio.o(i._sys_read), (60 bytes).
    Removing stdio.o(i._sys_seek), (40 bytes).
    Removing stdio.o(i._sys_write), (84 bytes).
    Removing stdio.o(i.closedir), (6 bytes).
    Removing stdio.o(i.mkdir), (48 bytes).
    Removing stdio.o(i.opendir), (56 bytes).
    Removing stdio.o(i.readdir), (6 bytes).
    Removing stdio.o(i.remove), (44 bytes).
    Removing stdio.o(i.rename), (6 bytes).
    Removing stdio.o(i.rewinddir), (6 bytes).
    Removing stdio.o(i.seekdir), (6 bytes).
    Removing stdio.o(i.telldir), (6 bytes).
    Removing stdio.o(i.tmpfile), (4 bytes).
    Removing stdio.o(i.tmpnam), (4 bytes).
    Removing stdio.o(.ARM.exidx), (8 bytes).
    Removing stdio.o(.ARM.exidx), (8 bytes).
    Removing stdio.o(.ARM.exidx), (8 bytes).
    Removing stdio.o(.ARM.exidx), (8 bytes).
    Removing stdio.o(.ARM.exidx), (8 bytes).
    Removing stdio.o(.ARM.exidx), (8 bytes).
    Removing stdio.o(.ARM.exidx), (8 bytes).
    Removing stdio.o(.ARM.exidx), (8 bytes).
    Removing stdio.o(.ARM.exidx), (8 bytes).
    Removing stdio.o(.ARM.exidx), (8 bytes).
    Removing stdio.o(.ARM.exidx), (8 bytes).
    Removing stdio.o(.ARM.exidx), (8 bytes).
    Removing stdio.o(.ARM.exidx), (8 bytes).
    Removing stdio.o(.ARM.exidx), (8 bytes).
    Removing stdio.o(.ARM.exidx), (8 bytes).
    Removing stdio.o(.ARM.exidx), (8 bytes).
    Removing stdio.o(.ARM.exidx), (8 bytes).
    Removing stdio.o(.ARM.exidx), (8 bytes).
    Removing stdio.o(.ARM.exidx), (8 bytes).
    Removing stdio.o(.ARM.exidx), (8 bytes).
    Removing stdio.o(.ARM.exidx), (8 bytes).
    Removing stdio.o(.ARM.exidx), (8 bytes).
    Removing stdio.o(.ARM.exidx), (8 bytes).
    Removing stdio.o(.bss), (64 bytes).
    Removing stdio.o(.constdata), (23 bytes).
    Removing Stream.o(.rev16_text), (4 bytes).
    Removing Stream.o(.revsh_text), (4 bytes).
    Removing Stream.o(i._ZN4mbed6Stream4flenEv), (4 bytes).
    Removing Stream.o(i._ZN4mbed6Stream4getcEv), (20 bytes).
    Removing Stream.o(i._ZN4mbed6Stream4getsEPci), (28 bytes).
    Removing Stream.o(i._ZN4mbed6Stream4putcEi), (24 bytes).
    Removing Stream.o(i._ZN4mbed6Stream4putsEPKc), (24 bytes).
    Removing Stream.o(i._ZN4mbed6Stream4readEPvj), (40 bytes).
    Removing Stream.o(i._ZN4mbed6Stream5closeEv), (4 bytes).
    Removing Stream.o(i._ZN4mbed6Stream5fsyncEv), (4 bytes).
    Removing Stream.o(i._ZN4mbed6Stream5lseekEli), (4 bytes).
    Removing Stream.o(i._ZN4mbed6Stream5scanfEPKcz), (30 bytes).
    Removing Stream.o(i._ZN4mbed6Stream5writeEPKvj), (40 bytes).
    Removing Stream.o(i._ZN4mbed6Stream6isattyEv), (4 bytes).
    Removing Stream.o(i._ZN4mbed6Stream6printfEPKcz), (30 bytes).
    Removing Stream.o(i._ZN4mbed6StreamC2EPKc), (60 bytes).
    Removing Stream.o(i._ZN4mbed6StreamD0Ev), (14 bytes).
    Removing Stream.o(i._ZN4mbed6StreamD2Ev), (32 bytes).
    Removing Stream.o(i._ZThn4_N4mbed6StreamD0Ev), (6 bytes).
    Removing Stream.o(i._ZThn4_N4mbed6StreamD1Ev), (6 bytes).
    Removing Stream.o(.ARM.exidx), (8 bytes).
    Removing Stream.o(.ARM.exidx), (8 bytes).
    Removing Stream.o(.ARM.exidx), (8 bytes).
    Removing Stream.o(.ARM.exidx), (8 bytes).
    Removing Stream.o(.ARM.exidx), (8 bytes).
    Removing Stream.o(.ARM.exidx), (8 bytes).
    Removing Stream.o(.ARM.exidx), (8 bytes).
    Removing Stream.o(.ARM.exidx), (8 bytes).
    Removing Stream.o(.ARM.exidx), (8 bytes).
    Removing Stream.o(.ARM.exidx), (8 bytes).
    Removing Stream.o(.ARM.exidx), (8 bytes).
    Removing Stream.o(.ARM.exidx), (8 bytes).
    Removing Stream.o(.ARM.exidx), (8 bytes).
    Removing Stream.o(.ARM.exidx), (8 bytes).
    Removing Stream.o(.ARM.exidx), (8 bytes).
    Removing Stream.o(.ARM.exidx), (8 bytes).
    Removing Stream.o(.ARM.exidx), (8 bytes).
    Removing Stream.o(.ARM.exidx), (8 bytes).
    Removing Timer.o(.rev16_text), (4 bytes).
    Removing Timer.o(.revsh_text), (4 bytes).
    Removing Timer.o(i._ZN4mbed5Timer4readEv), (24 bytes).
    Removing Timer.o(i._ZN4mbed5Timer4stopEv), (20 bytes).
    Removing Timer.o(i._ZN4mbed5Timer5resetEv), (16 bytes).
    Removing Timer.o(i._ZN4mbed5Timer5startEv), (16 bytes).
    Removing Timer.o(i._ZN4mbed5Timer7read_msEv), (16 bytes).
    Removing Timer.o(i._ZN4mbed5Timer7read_usEv), (14 bytes).
    Removing Timer.o(i._ZN4mbed5Timer9slicetimeEv), (20 bytes).
    Removing Timer.o(i._ZN4mbed5TimerC1Ev), (12 bytes).
    Removing Timer.o(i._ZN4mbed5TimercvfEv), (4 bytes).
    Removing Timer.o(.ARM.exidx), (8 bytes).
    Removing Timer.o(.ARM.exidx), (8 bytes).
    Removing Timer.o(.ARM.exidx), (8 bytes).
    Removing Timer.o(.ARM.exidx), (8 bytes).
    Removing Timer.o(.ARM.exidx), (8 bytes).
    Removing Timer.o(.ARM.exidx), (8 bytes).
    Removing Timer.o(.ARM.exidx), (8 bytes).
    Removing Timer.o(.ARM.exidx), (8 bytes).
    Removing Timer.o(.ARM.exidx), (8 bytes).
    Removing board.o(.rev16_text), (4 bytes).
    Removing board.o(.revsh_text), (4 bytes).
    Removing pinmap.o(.rev16_text), (4 bytes).
    Removing pinmap.o(.revsh_text), (4 bytes).
    Removing us_ticker_api.o(.rev16_text), (4 bytes).
    Removing us_ticker_api.o(.revsh_text), (4 bytes).
    Removing us_ticker_api.o(i.irq_handler), (68 bytes).
    Removing us_ticker_api.o(i.us_ticker_insert_event), (60 bytes).
    Removing us_ticker_api.o(i.us_ticker_remove_event), (52 bytes).
    Removing us_ticker_api.o(i.us_ticker_set_handler), (36 bytes).
    Removing us_ticker_api.o(i.us_ticker_set_interrupt), (20 bytes).
    Removing mbed_interface.o(.rev16_text), (4 bytes).
    Removing mbed_interface.o(.revsh_text), (4 bytes).
    Removing mbed_interface.o(i.mbed_interface_disconnect), (22 bytes).
    Removing mbed_interface.o(i.mbed_interface_powerdown), (22 bytes).
    Removing mbed_interface.o(i.mbed_interface_reset), (22 bytes).
    Removing mbed_interface.o(i.mbed_interface_uid), (28 bytes).
    Removing mbed_interface.o(i.mbed_mac_address), (72 bytes).
    Removing mbed_interface.o(i.mbed_reset), (4 bytes).
    Removing mbed_interface.o(i.mbed_uid), (8 bytes).
    Removing pinmap_common.o(.rev16_text), (4 bytes).
    Removing pinmap_common.o(.revsh_text), (4 bytes).
    Removing pinmap_common.o(i.pinmap_merge), (56 bytes).
    Removing pinmap_common.o(i.pinmap_peripheral), (76 bytes).
    Removing pinmap_common.o(i.pinmap_pinout), (84 bytes).
    Removing semihost_api.o(.rev16_text), (4 bytes).
    Removing semihost_api.o(.revsh_text), (4 bytes).
    Removing semihost_api.o(i.semihost_close), (10 bytes).
    Removing semihost_api.o(i.semihost_disabledebug), (10 bytes).
    Removing semihost_api.o(i.semihost_ensure), (10 bytes).
    Removing semihost_api.o(i.semihost_flen), (10 bytes).
    Removing semihost_api.o(i.semihost_istty), (10 bytes).
    Removing semihost_api.o(i.semihost_open), (20 bytes).
    Removing semihost_api.o(i.semihost_powerdown), (10 bytes).
    Removing semihost_api.o(i.semihost_read), (14 bytes).
    Removing semihost_api.o(i.semihost_remove), (18 bytes).
    Removing semihost_api.o(i.semihost_rename), (32 bytes).
    Removing semihost_api.o(i.semihost_reset), (10 bytes).
    Removing semihost_api.o(i.semihost_seek), (14 bytes).
    Removing semihost_api.o(i.semihost_uid), (18 bytes).
    Removing semihost_api.o(i.semihost_vbus), (10 bytes).
    Removing semihost_api.o(i.semihost_write), (20 bytes).
    Removing FileLike.o(.rev16_text), (4 bytes).
    Removing FileLike.o(.revsh_text), (4 bytes).
    Removing FileLike.o(i._ZN4mbed8FileLikeC2EPKc), (32 bytes).
    Removing FileLike.o(i._ZN4mbed8FileLikeD0Ev), (14 bytes).
    Removing FileLike.o(i._ZN4mbed8FileLikeD2Ev), (18 bytes).
    Removing FileLike.o(i._ZThn4_N4mbed8FileLikeD0Ev), (6 bytes).
    Removing FileLike.o(i._ZThn4_N4mbed8FileLikeD1Ev), (6 bytes).
    Removing FileLike.o(.ARM.exidx), (8 bytes).
    Removing FileLike.o(.ARM.exidx), (8 bytes).
    Removing FileLike.o(.ARM.exidx), (8 bytes).
    Removing FileLike.o(.ARM.exidx), (8 bytes).
    Removing FileLike.o(.ARM.exidx), (8 bytes).
    Removing FilePath.o(.rev16_text), (4 bytes).
    Removing FilePath.o(.revsh_text), (4 bytes).
    Removing FilePath.o(i._ZN4mbed8FilePath10fileSystemEv), (16 bytes).
    Removing FilePath.o(i._ZN4mbed8FilePath12isFileSystemEv), (16 bytes).
    Removing FilePath.o(i._ZN4mbed8FilePath4fileEv), (22 bytes).
    Removing FilePath.o(i._ZN4mbed8FilePath6isFileEv), (18 bytes).
    Removing FilePath.o(i._ZN4mbed8FilePath8fileNameEv), (4 bytes).
    Removing FilePath.o(i._ZN4mbed8FilePathC1EPKc), (72 bytes).
    Removing FilePath.o(.ARM.exidx), (8 bytes).
    Removing FilePath.o(.ARM.exidx), (8 bytes).
    Removing FilePath.o(.ARM.exidx), (8 bytes).
    Removing FilePath.o(.ARM.exidx), (8 bytes).
    Removing FilePath.o(.ARM.exidx), (8 bytes).
    Removing FilePath.o(.ARM.exidx), (8 bytes).
    Removing FileSystemLike.o(.rev16_text), (4 bytes).
    Removing FileSystemLike.o(.revsh_text), (4 bytes).
    Removing FileSystemLike.o(i._ZN4mbed14FileSystemLike7opendirEv), (24 bytes).
    Removing FileSystemLike.o(i._ZN4mbed14FileSystemLikeC2EPKc), (20 bytes).
    Removing FileSystemLike.o(i._ZN4mbed14FileSystemLikeD0Ev), (14 bytes).
    Removing FileSystemLike.o(i._ZN4mbed14FileSystemLikeD2Ev), (4 bytes).
    Removing FileSystemLike.o(.ARM.exidx), (8 bytes).
    Removing FileSystemLike.o(.ARM.exidx), (8 bytes).
    Removing FileSystemLike.o(.ARM.exidx), (8 bytes).
    Removing FileSystemLike.o(.ARM.exidx), (8 bytes).
    Removing FunctionPointer.o(i._ZN4mbed15FunctionPointer4callEv), (24 bytes).
    Removing FunctionPointer.o(i._ZN4mbed15FunctionPointer6attachEPFvvE), (8 bytes).
    Removing FunctionPointer.o(i._ZN4mbed15FunctionPointerC1EPFvvE), (8 bytes).
    Removing FunctionPointer.o(.ARM.exidx), (8 bytes).
    Removing FunctionPointer.o(.ARM.exidx), (8 bytes).
    Removing FunctionPointer.o(.ARM.exidx), (8 bytes).
    Removing semihost.o(.rev16_text), (4 bytes).
    Removing semihost.o(.revsh_text), (4 bytes).
    Removing FileBase.o(.rev16_text), (4 bytes).
    Removing FileBase.o(.revsh_text), (4 bytes).
    Removing FileBase.o(i._ZN4mbed8FileBase11getPathTypeEv), (4 bytes).
    Removing FileBase.o(i._ZN4mbed8FileBase3getEi), (28 bytes).
    Removing FileBase.o(i._ZN4mbed8FileBase6lookupEPKcj), (56 bytes).
    Removing FileBase.o(i._ZN4mbed8FileBase7getNameEv), (4 bytes).
    Removing FileBase.o(i._ZN4mbed8FileBaseC1EPKcNS_8PathTypeE), (36 bytes).
    Removing FileBase.o(i._ZN4mbed8FileBaseD0Ev), (14 bytes).
    Removing FileBase.o(i._ZN4mbed8FileBaseD1Ev), (48 bytes).
    Removing FileBase.o(.ARM.exidx), (8 bytes).
    Removing FileBase.o(.ARM.exidx), (8 bytes).
    Removing FileBase.o(.ARM.exidx), (8 bytes).
    Removing FileBase.o(.ARM.exidx), (8 bytes).
    Removing FileBase.o(.ARM.exidx), (8 bytes).
    Removing FileBase.o(.ARM.exidx), (8 bytes).
    Removing FileBase.o(.ARM.exidx), (8 bytes).
    Removing FileBase.o(.data), (4 bytes).
    Removing rwalloc.o(i._ZN4__rw13__rw_allocateEji), (32 bytes).
    Removing rwalloc.o(i._ZN4__rw15__rw_deallocateEPvji), (4 bytes).
    Removing rwalloc.o(.ARM.exidx), (8 bytes).
    Removing rwalloc.o(.ARM.exidx), (8 bytes).
    Removing rwalloc.o(.ARM.extab), (20 bytes).
    Removing rwstdexcept.o(i._ZN4__rw10__rw_throwEiz), (92 bytes).
    Removing rwstdexcept.o(i._ZN4__rw13__rw_vfmatstrEPcjPKcSt9__va_list), (86 bytes).
    Removing rwstdexcept.o(i._ZN4__rw13__rw_vfmatstrEPcjiSt9__va_list), (364 bytes).
    Removing rwstdexcept.o(i._ZN4__rw13__rw_vfmatstrEPcjiSt9__va_list.clean), (52 bytes).
    Removing rwstdexcept.o(i._ZN4__rw16__rw_assert_failEPKcS1_iS1_), (112 bytes).
    Removing rwstdexcept.o(i._ZNSt14__rw_exception10_C_vformatEPKcSt9__va_list), (94 bytes).
    Removing rwstdexcept.o(i._ZNSt14__rw_exception10_C_vformatEiSt9__va_list), (132 bytes).
    Removing rwstdexcept.o(i._ZNSt14__rw_exception9_C_assignEPKcj), (74 bytes).
    Removing rwstdexcept.o(i._ZNSt14__rw_exceptionC1ERKSs), (40 bytes).
    Removing rwstdexcept.o(.ARM.exidx), (8 bytes).
    Removing rwstdexcept.o(.ARM.exidx), (8 bytes).
    Removing rwstdexcept.o(.ARM.exidx), (8 bytes).
    Removing rwstdexcept.o(.ARM.exidx), (8 bytes).
    Removing rwstdexcept.o(.ARM.exidx), (8 bytes).
    Removing rwstdexcept.o(.ARM.exidx), (8 bytes).
    Removing rwstdexcept.o(.ARM.exidx), (8 bytes).
    Removing rwstdexcept.o(.ARM.exidx), (8 bytes).
    Removing rwstdexcept.o(.ARM.exidx), (8 bytes).
    Removing rwstdexcept.o(.ARM.extab), (96 bytes).
    Removing rwstdexcept.o(.ARM.extab), (28 bytes).
    Removing rwstdexcept.o(.ARM.extab), (28 bytes).
    Removing rwstdexcept.o(.ARM.extab), (28 bytes).
    Removing rwstdexcept.o(.bss), (24 bytes).
    Removing rwstdexcept.o(.constdata), (92 bytes).
    Removing rwstdexcept.o(.conststring), (592 bytes).
    Removing rwstdexcept.o(.data), (23 bytes).
    Removing rwstdexcept.o(.data), (1 bytes).
    Removing char.o(i._ZNKSt14collate_bynameIcE10do_compareEPKcS2_S2_S2_), (148 bytes).
    Removing char.o(i._ZNKSt14collate_bynameIcE10do_compareEPKcS2_S2_S2_.clean), (10 bytes).
    Removing char.o(i._ZNKSt14collate_bynameIcE12do_transformEPKcS2_), (122 bytes).
    Removing char.o(i._ZNKSt14collate_bynameIcE12do_transformEPKcS2_.clean), (16 bytes).
    Removing char.o(i._ZNSt12ctype_bynameIcE17_C_get_mask_tableEPKc), (204 bytes).
    Removing char.o(i._ZNSt12ctype_bynameIcE17_C_get_mask_tableEPKc.clean), (4 bytes).
    Removing char.o(i._ZNSt12ctype_bynameIcEC1EPKcj), (288 bytes).
    Removing char.o(i._ZNSt12ctype_bynameIcEC1EPKcj.clean), (16 bytes).
    Removing char.o(i._ZNSt5ctypeIcE12_C_initfacetERKSt6locale), (250 bytes).
    Removing char.o(i._ZNSt5ctypeIcE12_C_initfacetERKSt6locale.clean), (18 bytes).
    Removing char.o(i._ZNSt5ctypeIcEC1EPKNSt10ctype_base4maskEbj), (280 bytes).
    Removing char.o(i._ZNSt5ctypeIcEC1EPKNSt10ctype_base4maskEbj.clean), (10 bytes).
    Removing char.o(i.__sti___8_char_cpp), (16 bytes).
    Removing char.o(.ARM.exidx), (8 bytes).
    Removing char.o(.ARM.exidx), (8 bytes).
    Removing char.o(.ARM.exidx), (8 bytes).
    Removing char.o(.ARM.exidx), (8 bytes).
    Removing char.o(.ARM.exidx), (8 bytes).
    Removing char.o(.ARM.exidx), (8 bytes).
    Removing char.o(.ARM.exidx), (8 bytes).
    Removing char.o(.ARM.exidx), (8 bytes).
    Removing char.o(.ARM.exidx), (8 bytes).
    Removing char.o(.ARM.exidx), (8 bytes).
    Removing char.o(.ARM.exidx), (8 bytes).
    Removing char.o(.ARM.exidx), (8 bytes).
    Removing char.o(.ARM.exidx), (8 bytes).
    Removing char.o(.ARM.extab), (24 bytes).
    Removing char.o(.ARM.extab), (16 bytes).
    Removing char.o(.ARM.extab), (32 bytes).
    Removing char.o(.ARM.extab), (16 bytes).
    Removing char.o(.ARM.extab), (24 bytes).
    Removing char.o(.constdata), (4 bytes).
    Removing char.o(.constdata), (512 bytes).
    Removing char.o(.data), (8 bytes).
    Removing char.o(.init_array), (4 bytes).
    Removing locale.o(i.<Func5>), (20 bytes).
    Removing locale.o(i._ZN4__rw21__rw_use_c_lib_localeC1EPKci), (58 bytes).
    Removing locale.o(i._ZN4__rw23__rw_numpunct_impl_base18_C_get_named_init_EPKc), (148 bytes).
    Removing locale.o(i._ZN4__rw23__rw_numpunct_impl_base18_C_get_named_init_EPKc.clean), (10 bytes).
    Removing locale.o(i._ZNKSt14codecvt_bynameIwcSt11__mbstate_tE5do_inERS0_PKcS4_RS4_PwS6_RS6_), (84 bytes).
    Removing locale.o(i._ZNKSt14codecvt_bynameIwcSt11__mbstate_tE6do_outERS0_PKwS4_RS4_PcS6_RS6_), (100 bytes).
    Removing locale.o(i._ZNKSt6locale13_C_make_facetERKNS_2idEbiPFPN4__rw15__rw_facet_baseEiPKcjE), (256 bytes).
    Removing locale.o(i._ZNKSt6locale13_C_make_facetERKNS_2idEbiPFPN4__rw15__rw_facet_baseEiPKcjE.clean), (10 bytes).
    Removing locale.o(i._ZNKSt6locale16_C_install_facetEPN4__rw15__rw_facet_baseERKNS_2idE), (116 bytes).
    Removing locale.o(i._ZNKSt6locale4nameEv), (48 bytes).
    Removing locale.o(i._ZNSt6locale6globalERKS_), (112 bytes).
    Removing locale.o(i._ZNSt6locale6globalERKS_.clean), (10 bytes).
    Removing locale.o(i._ZNSt6locale7_C_initEv), (132 bytes).
    Removing locale.o(i._ZNSt6locale7_C_initEv.clean), (26 bytes).
    Removing locale.o(i._ZNSt6locale7classicEv), (68 bytes).
    Removing locale.o(i._ZNSt6locale7classicEv.clean), (16 bytes).
    Removing locale.o(i._ZNSt6localeC1EPKc), (164 bytes).
    Removing locale.o(i._ZNSt6localeC1EPKc.clean), (10 bytes).
    Removing locale.o(i._ZNSt6localeC1ERKS_PKci), (184 bytes).
    Removing locale.o(i._ZNSt6localeC1ERKS_PKci.clean), (18 bytes).
    Removing locale.o(i._ZNSt6localeC1ERKS_S1_i), (206 bytes).
    Removing locale.o(i._ZNSt6localeC1ERKS_S1_i.clean), (10 bytes).
    Removing locale.o(i._ZNSt6localeaSERKS_), (50 bytes).
    Removing locale.o(i.__sti___10_locale_cpp), (16 bytes).
    Removing locale.o(.ARM.exidx), (8 bytes).
    Removing locale.o(.ARM.exidx), (8 bytes).
    Removing locale.o(.ARM.exidx), (8 bytes).
    Removing locale.o(.ARM.exidx), (8 bytes).
    Removing locale.o(.ARM.exidx), (8 bytes).
    Removing locale.o(.ARM.exidx), (8 bytes).
    Removing locale.o(.ARM.exidx), (8 bytes).
    Removing locale.o(.ARM.exidx), (8 bytes).
    Removing locale.o(.ARM.exidx), (8 bytes).
    Removing locale.o(.ARM.exidx), (8 bytes).
    Removing locale.o(.ARM.exidx), (8 bytes).
    Removing locale.o(.ARM.exidx), (8 bytes).
    Removing locale.o(.ARM.exidx), (8 bytes).
    Removing locale.o(.ARM.exidx), (8 bytes).
    Removing locale.o(.ARM.exidx), (8 bytes).
    Removing locale.o(.ARM.exidx), (8 bytes).
    Removing locale.o(.ARM.exidx), (8 bytes).
    Removing locale.o(.ARM.exidx), (8 bytes).
    Removing locale.o(.ARM.exidx), (8 bytes).
    Removing locale.o(.ARM.exidx), (8 bytes).
    Removing locale.o(.ARM.exidx), (8 bytes).
    Removing locale.o(.ARM.exidx), (8 bytes).
    Removing locale.o(.ARM.exidx), (8 bytes).
    Removing locale.o(.ARM.exidx), (8 bytes).
    Removing locale.o(.ARM.extab), (44 bytes).
    Removing locale.o(.ARM.extab), (16 bytes).
    Removing locale.o(.ARM.extab), (24 bytes).
    Removing locale.o(.ARM.extab), (16 bytes).
    Removing locale.o(.ARM.extab), (16 bytes).
    Removing locale.o(.ARM.extab), (16 bytes).
    Removing locale.o(.ARM.extab), (16 bytes).
    Removing locale.o(.ARM.extab), (16 bytes).
    Removing locale.o(.ARM.extab), (16 bytes).
    Removing locale.o(.constdata), (4 bytes).
    Removing locale.o(.constdata), (4 bytes).
    Removing locale.o(.constdata), (4 bytes).
    Removing locale.o(.constdata), (4 bytes).
    Removing locale.o(.constdata), (4 bytes).
    Removing locale.o(.constdata), (4 bytes).
    Removing locale.o(.constdata), (4 bytes).
    Removing locale.o(.constdata), (4 bytes).
    Removing locale.o(.constdata), (7 bytes).
    Removing locale.o(.constdata), (22 bytes).
    Removing locale.o(.constdata), (22 bytes).
    Removing locale.o(.data), (28 bytes).
    Removing locale.o(.init_array), (4 bytes).
    Removing messages.o(i._ZNKSt18__rw_messages_base11_C_cat_openERKSsRKSt6locale), (220 bytes).
    Removing messages.o(i._ZNKSt18__rw_messages_base11_C_cat_openERKSsRKSt6locale.clean), (18 bytes).
    Removing messages.o(i._ZNKSt18__rw_messages_base12_C_cat_closeEi), (64 bytes).
    Removing messages.o(i._ZNKSt18__rw_messages_base13_C_get_localeEi), (32 bytes).
    Removing messages.o(i._ZNKSt18__rw_messages_base14_C_get_messageEiii), (52 bytes).
    Removing messages.o(i._ZNSt18__rw_messages_base18_C_get_locale_nameEPKc), (88 bytes).
    Removing messages.o(i._ZNSt18__rw_messages_base18_C_get_locale_nameEPKc.clean), (10 bytes).
    Removing messages.o(.ARM.exidx), (8 bytes).
    Removing messages.o(.ARM.exidx), (8 bytes).
    Removing messages.o(.ARM.exidx), (8 bytes).
    Removing messages.o(.ARM.exidx), (8 bytes).
    Removing messages.o(.ARM.exidx), (8 bytes).
    Removing messages.o(.ARM.exidx), (8 bytes).
    Removing messages.o(.ARM.exidx), (8 bytes).
    Removing messages.o(.ARM.extab), (40 bytes).
    Removing messages.o(.ARM.extab), (16 bytes).
    Removing rwthrowproc_noex.o(.data), (4 bytes).
    Removing rwcats.o(i._Z7catgetsPN4__rw8__rw_catEiiPKc), (32 bytes).
    Removing rwcats.o(i._Z7catopenPKci), (34 bytes).
    Removing rwcats.o(i._Z7catopenPKci.clean), (4 bytes).
    Removing rwcats.o(i._Z8catclosePN4__rw8__rw_catE), (80 bytes).
    Removing rwcats.o(i._ZN4__rw9__catfindEPNS_8__rw_catE), (44 bytes).
    Removing rwcats.o(i.__sti___10_rwcats_cpp), (52 bytes).
    Removing rwcats.o(.ARM.exidx), (8 bytes).
    Removing rwcats.o(.ARM.exidx), (8 bytes).
    Removing rwcats.o(.ARM.exidx), (8 bytes).
    Removing rwcats.o(.ARM.exidx), (8 bytes).
    Removing rwcats.o(.ARM.exidx), (8 bytes).
    Removing rwcats.o(.ARM.exidx), (8 bytes).
    Removing rwcats.o(.ARM.extab), (20 bytes).
    Removing rwcats.o(.ARM.extab), (20 bytes).
    Removing rwcats.o(.data), (8 bytes).
    Removing rwcats.o(.init_array), (4 bytes).
    Removing rwthrowproc_impl_noex.o(i._ZN4__rw25__rw_throw_exception_noexEiPc), (152 bytes).
    Removing rwthrowproc_impl_noex.o(.ARM.exidx), (8 bytes).
    Removing vendor.o(i._ZN4__rw15__rw_locale_imp13_C_parse_nameERNS_18__rw_locale_vectorISsEEPKc), (208 bytes).
    Removing vendor.o(i._ZN4__rw15__rw_locale_imp13_C_parse_nameERNS_18__rw_locale_vectorISsEEPKc.clean), (10 bytes).
    Removing vendor.o(i._ZN4__rw15__rw_locale_imp15_C_map_categoryEi), (60 bytes).
    Removing vendor.o(i._ZN4__rw22__rw_digit_reader_base10_C_reallocERPcS1_Rj), (84 bytes).
    Removing vendor.o(i._ZN4__rw22__rw_digit_reader_base10_C_reallocERPcS1_Rj.clean), (8 bytes).
    Removing vendor.o(i._ZN4__rw22__rw_digit_reader_base14_C_parse_floatEPKcS2_Pv), (368 bytes).
    Removing vendor.o(i._ZN4__rw22__rw_digit_reader_base16_C_parse_decimalEPKcS2_), (88 bytes).
    Removing vendor.o(i._ZN4__rw22__rw_digit_reader_base8_C_parseEPKcPv), (124 bytes).
    Removing vendor.o(i._ZN4__rw22__rw_digit_reader_base8_C_parseEPKcm), (222 bytes).
    Removing vendor.o(i._ZN4__rw22__rw_digit_reader_base8_C_parseEPKcy), (172 bytes).
    Removing vendor.o(i._ZN4__rw22__rw_digit_writer_base11_C_digitizeEPKv), (124 bytes).
    Removing vendor.o(i._ZN4__rw22__rw_digit_writer_base11_C_digitizeEd), (244 bytes).
    Removing vendor.o(i._ZN4__rw22__rw_digit_writer_base11_C_digitizeEe), (244 bytes).
    Removing vendor.o(i._ZN4__rw22__rw_digit_writer_base11_C_digitizeEmbPKc), (72 bytes).
    Removing vendor.o(i._ZN4__rw22__rw_digit_writer_base11_C_digitizeEyb), (88 bytes).
    Removing vendor.o(i._ZN4__rw22__rw_digit_writer_base12_C_to_binaryEm), (64 bytes).
    Removing vendor.o(i._ZN4__rw22__rw_digit_writer_base12_C_to_binaryEy), (124 bytes).
    Removing vendor.o(i._ZN4__rw22__rw_digit_writer_base14_C_calc_groupsEiPKc), (74 bytes).
    Removing vendor.o(i._ZN4__rw22__rw_digit_writer_base14_C_get_patternEPcPKcb), (104 bytes).
    Removing vendor.o(i._ZN4__rw22__rw_digit_writer_base16_C_get_f_patternEPcc), (120 bytes).
    Removing vendor.o(.ARM.exidx), (8 bytes).
    Removing vendor.o(.ARM.exidx), (8 bytes).
    Removing vendor.o(.ARM.exidx), (8 bytes).
    Removing vendor.o(.ARM.exidx), (8 bytes).
    Removing vendor.o(.ARM.exidx), (8 bytes).
    Removing vendor.o(.ARM.exidx), (8 bytes).
    Removing vendor.o(.ARM.exidx), (8 bytes).
    Removing vendor.o(.ARM.exidx), (8 bytes).
    Removing vendor.o(.ARM.exidx), (8 bytes).
    Removing vendor.o(.ARM.exidx), (8 bytes).
    Removing vendor.o(.ARM.exidx), (8 bytes).
    Removing vendor.o(.ARM.exidx), (8 bytes).
    Removing vendor.o(.ARM.exidx), (8 bytes).
    Removing vendor.o(.ARM.exidx), (8 bytes).
    Removing vendor.o(.ARM.exidx), (8 bytes).
    Removing vendor.o(.ARM.exidx), (8 bytes).
    Removing vendor.o(.ARM.exidx), (8 bytes).
    Removing vendor.o(.ARM.exidx), (8 bytes).
    Removing vendor.o(.ARM.exidx), (8 bytes).
    Removing vendor.o(.ARM.exidx), (8 bytes).
    Removing vendor.o(.ARM.extab), (16 bytes).
    Removing vendor.o(.ARM.extab), (28 bytes).
    Removing vendor.o(.data), (8 bytes).
    Removing wiflyinterface.o(i._ZSt6strstrPcPKc), (16 bytes).
    Removing wiflyinterface.o(.ARM.exidx), (8 bytes).
    Removing udpsocket.o(t._ZNKSs6substrEjj), (96 bytes).
    Removing udpsocket.o(.ARM.exidx), (8 bytes).
    Removing udpsocket.o(t._ZNKSs4findEPKcj), (58 bytes).
    Removing udpsocket.o(.ARM.exidx), (8 bytes).
    Removing udpsocket.o(t._ZNKSs7_C_prefEv), (8 bytes).
    Removing udpsocket.o(.ARM.exidx), (8 bytes).
    Removing udpsocket.o(t._ZNKSs8capacityEv), (16 bytes).
    Removing udpsocket.o(.ARM.exidx), (8 bytes).
    Removing udpsocket.o(t._ZNK4__rw12__string_refIcSt11char_traitsIcESaIcEE12_C_ref_countEv), (8 bytes).
    Removing udpsocket.o(.ARM.exidx), (8 bytes).
    Removing udpsocket.o(t._ZN4__rw12__string_refIcSt11char_traitsIcESaIcEE4dataEv), (8 bytes).
    Removing udpsocket.o(.ARM.exidx), (8 bytes).
    Removing udpsocket.o(t._ZNSs7_C_nullEv), (12 bytes).
    Removing udpsocket.o(.ARM.exidx), (8 bytes).
    Removing udpsocket.o(t._ZNKSs4dataEv), (6 bytes).
    Removing udpsocket.o(.ARM.exidx), (8 bytes).
    Removing udpsocket.o(t._ZSt3maxIjERKT_S2_S2_), (18 bytes).
    Removing udpsocket.o(.ARM.exidx), (8 bytes).
    Removing udpsocket.o(t._ZNKSs4sizeEv), (14 bytes).
    Removing udpsocket.o(.ARM.exidx), (8 bytes).
    Removing udpsocket.o(i._ZNSt11char_traitsIcE6assignERcRKc), (6 bytes).
    Removing udpsocket.o(.ARM.exidx), (8 bytes).
    Removing udpsocket.o(i._ZNSt11char_traitsIcE4moveEPcPKcj), (22 bytes).
    Removing udpsocket.o(.ARM.exidx), (8 bytes).
    Removing tcpsocketserver.o(i._ZNSt11char_traitsIcE6assignEPcjc), (22 bytes).
    Removing tcpsocketserver.o(.ARM.exidx), (8 bytes).
    Removing tcpsocketconnection.o(t._ZSt3minIiERKT_S2_S2_), (18 bytes).
    Removing tcpsocketconnection.o(.ARM.exidx), (8 bytes).
    Removing wifly.o(t._ZNSs7replaceEjjjc), (440 bytes).
    Removing wifly.o(.ARM.exidx), (8 bytes).
    Removing wifly.o(i._ZN4mbed10DigitalOutaSEi), (26 bytes).
    Removing wifly.o(.ARM.exidx), (8 bytes).
    Removing wifly.o(t._ZN10CircBufferIcE9availableEv), (30 bytes).
    Removing wifly.o(.ARM.exidx), (8 bytes).
    Removing wifly.o(t._ZN4mbed6Serial6attachI5WiflyEEvPT_MS3_FvvENS0_7IrqTypeE), (112 bytes).
    Removing wifly.o(.ARM.exidx), (8 bytes).
    Removing wifly.o(t._ZNSs8_C_cloneEj), (96 bytes).
    Removing wifly.o(.ARM.exidx), (8 bytes).
    Removing wifly.o(t._ZN10CircBufferIcE5queueEc), (78 bytes).
    Removing wifly.o(.ARM.exidx), (8 bytes).
    Removing wifly.o(t._ZN4mbed15FunctionPointer12membercallerI5WiflyEEvPvPc), (78 bytes).
    Removing wifly.o(.ARM.exidx), (8 bytes).
    Removing i2c.o(i._ZN4mbed12DigitalInOutaSEi), (26 bytes).
    Removing i2c.o(.ARM.exidx), (8 bytes).
    Removing i2c.o(i._ZN4mbed12DigitalInOutcviEv), (26 bytes).
    Removing i2c.o(.ARM.exidx), (8 bytes).
    Removing i2c.o(i._ZN4mbed12DigitalInOutC1E7PinName), (20 bytes).
    Removing i2c.o(.ARM.exidx), (8 bytes).
    Removing i2c.o(i._ZN4mbed12DigitalInOut6outputEv), (14 bytes).
    Removing i2c.o(.ARM.exidx), (8 bytes).
    Removing sht15.o(i._ZN4SHTx5SHT1512coefficientsC1Ev), (120 bytes).
    Removing sht15.o(.ARM.exidx), (8 bytes).
    Removing Serial.o(.constdata__ZTVN4mbed6SerialE), (68 bytes).
    Removing Serial.o(i._ZN4mbed6SerialD1Ev), (4 bytes).
    Removing Serial.o(.ARM.exidx), (8 bytes).
    Removing Serial.o(i._ZN4mbed6SerialD0Ev), (14 bytes).
    Removing Serial.o(.ARM.exidx), (8 bytes).
    Removing Serial.o(i._ZThn4_N4mbed6SerialD0Ev), (10 bytes).
    Removing Serial.o(.ARM.exidx), (8 bytes).
    Removing Serial.o(i._ZThn4_N4mbed6SerialD1Ev), (6 bytes).
    Removing Serial.o(.ARM.exidx), (8 bytes).
    Removing Serial.o(.constdata__ZTIN4mbed6SerialE), (12 bytes).
    Removing Serial.o(.constdata__ZTSN4mbed6SerialE), (15 bytes).
    Removing stdio.o(.constdata__ZTVN4mbed10FileHandleE), (44 bytes).
    Removing stdio.o(i._ZN4mbed10FileHandle4flenEv), (58 bytes).
    Removing stdio.o(.ARM.exidx), (8 bytes).
    Removing stdio.o(.constdata__ZTIN4mbed10FileHandleE), (8 bytes).
    Removing stdio.o(.constdata__ZTSN4mbed10FileHandleE), (20 bytes).
    Removing Stream.o(.constdata__ZTVN4mbed6StreamE), (68 bytes).
    Removing Stream.o(.constdata__ZTIN4mbed6StreamE), (12 bytes).
    Removing Stream.o(.constdata__ZTSN4mbed6StreamE), (15 bytes).
    Removing FileLike.o(.constdata__ZTVN4mbed8FileLikeE), (60 bytes).
    Removing FileLike.o(.constdata__ZTIN4mbed8FileLikeE), (32 bytes).
    Removing FileLike.o(.constdata__ZTSN4mbed8FileLikeE), (17 bytes).
    Removing FileSystemLike.o(.constdata__ZTVN4mbed14FileSystemLikeE), (36 bytes).
    Removing FileSystemLike.o(i._ZN4mbed14FileSystemLike6removeEPKc), (6 bytes).
    Removing FileSystemLike.o(.ARM.exidx), (8 bytes).
    Removing FileSystemLike.o(i._ZN4mbed14FileSystemLike6renameEPKcS2_), (6 bytes).
    Removing FileSystemLike.o(.ARM.exidx), (8 bytes).
    Removing FileSystemLike.o(i._ZN4mbed14FileSystemLike7opendirEPKc), (4 bytes).
    Removing FileSystemLike.o(.ARM.exidx), (8 bytes).
    Removing FileSystemLike.o(i._ZN4mbed14FileSystemLike5mkdirEPKci), (6 bytes).
    Removing FileSystemLike.o(.ARM.exidx), (8 bytes).
    Removing FileSystemLike.o(.constdata__ZTVN4mbed13BaseDirHandleE), (36 bytes).
    Removing FileSystemLike.o(.constdata__ZTIN4mbed14FileSystemLikeE), (12 bytes).
    Removing FileSystemLike.o(.constdata__ZTIN4mbed13BaseDirHandleE), (12 bytes).
    Removing FileSystemLike.o(.constdata__ZTSN4mbed14FileSystemLikeE), (24 bytes).
    Removing FileSystemLike.o(.constdata__ZTIN4mbed9DirHandleE), (8 bytes).
    Removing FileSystemLike.o(.constdata__ZTSN4mbed13BaseDirHandleE), (23 bytes).
    Removing FileSystemLike.o(.constdata__ZTSN4mbed9DirHandleE), (18 bytes).
    Removing FileSystemLike.o(i._ZN4mbed13BaseDirHandle8closedirEv), (12 bytes).
    Removing FileSystemLike.o(.ARM.exidx), (8 bytes).
    Removing FileSystemLike.o(i._ZN4mbed13BaseDirHandle7readdirEv), (42 bytes).
    Removing FileSystemLike.o(.ARM.exidx), (8 bytes).
    Removing FileSystemLike.o(i._ZN4mbed13BaseDirHandle7telldirEv), (4 bytes).
    Removing FileSystemLike.o(.ARM.exidx), (8 bytes).
    Removing FileSystemLike.o(i._ZN4mbed13BaseDirHandle7seekdirEl), (4 bytes).
    Removing FileSystemLike.o(.ARM.exidx), (8 bytes).
    Removing FileSystemLike.o(i._ZN4mbed13BaseDirHandle9rewinddirEv), (6 bytes).
    Removing FileSystemLike.o(.ARM.exidx), (8 bytes).
    Removing FileSystemLike.o(i._ZN4mbed13BaseDirHandleD1Ev), (2 bytes).
    Removing FileSystemLike.o(.ARM.exidx), (8 bytes).
    Removing FileSystemLike.o(i._ZN4mbed13BaseDirHandleD0Ev), (4 bytes).
    Removing FileSystemLike.o(.ARM.exidx), (8 bytes).
    Removing FileBase.o(.constdata__ZTVN4mbed8FileBaseE), (16 bytes).
    Removing FileBase.o(.constdata__ZTIN4mbed8FileBaseE), (8 bytes).
    Removing FileBase.o(.constdata__ZTSN4mbed8FileBaseE), (17 bytes).
    Removing rwstdexcept.o(.constdata__ZTVSt8messagesIcE), (32 bytes).
    Removing rwstdexcept.o(t._ZNKSt8messagesIcE6do_getEiiiRKSs), (136 bytes).
    Removing rwstdexcept.o(t._ZNKSt8messagesIcE6do_getEiiiRKSs.clean), (10 bytes).
    Removing rwstdexcept.o(.ARM.extab), (16 bytes).
    Removing rwstdexcept.o(.ARM.exidx), (8 bytes).
    Removing rwstdexcept.o(.ARM.exidx), (8 bytes).
    Removing rwstdexcept.o(i._ZNSt8messagesIcED1Ev), (14 bytes).
    Removing rwstdexcept.o(i._ZNSt8messagesIcED1Ev.clean), (10 bytes).
    Removing rwstdexcept.o(.ARM.extab), (16 bytes).
    Removing rwstdexcept.o(.ARM.exidx), (8 bytes).
    Removing rwstdexcept.o(.ARM.exidx), (8 bytes).
    Removing rwstdexcept.o(i._ZdlPvS_), (2 bytes).
    Removing rwstdexcept.o(.ARM.exidx), (8 bytes).
    Removing rwstdexcept.o(i._ZNSt6localeC1Ev), (32 bytes).
    Removing rwstdexcept.o(.ARM.extab), (16 bytes).
    Removing rwstdexcept.o(.ARM.exidx), (8 bytes).
    Removing rwstdexcept.o(i._ZNSt14__rw_exceptionC1Ev), (20 bytes).
    Removing rwstdexcept.o(.ARM.exidx), (8 bytes).
    Removing rwstdexcept.o(t._ZNKSt8messagesIcE7do_openERKSsRKSt6locale), (6 bytes).
    Removing rwstdexcept.o(.ARM.exidx), (8 bytes).
    Removing rwstdexcept.o(t._ZN4__rw16__rw_facet_makerISt5ctypeIcEE13_C_maker_funcEiPKcj), (70 bytes).
    Removing rwstdexcept.o(t._ZN4__rw16__rw_facet_makerISt5ctypeIcEE13_C_maker_funcEiPKcj.clean), (16 bytes).
    Removing rwstdexcept.o(.ARM.extab), (32 bytes).
    Removing rwstdexcept.o(.ARM.exidx), (8 bytes).
    Removing rwstdexcept.o(.ARM.exidx), (8 bytes).
    Removing rwstdexcept.o(t._ZNKSt8messagesIcE8do_closeEi), (6 bytes).
    Removing rwstdexcept.o(.ARM.exidx), (8 bytes).
    Removing rwstdexcept.o(i._ZNSt8messagesIcED0Ev), (14 bytes).
    Removing rwstdexcept.o(.ARM.exidx), (8 bytes).
    Removing rwstdexcept.o(.constdata__ZTVNSt6locale5facetE), (20 bytes).
    Removing rwstdexcept.o(.constdata__ZTVSt14__rw_exception), (20 bytes).
    Removing rwstdexcept.o(.constdata__ZTISt8messagesIcE), (32 bytes).
    Removing rwstdexcept.o(.constdata__ZTISt14__rw_exception), (12 bytes).
    Removing rwstdexcept.o(.constdata__ZTISt18__rw_messages_base), (12 bytes).
    Removing rwstdexcept.o(.constdata__ZTSSt8messagesIcE), (15 bytes).
    Removing rwstdexcept.o(.constdata__ZTSSt14__rw_exception), (19 bytes).
    Removing rwstdexcept.o(.constdata__ZTISt13messages_base), (8 bytes).
    Removing rwstdexcept.o(.constdata__ZTSSt18__rw_messages_base), (23 bytes).
    Removing rwstdexcept.o(.constdata__ZTSSt13messages_base), (18 bytes).
    Removing rwstdexcept.o(i._ZNSt6locale5facetD0Ev), (4 bytes).
    Removing rwstdexcept.o(.ARM.exidx), (8 bytes).
    Removing rwstdexcept.o(i._ZNSt14__rw_exceptionD1Ev), (28 bytes).
    Removing rwstdexcept.o(.ARM.exidx), (8 bytes).
    Removing rwstdexcept.o(i._ZNSt14__rw_exceptionD0Ev), (14 bytes).
    Removing rwstdexcept.o(.ARM.exidx), (8 bytes).
    Removing rwstdexcept.o(i._ZNKSt14__rw_exception4whatEv), (4 bytes).
    Removing rwstdexcept.o(.ARM.exidx), (8 bytes).
    Removing char.o(.constdata__ZTVSt5ctypeIcE), (52 bytes).
    Removing char.o(.constdata__ZTVSt7collateIcE), (32 bytes).
    Removing char.o(.constdata__ZTVSt14collate_bynameIcE), (32 bytes).
    Removing char.o(.constdata__ZTVSt8numpunctIcE), (40 bytes).
    Removing char.o(t._ZNSs9_C_getRepEjj), (116 bytes).
    Removing char.o(.ARM.exidx), (8 bytes).
    Removing char.o(t._ZNSsC1ERKSs), (62 bytes).
    Removing char.o(.ARM.exidx), (8 bytes).
    Removing char.o(t._ZNSsC1EPKcjRKSaIcE), (92 bytes).
    Removing char.o(.ARM.exidx), (8 bytes).
    Removing char.o(t._ZNSs9_C_unlinkEv), (68 bytes).
    Removing char.o(.ARM.exidx), (8 bytes).
    Removing char.o(t._ZNSs7replaceEjjPKcjjj), (376 bytes).
    Removing char.o(.ARM.exidx), (8 bytes).
    Removing char.o(t._ZNSs5beginEv), (84 bytes).
    Removing char.o(.ARM.exidx), (8 bytes).
    Removing char.o(i._ZNSt5ctypeIcED1Ev), (40 bytes).
    Removing char.o(.ARM.exidx), (8 bytes).
    Removing char.o(t._ZNK4__rw17__rw_collate_dataIcE13_C_coll_orderEc), (54 bytes).
    Removing char.o(.ARM.exidx), (8 bytes).
    Removing char.o(t._ZNKSt7collateIcE10do_compareEPKcS2_S2_S2_), (94 bytes).
    Removing char.o(.ARM.extab), (12 bytes).
    Removing char.o(.ARM.exidx), (8 bytes).
    Removing char.o(t._ZNKSt7collateIcE12do_transformEPKcS2_), (64 bytes).
    Removing char.o(t._ZNKSt7collateIcE12do_transformEPKcS2_.clean), (10 bytes).
    Removing char.o(.ARM.extab), (16 bytes).
    Removing char.o(.ARM.exidx), (8 bytes).
    Removing char.o(.ARM.exidx), (8 bytes).
    Removing char.o(t._ZNKSt7collateIcE7do_hashEPKcS2_), (66 bytes).
    Removing char.o(t._ZNKSt7collateIcE7do_hashEPKcS2_.clean), (4 bytes).
    Removing char.o(.ARM.exidx), (8 bytes).
    Removing char.o(.ARM.exidx), (8 bytes).
    Removing char.o(i._ZNSt7collateIcED1Ev), (2 bytes).
    Removing char.o(.ARM.exidx), (8 bytes).
    Removing char.o(i._ZNSt14collate_bynameIcED1Ev), (24 bytes).
    Removing char.o(i._ZNSt14collate_bynameIcED1Ev.clean), (10 bytes).
    Removing char.o(.ARM.extab), (16 bytes).
    Removing char.o(.ARM.exidx), (8 bytes).
    Removing char.o(.ARM.exidx), (8 bytes).
    Removing char.o(t._ZNSt8numpunctIcE12_C_initfacetERKSt6locale), (132 bytes).
    Removing char.o(t._ZNSt8numpunctIcE12_C_initfacetERKSt6locale.clean), (14 bytes).
    Removing char.o(.ARM.extab), (32 bytes).
    Removing char.o(.ARM.exidx), (8 bytes).
    Removing char.o(.ARM.exidx), (8 bytes).
    Removing char.o(i._ZN4__rw23__rw_numpunct_impl_dataIcED1Ev), (30 bytes).
    Removing char.o(i._ZN4__rw23__rw_numpunct_impl_dataIcED1Ev.clean), (22 bytes).
    Removing char.o(.ARM.extab), (24 bytes).
    Removing char.o(.ARM.exidx), (8 bytes).
    Removing char.o(.ARM.exidx), (8 bytes).
    Removing char.o(i._ZNSt8numpunctIcED1Ev), (14 bytes).
    Removing char.o(i._ZNSt8numpunctIcED1Ev.clean), (10 bytes).
    Removing char.o(.ARM.extab), (16 bytes).
    Removing char.o(.ARM.exidx), (8 bytes).
    Removing char.o(.ARM.exidx), (8 bytes).
    Removing char.o(i._ZnwjPv), (4 bytes).
    Removing char.o(.ARM.exidx), (8 bytes).
    Removing char.o(i._ZNSt11char_traitsIcE4copyEPcPKcj), (12 bytes).
    Removing char.o(.ARM.exidx), (8 bytes).
    Removing char.o(t._ZNSaIcEC1Ev), (2 bytes).
    Removing char.o(.ARM.exidx), (8 bytes).
    Removing char.o(t._ZNSaIcEC1ERKS_), (2 bytes).
    Removing char.o(.ARM.exidx), (8 bytes).
    Removing char.o(t._ZN4__rw12__string_refIcSt11char_traitsIcESaIcEE10_C_inc_refEv), (20 bytes).
    Removing char.o(.ARM.exidx), (8 bytes).
    Removing char.o(t._ZNSaIN4__rw12__string_refIcSt11char_traitsIcESaIcEEEEC1IcEERKSaIT_E), (2 bytes).
    Removing char.o(.ARM.exidx), (8 bytes).
    Removing char.o(t._ZNSsD1Ev), (12 bytes).
    Removing char.o(.ARM.exidx), (8 bytes).
    Removing char.o(i._ZNSt6locale5facetD1Ev), (2 bytes).
    Removing char.o(.ARM.exidx), (8 bytes).
    Removing char.o(i._ZNKSt5ctypeIcE2isENSt10ctype_base4maskEc), (14 bytes).
    Removing char.o(.ARM.exidx), (8 bytes).
    Removing char.o(i._ZNSt5ctypeIcED0Ev), (14 bytes).
    Removing char.o(.ARM.exidx), (8 bytes).
    Removing char.o(i._ZNKSt5ctypeIcE10do_toupperEPcPKc), (44 bytes).
    Removing char.o(.ARM.exidx), (8 bytes).
    Removing char.o(i._ZNKSt5ctypeIcE10do_tolowerEPcPKc), (44 bytes).
    Removing char.o(.ARM.exidx), (8 bytes).
    Removing char.o(i._ZNKSt5ctypeIcE10do_toupperEc), (30 bytes).
    Removing char.o(.ARM.exidx), (8 bytes).
    Removing char.o(i._ZNKSt5ctypeIcE10do_tolowerEc), (30 bytes).
    Removing char.o(.ARM.exidx), (8 bytes).
    Removing char.o(i._ZNKSt5ctypeIcE8do_widenEc), (4 bytes).
    Removing char.o(.ARM.exidx), (8 bytes).
    Removing char.o(i._ZNKSt5ctypeIcE8do_widenEPKcS2_Pc), (16 bytes).
    Removing char.o(.ARM.exidx), (8 bytes).
    Removing char.o(i._ZNKSt5ctypeIcE9do_narrowEcc), (4 bytes).
    Removing char.o(.ARM.exidx), (8 bytes).
    Removing char.o(i._ZNKSt5ctypeIcE9do_narrowEPKcS2_cPc), (16 bytes).
    Removing char.o(.ARM.exidx), (8 bytes).
    Removing char.o(i._ZN4__rw21__rw_use_c_lib_localeD1Ev), (24 bytes).
    Removing char.o(.ARM.exidx), (8 bytes).
    Removing char.o(i._ZNSt7collateIcED0Ev), (4 bytes).
    Removing char.o(.ARM.exidx), (8 bytes).
    Removing char.o(i._ZNSt14collate_bynameIcED0Ev), (14 bytes).
    Removing char.o(.ARM.exidx), (8 bytes).
    Removing char.o(t._ZNKSt8numpunctIcE16do_decimal_pointEv), (4 bytes).
    Removing char.o(.ARM.exidx), (8 bytes).
    Removing char.o(t._ZNKSt8numpunctIcE16do_thousands_sepEv), (4 bytes).
    Removing char.o(.ARM.exidx), (8 bytes).
    Removing char.o(t._ZNKSt8numpunctIcE11do_groupingEv), (6 bytes).
    Removing char.o(.ARM.exidx), (8 bytes).
    Removing char.o(t._ZNKSt8numpunctIcE11do_truenameEv), (6 bytes).
    Removing char.o(.ARM.exidx), (8 bytes).
    Removing char.o(t._ZNKSt8numpunctIcE12do_falsenameEv), (6 bytes).
    Removing char.o(.ARM.exidx), (8 bytes).
    Removing char.o(i._ZN4__rw15__rw_punct_dataIcED1Ev), (12 bytes).
    Removing char.o(.ARM.exidx), (8 bytes).
    Removing char.o(i._ZNSt8numpunctIcED0Ev), (14 bytes).
    Removing char.o(.ARM.exidx), (8 bytes).
    Removing char.o(i._ZN4__rw15__rw_facet_base12_C_initfacetERKSt6locale), (2 bytes).
    Removing char.o(.ARM.exidx), (8 bytes).
    Removing char.o(.constdata__ZTISt5ctypeIcE), (40 bytes).
    Removing char.o(.constdata__ZTVSt12ctype_bynameIcE), (52 bytes).
    Removing char.o(.constdata__ZTISt7collateIcE), (32 bytes).
    Removing char.o(.constdata__ZTISt8numpunctIcE), (32 bytes).
    Removing char.o(.constdata__ZTISt14collate_bynameIcE), (12 bytes).
    Removing char.o(.constdata__ZTINSt6locale5facetE), (12 bytes).
    Removing char.o(.constdata__ZTISt12ctype_bynameIcE), (12 bytes).
    Removing char.o(.constdata__ZTISt10ctype_base), (8 bytes).
    Removing char.o(.constdata__ZTIN4__rw17__rw_ctype_helperIcEE), (8 bytes).
    Removing char.o(.constdata__ZTSSt5ctypeIcE), (12 bytes).
    Removing char.o(.constdata__ZTIN4__rw17__rw_collate_implIcEE), (12 bytes).
    Removing char.o(.constdata__ZTSSt7collateIcE), (14 bytes).
    Removing char.o(.constdata__ZTSSt14collate_bynameIcE), (22 bytes).
    Removing char.o(.constdata__ZTIN4__rw18__rw_numpunct_implIcEE), (12 bytes).
    Removing char.o(.constdata__ZTSSt8numpunctIcE), (15 bytes).
    Removing char.o(.constdata__ZTIN4__rw15__rw_facet_baseE), (12 bytes).
    Removing char.o(.constdata__ZTSNSt6locale5facetE), (18 bytes).
    Removing char.o(.constdata__ZTSSt10ctype_base), (15 bytes).
    Removing char.o(.constdata__ZTSN4__rw17__rw_ctype_helperIcEE), (30 bytes).
    Removing char.o(.constdata__ZTSSt12ctype_bynameIcE), (20 bytes).
    Removing char.o(.constdata__ZTIN4__rw17__rw_collate_dataIcEE), (8 bytes).
    Removing char.o(.constdata__ZTSN4__rw17__rw_collate_implIcEE), (30 bytes).
    Removing char.o(.constdata__ZTIN4__rw23__rw_numpunct_impl_dataIcEE), (32 bytes).
    Removing char.o(.constdata__ZTSN4__rw18__rw_numpunct_implIcEE), (31 bytes).
    Removing char.o(.constdata__ZTIN4__rw17__rw_synchronizedE), (8 bytes).
    Removing char.o(.constdata__ZTSN4__rw15__rw_facet_baseE), (25 bytes).
    Removing char.o(.constdata__ZTSN4__rw17__rw_collate_dataIcEE), (30 bytes).
    Removing char.o(.constdata__ZTIN4__rw23__rw_numpunct_impl_baseE), (8 bytes).
    Removing char.o(.constdata__ZTIN4__rw15__rw_punct_dataIcEE), (8 bytes).
    Removing char.o(.constdata__ZTSN4__rw23__rw_numpunct_impl_dataIcEE), (36 bytes).
    Removing char.o(.constdata__ZTSN4__rw17__rw_synchronizedE), (27 bytes).
    Removing char.o(.constdata__ZTSN4__rw23__rw_numpunct_impl_baseE), (33 bytes).
    Removing char.o(.constdata__ZTSN4__rw15__rw_punct_dataIcEE), (28 bytes).
    Removing char.o(i._ZNSt12ctype_bynameIcED1Ev), (4 bytes).
    Removing char.o(.ARM.exidx), (8 bytes).
    Removing char.o(i._ZNSt12ctype_bynameIcED0Ev), (14 bytes).
    Removing char.o(.ARM.exidx), (8 bytes).
    Removing locale.o(.constdata__ZTVSt14codecvt_bynameIwcSt11__mbstate_tE), (48 bytes).
    Removing locale.o(t._ZNSs11_C_allocateEjjj), (46 bytes).
    Removing locale.o(.ARM.exidx), (8 bytes).
    Removing locale.o(t._ZNSsC1EPKcRKSaIcE), (56 bytes).
    Removing locale.o(.ARM.exidx), (8 bytes).
    Removing locale.o(t._ZNSsaSERKSs), (66 bytes).
    Removing locale.o(.ARM.exidx), (8 bytes).
    Removing locale.o(t._ZNSsaSEPKc), (80 bytes).
    Removing locale.o(.ARM.exidx), (8 bytes).
    Removing locale.o(i._ZN4__rw15__rw_locale_impD1Ev), (28 bytes).
    Removing locale.o(i._ZN4__rw15__rw_locale_impD1Ev.clean), (10 bytes).
    Removing locale.o(.ARM.extab), (16 bytes).
    Removing locale.o(.ARM.exidx), (8 bytes).
    Removing locale.o(.ARM.exidx), (8 bytes).
    Removing locale.o(i._ZN4__rw15__rw_locale_impC1EPKcjj), (232 bytes).
    Removing locale.o(i._ZN4__rw15__rw_locale_impC1EPKcjj.clean), (28 bytes).
    Removing locale.o(.ARM.extab), (40 bytes).
    Removing locale.o(.ARM.exidx), (8 bytes).
    Removing locale.o(.ARM.exidx), (8 bytes).
    Removing locale.o(i._ZNSt6locale16_C_remove_facetsEi), (78 bytes).
    Removing locale.o(.ARM.exidx), (8 bytes).
    Removing locale.o(i._ZN4__rw15__rw_locale_impC1ERKS0_PKcj), (176 bytes).
    Removing locale.o(i._ZN4__rw15__rw_locale_impC1ERKS0_PKcj.clean), (22 bytes).
    Removing locale.o(.ARM.extab), (24 bytes).
    Removing locale.o(.ARM.exidx), (8 bytes).
    Removing locale.o(.ARM.exidx), (8 bytes).
    Removing locale.o(i._ZNSt6localeD1Ev), (32 bytes).
    Removing locale.o(.ARM.exidx), (8 bytes).
    Removing locale.o(t._ZN4__rw18__rw_locale_vectorIPNS_15__rw_facet_baseEE6resizeEjRKS2_), (78 bytes).
    Removing locale.o(.ARM.exidx), (8 bytes).
    Removing locale.o(i._ZNSt14codecvt_bynameIwcSt11__mbstate_tED1Ev), (2 bytes).
    Removing locale.o(.ARM.exidx), (8 bytes).
    Removing locale.o(t._ZNSsC1ERKSaIcE), (16 bytes).
    Removing locale.o(.ARM.exidx), (8 bytes).
    Removing locale.o(t._ZNSs7replaceEjjPKcj), (36 bytes).
    Removing locale.o(.ARM.exidx), (8 bytes).
    Removing locale.o(t._ZN4__rw18__rw_locale_vectorIPNS_15__rw_facet_baseEED1Ev), (14 bytes).
    Removing locale.o(.ARM.exidx), (8 bytes).
    Removing locale.o(t._ZN4__rw18__rw_locale_vectorISsED1Ev), (20 bytes).
    Removing locale.o(.ARM.exidx), (8 bytes).
    Removing locale.o(i._ZNSt6localeC1EPN4__rw15__rw_locale_impE), (32 bytes).
    Removing locale.o(.ARM.exidx), (8 bytes).
    Removing locale.o(i._ZNKSt7codecvtIwcSt11__mbstate_tE9do_lengthERKS0_PKcS5_j), (12 bytes).
    Removing locale.o(.ARM.exidx), (8 bytes).
    Removing locale.o(i._ZNKSt14codecvt_bynameIwcSt11__mbstate_tE10do_unshiftERS0_PcS3_RS3_), (48 bytes).
    Removing locale.o(.ARM.exidx), (8 bytes).
    Removing locale.o(i._ZNKSt14codecvt_bynameIwcSt11__mbstate_tE11do_encodingEv), (26 bytes).
    Removing locale.o(.ARM.extab), (16 bytes).
    Removing locale.o(.ARM.exidx), (8 bytes).
    Removing locale.o(i._ZNKSt14codecvt_bynameIwcSt11__mbstate_tE16do_always_noconvEv), (4 bytes).
    Removing locale.o(.ARM.exidx), (8 bytes).
    Removing locale.o(i._ZNKSt14codecvt_bynameIwcSt11__mbstate_tE13do_max_lengthEv), (8 bytes).
    Removing locale.o(.ARM.exidx), (8 bytes).
    Removing locale.o(i._ZNSt14codecvt_bynameIwcSt11__mbstate_tED0Ev), (4 bytes).
    Removing locale.o(.ARM.exidx), (8 bytes).
    Removing locale.o(.constdata__ZTISt14codecvt_bynameIwcSt11__mbstate_tE), (12 bytes).
    Removing locale.o(.data__ZZNKSt6locale2id7_C_initEvE9_C_id_gen), (4 bytes).
    Removing locale.o(.constdata__ZTISt7codecvtIwcSt11__mbstate_tE), (32 bytes).
    Removing locale.o(.constdata__ZTSSt14codecvt_bynameIwcSt11__mbstate_tE), (38 bytes).
    Removing locale.o(.constdata__ZTISt12codecvt_base), (8 bytes).
    Removing locale.o(.constdata__ZTSSt7codecvtIwcSt11__mbstate_tE), (30 bytes).
    Removing locale.o(.constdata__ZTSSt12codecvt_base), (17 bytes).
    Removing messages.o(i._ZSt13__rw_get_catsv), (60 bytes).
    Removing messages.o(i._ZSt13__rw_get_catsv.clean), (16 bytes).
    Removing messages.o(.ARM.extab), (16 bytes).
    Removing messages.o(.ARM.exidx), (8 bytes).
    Removing messages.o(.ARM.exidx), (8 bytes).
    Removing messages.o(i._ZNSt18__rw_open_cat_dataD1Ev), (12 bytes).
    Removing messages.o(.ARM.exidx), (8 bytes).
    Removing messages.o(i._ZNSt18__rw_open_cat_dataC1Ev), (26 bytes).
    Removing messages.o(.ARM.exidx), (8 bytes).
    Removing messages.o(i._ZNSt18__rw_open_cat_dataaSERKS_), (18 bytes).
    Removing messages.o(.ARM.exidx), (8 bytes).
    Removing messages.o(t._ZN4__rw18__rw_locale_vectorISt18__rw_open_cat_dataED1Ev), (20 bytes).
    Removing messages.o(.ARM.exidx), (8 bytes).
    Removing messages.o(i._ZNSt6localeC1ERKS_), (12 bytes).
    Removing messages.o(.ARM.exidx), (8 bytes).
    Removing messages.o(.data__ZZSt13__rw_get_catsvE11__open_cats), (12 bytes).
    Removing rwcats.o(t._ZN4__rw18__rw_locale_vectorIPNS_8__rw_catEED1Ev), (14 bytes).
    Removing rwcats.o(.ARM.exidx), (8 bytes).
    Removing vendor.o(.bss__ZNSs9__nullrefE), (16 bytes).

899 unused section(s) (total 32267 bytes) removed from the image.

==============================================================================

Memory Map of the image

  Image Entry point : 0x00000000

  Load Region LR_IROM1 (Base: 0x00000000, Size: 0x000007d8, Max: 0xffffffff, ABSOLUTE)

    Execution Region ER_IROM1 (Base: 0x00000000, Size: 0x000007c0, Max: 0x00080000, ABSOLUTE)

    Base Addr    Size         Type   Attr      Idx    E Section Name        Object

    0x00000000   0x000000c4   Data   RO         1493    RESET               startup_LPC17xx.o
    0x000000c4   0x00000008   Code   RO         2241  * !!!main             c_w.l(__main.o)
    0x000000cc   0x00000006   Code   RO         3808    .ARM.Collect$$libinit$$00000000  c_w.l(libinit.o)
    0x000000d2   0x00000008   Code   RO         2832    .ARM.Collect$$libinit$$00000001  c_w.l(libinit2.o)
    0x000000da   0x00000000   Code   RO         2834    .ARM.Collect$$libinit$$00000006  c_w.l(libinit2.o)
    0x000000da   0x00000000   Code   RO         2836    .ARM.Collect$$libinit$$00000008  c_w.l(libinit2.o)
    0x000000da   0x00000000   Code   RO         2838    .ARM.Collect$$libinit$$0000000A  c_w.l(libinit2.o)
    0x000000da   0x00000000   Code   RO         2841    .ARM.Collect$$libinit$$0000000D  c_w.l(libinit2.o)
    0x000000da   0x00000000   Code   RO         2843    .ARM.Collect$$libinit$$0000000F  c_w.l(libinit2.o)
    0x000000da   0x00000000   Code   RO         2845    .ARM.Collect$$libinit$$00000011  c_w.l(libinit2.o)
    0x000000da   0x00000000   Code   RO         2847    .ARM.Collect$$libinit$$00000013  c_w.l(libinit2.o)
    0x000000da   0x00000000   Code   RO         2849    .ARM.Collect$$libinit$$00000015  c_w.l(libinit2.o)
    0x000000da   0x00000000   Code   RO         2851    .ARM.Collect$$libinit$$00000017  c_w.l(libinit2.o)
    0x000000da   0x00000000   Code   RO         2853    .ARM.Collect$$libinit$$00000019  c_w.l(libinit2.o)
    0x000000da   0x00000000   Code   RO         2855    .ARM.Collect$$libinit$$0000001B  c_w.l(libinit2.o)
    0x000000da   0x00000000   Code   RO         2857    .ARM.Collect$$libinit$$0000001D  c_w.l(libinit2.o)
    0x000000da   0x00000000   Code   RO         2859    .ARM.Collect$$libinit$$0000001F  c_w.l(libinit2.o)
    0x000000da   0x00000000   Code   RO         2861    .ARM.Collect$$libinit$$00000021  c_w.l(libinit2.o)
    0x000000da   0x00000008   Code   RO         2862    .ARM.Collect$$libinit$$00000022  c_w.l(libinit2.o)
    0x000000e2   0x00000000   Code   RO         2867    .ARM.Collect$$libinit$$0000002A  c_w.l(libinit2.o)
    0x000000e2   0x00000000   Code   RO         2869    .ARM.Collect$$libinit$$0000002C  c_w.l(libinit2.o)
    0x000000e2   0x00000000   Code   RO         2871    .ARM.Collect$$libinit$$0000002E  c_w.l(libinit2.o)
    0x000000e2   0x00000002   Code   RO         2872    .ARM.Collect$$libinit$$0000002F  c_w.l(libinit2.o)
    0x000000e4   0x00000000   Code   RO         2675    .ARM.Collect$$rtentry$$00000000  c_w.l(rtentry.o)
    0x000000e4   0x00000000   Code   RO         3438    .ARM.Collect$$rtentry$$00000002  c_w.l(rtentry2.o)
    0x000000e4   0x00000006   Code   RO         3453    .ARM.Collect$$rtentry$$00000004  c_w.l(rtentry4.o)
    0x000000ea   0x00000000   Code   RO         3440    .ARM.Collect$$rtentry$$00000009  c_w.l(rtentry2.o)
    0x000000ea   0x00000004   Code   RO         3441    .ARM.Collect$$rtentry$$0000000A  c_w.l(rtentry2.o)
    0x000000ee   0x00000000   Code   RO         3443    .ARM.Collect$$rtentry$$0000000C  c_w.l(rtentry2.o)
    0x000000ee   0x00000008   Code   RO         3444    .ARM.Collect$$rtentry$$0000000D  c_w.l(rtentry2.o)
    0x000000f6   0x00000002   PAD
    0x000000f8   0x00000000   Code   RO         3463    .emb_text           c_w.l(maybetermalloc1.o)
    0x000000f8   0x00000004   Code   RO         3569    .emb_text           c_w.l(argv_veneer.o)
    0x000000fc   0x00000024   Code   RO         1495    .text               startup_LPC17xx.o
    0x00000120   0x0000005e   Code   RO         2060    .text               c_w.l(h1_alloc.o)
    0x0000017e   0x00000002   PAD
    0x00000180   0x00000008   Code   RO         2681    .text               c_w.l(rt_heap_descriptor.o)
    0x00000188   0x00000004   Code   RO         2696    .text               c_w.l(hguard.o)
    0x0000018c   0x0000008a   Code   RO         2698    .text               c_w.l(init_alloc.o)
    0x00000216   0x0000000e   Code   RO         2704    .text               c_w.l(h1_init.o)
    0x00000224   0x0000004e   Code   RO         2706    .text               c_w.l(h1_free.o)
    0x00000272   0x00000002   PAD
    0x00000274   0x0000000c   Code   RO         3432    .text               c_w.l(sys_exit.o)
    0x00000280   0x00000004   Code   RO         3461    .text               c_w.l(hrguard.o)
    0x00000284   0x00000032   Code   RO         3467    .text               c_w.l(h1_extend.o)
    0x000002b6   0x0000000a   Code   RO         3540    .text               c_w.l(defsig_exit.o)
    0x000002c0   0x0000000e   Code   RO         3550    .text               c_w.l(defsig_rtmem_outer.o)
    0x000002ce   0x00000002   Code   RO         3719    .text               c_w.l(use_no_semi.o)
    0x000002d0   0x0000000e   Code   RO         3867    .text               c_w.l(sys_wrch.o)
    0x000002de   0x00000002   PAD
    0x000002e0   0x00000008   Code   RO         3913    .text               c_w.l(rt_fp_status_addr.o)
    0x000002e8   0x00000010   Code   RO         1472    i.__user_setup_stackheap  sys.o
    0x000002f8   0x00000004   Code   RO         1618    i._sys_command_string  mbed.ar(stdio.o)
    0x000002fc   0x00000004   Code   RO         1494    .ARM.__at_0x02FC    startup_LPC17xx.o
    0x00000300   0x00000106   Code   RO         2830    .text               c_w.l(_get_argv.o)
    0x00000406   0x00000002   PAD
    0x00000408   0x0000004c   Code   RO         3564    .text               c_w.l(heapauxa.o)
    0x00000454   0x00000032   Code   RO         3786    .text               c_w.l(defsig_general.o)
    0x00000486   0x00000002   PAD
    0x00000488   0x0000004c   Code   RO         3796    .text               c_w.l(defsig_rtmem_inner.o)
    0x000004d4   0x000000a4   Code   RO         1487    i.SystemInit        system_LPC17xx.o
    0x00000578   0x00000014   Code   RO         1552    i.exit              mbed.ar(exit.o)
    0x0000058c   0x0000001c   Code   RO         1499    i.gpio_dir          mbed.ar(gpio_api.o)
    0x000005a8   0x0000004a   Code   RO         1500    i.gpio_init         mbed.ar(gpio_api.o)
    0x000005f2   0x00000014   Code   RO         1502    i.gpio_set          mbed.ar(gpio_api.o)
    0x00000606   0x0000000e   Code   RO         1809    i.gpio_write        mbed.ar(board.o)
    0x00000614   0x00000084   Code   RO         1810    i.mbed_die          mbed.ar(board.o)
    0x00000698   0x00000004   Code   RO         1842    i.mbed_interface_connected  mbed.ar(mbed_interface.o)
    0x0000069c   0x00000034   Code   RO         1817    i.pin_function      mbed.ar(pinmap.o)
    0x000006d0   0x00000054   Code   RO         1818    i.pin_mode          mbed.ar(pinmap.o)
    0x00000724   0x00000010   Code   RO         2022    i.semihost_connected  mbed.ar(semihost.o)
    0x00000734   0x0000000c   Code   RO         1875    i.semihost_exit     mbed.ar(semihost_api.o)
    0x00000740   0x00000050   Code   RO         1827    i.us_ticker_read    mbed.ar(us_ticker_api.o)
    0x00000790   0x0000000a   Code   RO         1557    i.wait_ms           mbed.ar(wait_api.o)
    0x0000079a   0x00000016   Code   RO         1558    i.wait_us           mbed.ar(wait_api.o)
    0x000007b0   0x0000000e   Code   RO         3907    x$fpl$fpinit        fz_ws.l(fpinit.o)
    0x000007be   0x00000002   PAD
    0x000007c0   0x00000000   Data   RO         3948    Region$$Table       anon$$obj.o


    Execution Region RW_IRAM1 (Base: 0x100000c8, Size: 0x00000020, Max: 0x00007f38, ABSOLUTE)

    Base Addr    Size         Type   Attr      Idx    E Section Name        Object

    0x100000c8   0x00000004   Data   RW         1488    .data               system_LPC17xx.o
    0x100000cc   0x00000004   Data   RW         1662    .data               mbed.ar(stdio.o)
    0x100000d0   0x0000000c   Data   RW         1831    .data               mbed.ar(us_ticker_api.o)
    0x100000dc   0x00000004   Data   RW         3565    .data               c_w.l(heapauxa.o)
    0x100000e0   0x00000004   Zero   RW         2682    .bss                c_w.l(rt_heap_descriptor.o)
    0x100000e4   0x00000004   Zero   RW         3914    .bss                c_w.l(rt_fp_status_addr.o)


    Execution Region RW_IRAM2 (Base: 0x2007c000, Size: 0x00000000, Max: 0x00004000, ABSOLUTE)

    **** No section assigned to this execution region ****


    Execution Region RW_IRAM3 (Base: 0x20080000, Size: 0x00000000, Max: 0x00004000, ABSOLUTE)

    **** No section assigned to this execution region ****


    Execution Region RW_IRAM4 (Base: 0x40038000, Size: 0x00000000, Max: 0x00000800, ABSOLUTE)

    **** No section assigned to this execution region ****

