<html>
<body>
<pre>
<h1>µVision Build Log</h1>
<h2>Project:</h2>
C:\Users\Shobhit Kukreti\Documents\Mbed\board_try\board_try.uvproj
Project File Date:  10/11/2014

<h2>Output:</h2>
Build target 'mbed NXP LPC1768'
compiling main.cpp...
linking...
Program Size: Code=16012 RO-data=1904 RW-data=52 ZI-data=608  
User command #1: fromelf --bin -o build\board_try_LPC1768.bin build\board_try.axf
".\build\board_try.axf" - 0 Error(s), 0 Warning(s).
Build target 'mbed NXP LPC1768'
compiling main.cpp...
linking...
Program Size: Code=16012 RO-data=1904 RW-data=52 ZI-data=608  
User command #1: fromelf --bin -o build\board_try_LPC1768.bin build\board_try.axf
".\build\board_try.axf" - 0 Error(s), 0 Warning(s).
Load "C:\\Users\\Shobhit Kukreti\\Documents\\Mbed\\board_try\\build\\board_try.AXF" 

Error: Cannot load driver 'C:\Keil\ARM\BIN\CMSIS_AGDI.dll'.

Possible Reasons:
 - Driver DLL could not be found in the specified path
 - Driver DLL requires additional DLL's which are not installed
 - Required Hardware Drivers are not installed
Build target 'mbed NXP LPC1768'
compiling main.cpp...
linking...
Program Size: Code=16012 RO-data=1904 RW-data=52 ZI-data=608  
User command #1: fromelf --bin -o build\board_try_LPC1768.bin build\board_try.axf
".\build\board_try.axf" - 0 Error(s), 0 Warning(s).
Load "C:\\Users\\Shobhit Kukreti\\Documents\\Mbed\\board_try\\build\\board_try.AXF" 

Error: Cannot load driver 'C:\Keil\ARM\BIN\CMSIS_AGDI.dll'.

Possible Reasons:
 - Driver DLL could not be found in the specified path
 - Driver DLL requires additional DLL's which are not installed
 - Required Hardware Drivers are not installed
Load "C:\\Users\\Shobhit Kukreti\\Documents\\Mbed\\board_try\\build\\board_try.AXF" 

Error: Cannot load driver 'C:\Keil\ARM\BIN\CMSIS_AGDI.dll'.

Possible Reasons:
 - Driver DLL could not be found in the specified path
 - Driver DLL requires additional DLL's which are not installed
 - Required Hardware Drivers are not installed
