ARM Linker, 4.1 [Build 567] [Standard]

==============================================================================

Section Cross References

    main.o(.text) refers to DigitalOut.cpp.lpc1768.arm.o(i._ZN4mbed10DigitalOutaSEi) for mbed::DigitalOut::operator =(int)
    main.o(.text) refers to wait_api.c.lpc1768.arm.o(i.wait) for wait
    main.o(.text) refers to DigitalOut.cpp.lpc1768.arm.o(i._ZN4mbed10DigitalOutC1E7PinNamePKc) for mbed::DigitalOut::DigitalOut(PinName, const char*)
    main.o(.text) refers to aeabi_atexit.o(i.__aeabi_atexit) for __aeabi_atexit
    main.o(.text) refers to main.o(.bss) for .bss
    main.o(.text) refers to DigitalOut.cpp.lpc1768.arm.o(i._ZN4mbed10DigitalOutD1Ev) for mbed::DigitalOut::~DigitalOut()
    main.o(.ARM.exidx) refers to main.o(.text) for .text
    main.o(.init_array) refers to main.o(.text) for __sti___8_main_cpp
    main.o(.init_array) refers to init_aeabi.o(.text) for __cpp_initialize__aeabi_
    startup_LPC17xx.o(RESET) refers to startup_LPC17xx.o(.text) for Reset_Handler
    startup_LPC17xx.o(.text) refers to system_LPC17xx.o(i.SystemInit) for SystemInit
    startup_LPC17xx.o(.text) refers to __main.o(!!!main) for __main
    system_LPC17xx.o(i.SystemCoreClockUpdate) refers to system_LPC17xx.o(.data) for .data
    cmsis_nvic.o(i.NVIC_SetVector) refers to cmsis_nvic.o(.ARM.__AT_0x10000000) for .ARM.__AT_0x10000000
    wait_api.c.lpc1768.arm.o(i.wait) refers to f2d.o(x$fpl$f2d) for __aeabi_f2d
    wait_api.c.lpc1768.arm.o(i.wait) refers to dmul.o(x$fpl$dmul) for __aeabi_dmul
    wait_api.c.lpc1768.arm.o(i.wait) refers to dfix.o(x$fpl$dfix) for __aeabi_d2iz
    wait_api.c.lpc1768.arm.o(i.wait) refers to us_ticker_api.c.lpc1768.arm.o(i.us_ticker_read) for us_ticker_read
    wait_api.c.lpc1768.arm.o(i.wait_ms) refers to us_ticker_api.c.lpc1768.arm.o(i.us_ticker_read) for us_ticker_read
    wait_api.c.lpc1768.arm.o(i.wait_us) refers to us_ticker_api.c.lpc1768.arm.o(i.us_ticker_read) for us_ticker_read
    Base.cpp.lpc1768.arm.o(i._ZN4mbed4Base11delete_selfEv) refers to array_del.o(i._ZdaPv) for operator delete[] (void*)
    Base.cpp.lpc1768.arm.o(i._ZN4mbed4Base15get_rpc_methodsEv) refers to Base.cpp.lpc1768.arm.o(.constdata) for .constdata
    Base.cpp.lpc1768.arm.o(i._ZN4mbed4Base15register_objectEPKc) refers to Base.cpp.lpc1768.arm.o(.data) for .data
    Base.cpp.lpc1768.arm.o(i._ZN4mbed4Base3rpcEPKcS2_Pc) refers to sprintf.o(.text) for sprintf
    Base.cpp.lpc1768.arm.o(i._ZN4mbed4Base3rpcEPKcS2_Pc) refers to strcmpv7m.o(.text) for strcmp
    Base.cpp.lpc1768.arm.o(i._ZN4mbed4Base3rpcEPKcS2_S2_Pc) refers to sprintf.o(.text) for sprintf
    Base.cpp.lpc1768.arm.o(i._ZN4mbed4Base3rpcEPKcS2_S2_Pc) refers to strlen.o(.text) for strlen
    Base.cpp.lpc1768.arm.o(i._ZN4mbed4Base3rpcEPKcS2_S2_Pc) refers to strncmp.o(.text) for strncmp
    Base.cpp.lpc1768.arm.o(i._ZN4mbed4Base3rpcEPKcS2_S2_Pc) refers to strcmpv7m.o(.text) for strcmp
    Base.cpp.lpc1768.arm.o(i._ZN4mbed4Base3rpcEPKcS2_S2_Pc) refers to Base.cpp.lpc1768.arm.o(.data) for .data
    Base.cpp.lpc1768.arm.o(i._ZN4mbed4Base5clearEPKcPc) refers to array_del.o(i._ZdaPv) for operator delete[] (void*)
    Base.cpp.lpc1768.arm.o(i._ZN4mbed4Base5clearEPKcPc) refers to Base.cpp.lpc1768.arm.o(.data) for .data
    Base.cpp.lpc1768.arm.o(i._ZN4mbed4Base6lookupEPKcj) refers to strncmp.o(.text) for strncmp
    Base.cpp.lpc1768.arm.o(i._ZN4mbed4Base6lookupEPKcj) refers to strlen.o(.text) for strlen
    Base.cpp.lpc1768.arm.o(i._ZN4mbed4Base6lookupEPKcj) refers to Base.cpp.lpc1768.arm.o(.data) for .data
    Base.cpp.lpc1768.arm.o(i._ZN4mbed4Base7opendirEv) refers to new.o(i._Znwj) for operator new(unsigned)
    Base.cpp.lpc1768.arm.o(i._ZN4mbed4Base7opendirEv) refers to Base.cpp.lpc1768.arm.o(.constdata__ZTVN4mbed13BaseDirHandleE) for vtable for mbed::BaseDirHandle
    Base.cpp.lpc1768.arm.o(i._ZN4mbed4Base8new_nameEPS0_) refers to array_new.o(i._Znaj) for operator new[] (unsigned)
    Base.cpp.lpc1768.arm.o(i._ZN4mbed4Base8new_nameEPS0_) refers to sprintf.o(.text) for sprintf
    Base.cpp.lpc1768.arm.o(i._ZN4mbed4Base9list_objsEPKcPc) refers to sprintf.o(.text) for sprintf
    Base.cpp.lpc1768.arm.o(i._ZN4mbed4Base9list_objsEPKcPc) refers to Base.cpp.lpc1768.arm.o(.data) for .data
    Base.cpp.lpc1768.arm.o(i._ZN4mbed4BaseC1EPKc) refers to Base.cpp.lpc1768.arm.o(.constdata__ZTVN4mbed4BaseE) for vtable for mbed::Base
    Base.cpp.lpc1768.arm.o(i._ZN4mbed4BaseC1EPKc) refers to Base.cpp.lpc1768.arm.o(.data) for .data
    Base.cpp.lpc1768.arm.o(i._ZN4mbed4BaseD0Ev) refers to delete.o(i._ZdlPv) for operator delete (void*)
    Base.cpp.lpc1768.arm.o(i._ZN4mbed4BaseD0Ev) refers to Base.cpp.lpc1768.arm.o(.constdata__ZTVN4mbed4BaseE) for vtable for mbed::Base
    Base.cpp.lpc1768.arm.o(i._ZN4mbed4BaseD0Ev) refers to Base.cpp.lpc1768.arm.o(.data) for .data
[...]
    ../../scanf.c                            0x00000000   Number         0  sscanf.o ABSOLUTE
    ../../scanf1.s                           0x00000000   Number         0  scanf1.o ABSOLUTE
    ../../scanf2.s                           0x00000000   Number         0  scanf2.o ABSOLUTE
    ../../scanf2a.s                          0x00000000   Number         0  scanf2a.o ABSOLUTE
    ../../scanf2b.s                          0x00000000   Number         0  scanf2b.o ABSOLUTE
    ../../signal.c                           0x00000000   Number         0  __raise.o ABSOLUTE
    ../../signal.c                           0x00000000   Number         0  defsig_pvfn_outer.o ABSOLUTE
    ../../signal.c                           0x00000000   Number         0  defsig_pvfn_inner.o ABSOLUTE
    ../../signal.c                           0x00000000   Number         0  defsig_rtmem_outer.o ABSOLUTE
    ../../signal.c                           0x00000000   Number         0  defsig_pvfn_formal.o ABSOLUTE
    ../../signal.c                           0x00000000   Number         0  defsig_rtmem_inner.o ABSOLUTE
    ../../signal.c                           0x00000000   Number         0  defsig_general.o ABSOLUTE
    ../../signal.c                           0x00000000   Number         0  defsig_fpe_inner.o ABSOLUTE
    ../../signal.c                           0x00000000   Number         0  defsig_stak_inner.o ABSOLUTE
    ../../signal.c                           0x00000000   Number         0  defsig_abrt_inner.o ABSOLUTE
    ../../signal.c                           0x00000000   Number         0  defsig_segv_inner.o ABSOLUTE
    ../../signal.c                           0x00000000   Number         0  defsig_other.o ABSOLUTE
    ../../signal.c                           0x00000000   Number         0  defsig_rtmem_formal.o ABSOLUTE
    ../../signal.c                           0x00000000   Number         0  defsig_rtred_inner.o ABSOLUTE
    ../../signal.c                           0x00000000   Number         0  defsig_cppl_inner.o ABSOLUTE
    ../../signal.c                           0x00000000   Number         0  defsig_exit.o ABSOLUTE
    ../../signal.c                           0x00000000   Number         0  defsig_abrt_outer.o ABSOLUTE
    ../../signal.c                           0x00000000   Number         0  defsig_abrt_formal.o ABSOLUTE
    ../../signal.c                           0x00000000   Number         0  defsig_rtred_outer.o ABSOLUTE
    ../../signal.c                           0x00000000   Number         0  defsig_rtred_formal.o ABSOLUTE
    ../../signal.s                           0x00000000   Number         0  defsig.o ABSOLUTE
    ../../stdio.c                            0x00000000   Number         0  fopen.o ABSOLUTE
    ../../stdio.c                            0x00000000   Number         0  fopen_locked.o ABSOLUTE
    ../../stdio.c                            0x00000000   Number         0  fclose.o ABSOLUTE
    ../../stdio.c                            0x00000000   Number         0  ferror.o ABSOLUTE
    ../../stdio.c                            0x00000000   Number         0  fputc_locked.o ABSOLUTE
    ../../stdio.c                            0x00000000   Number         0  fputc.o ABSOLUTE
    ../../stdio.c                            0x00000000   Number         0  initio_locked.o ABSOLUTE
    ../../stdio.c                            0x00000000   Number         0  setvbuf.o ABSOLUTE
    ../../stdio.c                            0x00000000   Number         0  initio.o ABSOLUTE
    ../../stdio.c                            0x00000000   Number         0  fflush.o ABSOLUTE
    ../../stdio.c                            0x00000000   Number         0  fputs.o ABSOLUTE
    ../../stdio.c                            0x00000000   Number         0  fputs_locked.o ABSOLUTE
    ../../stdio.c                            0x00000000   Number         0  fflush_locked.o ABSOLUTE
    ../../stdio.c                            0x00000000   Number         0  ferror_locked.o ABSOLUTE
    ../../stdio.c                            0x00000000   Number         0  stdio_streams.o ABSOLUTE
    ../../stdio.c                            0x00000000   Number         0  flsbuf.o ABSOLUTE
    ../../stdio.c                            0x00000000   Number         0  fseek.o ABSOLUTE
    ../../stdio.c                            0x00000000   Number         0  setvbuf_locked.o ABSOLUTE
    ../../stdio.c                            0x00000000   Number         0  stdio.o ABSOLUTE
    ../../stdio.c                            0x00000000   Number         0  ftell.o ABSOLUTE
    ../../stdio.c                            0x00000000   Number         0  fwritefast.o ABSOLUTE
    ../../stdio.c                            0x00000000   Number         0  fwritefast_locked.o ABSOLUTE
    ../../stdio.c                            0x00000000   Number         0  streamlock.o ABSOLUTE
    ../../stdlib.c                           0x00000000   Number         0  bsearchnoex.o ABSOLUTE
    ../../stdlib.c                           0x00000000   Number         0  abort.o ABSOLUTE
    ../../stdlib.c                           0x00000000   Number         0  atexit_cpp.o ABSOLUTE
    ../../string.c                           0x00000000   Number         0  strcpy.o ABSOLUTE
    ../../string.c                           0x00000000   Number         0  strncmp.o ABSOLUTE
    ../../string.c                           0x00000000   Number         0  strlen.o ABSOLUTE
    ../../trapv.s                            0x00000000   Number         0  trapv.o ABSOLUTE
    ../../unwind_pr.c                        0x00000000   Number         0  unwind_prcommon.o ABSOLUTE
    ../../unwind_pr.c                        0x00000000   Number         0  unwind_pr0.o ABSOLUTE
    ../../unwinder.c                         0x00000000   Number         0  unwind_activity.o ABSOLUTE
    ../../unwinder.c                         0x00000000   Number         0  unwind_activity.o ABSOLUTE
    ../../unwinder.c                         0x00000000   Number         0  unwinder.o ABSOLUTE
    ../../unwinder.c                         0x00000000   Number         0  unwinder.o ABSOLUTE
    ../../usenofp.s                          0x00000000   Number         0  usenofp.o ABSOLUTE
    ../../wchar.c                            0x00000000   Number         0  flsbuf_fwide.o ABSOLUTE
    dc.s                                     0x00000000   Number         0  dc.o ABSOLUTE
    main.cpp                                 0x00000000   Number         0  main.o ABSOLUTE
    main.cpp                                 0x00000000   Number         0  main.o ABSOLUTE
    src/Base.cpp                             0x00000000   Number         0  Base.cpp.lpc1768.arm.o ABSOLUTE
    src/DigitalOut.cpp                       0x00000000   Number         0  DigitalOut.cpp.lpc1768.arm.o ABSOLUTE
    src/LPC1768/core_cm3.c                   0x00000000   Number         0  core_cm3.o ABSOLUTE
    src/LPC1768/core_cm3.c                   0x00000000   Number         0  core_cm3.o ABSOLUTE
    src/LPC1768/startup_LPC17xx.s            0x00000000   Number         0  startup_LPC17xx.o ABSOLUTE
    src/LPC1768/system_LPC17xx.c             0x00000000   Number         0  system_LPC17xx.o ABSOLUTE
    src/cmsis_nvic.c                         0x00000000   Number         0  cmsis_nvic.o ABSOLUTE
    src/exit.c                               0x00000000   Number         0  exit.c.lpc1768.arm.o ABSOLUTE
    src/gpio_api.c                           0x00000000   Number         0  gpio_api.c.lpc1768.arm.o ABSOLUTE
    src/pinmap.c                             0x00000000   Number         0  pinmap.c.lpc1768.arm.o ABSOLUTE
    src/semihost_api.c                       0x00000000   Number         0  semihost_api.c.lpc1768.arm.o ABSOLUTE
    src/serial_api.c                         0x00000000   Number         0  serial_api.c.lpc1768.arm.o ABSOLUTE
    src/stackheap.c                          0x00000000   Number         0  stackheap.o ABSOLUTE
    src/stdio.cpp                            0x00000000   Number         0  stdio.cpp.lpc1768.arm.o ABSOLUTE
    src/timer_api.c                          0x00000000   Number         0  timer_api.c.lpc1768.arm.o ABSOLUTE
    src/us_ticker_api.c                      0x00000000   Number         0  us_ticker_api.c.lpc1768.arm.o ABSOLUTE
    src/utils_api.c                          0x00000000   Number         0  utils_api.c.lpc1768.arm.o ABSOLUTE
    src/wait_api.c                           0x00000000   Number         0  wait_api.c.lpc1768.arm.o ABSOLUTE
    !!!main                                  0x000000c4   Section        8  __main.o(!!!main)
    !!!scatter                               0x000000cc   Section       52  __scatter.o(!!!scatter)
    !!handler_copy                           0x00000100   Section       26  __scatter_copy.o(!!handler_copy)
    !!handler_zi                             0x0000011c   Section       28  __scatter_zi.o(!!handler_zi)
    .ARM.Collect$$_printf_percent$$00000000  0x00000138   Section        0  _printf_percent.o(.ARM.Collect$$_printf_percent$$00000000)
    .ARM.Collect$$_printf_percent$$00000001  0x00000138   Section        6  _printf_n.o(.ARM.Collect$$_printf_percent$$00000001)
    .ARM.Collect$$_printf_percent$$00000002  0x0000013e   Section        6  _printf_p.o(.ARM.Collect$$_printf_percent$$00000002)
    .ARM.Collect$$_printf_percent$$00000003  0x00000144   Section        6  _printf_f.o(.ARM.Collect$$_printf_percent$$00000003)
    .ARM.Collect$$_printf_percent$$00000004  0x0000014a   Section        6  _printf_e.o(.ARM.Collect$$_printf_percent$$00000004)
    .ARM.Collect$$_printf_percent$$00000005  0x00000150   Section        6  _printf_g.o(.ARM.Collect$$_printf_percent$$00000005)
    .ARM.Collect$$_printf_percent$$00000006  0x00000156   Section        6  _printf_a.o(.ARM.Collect$$_printf_percent$$00000006)
    .ARM.Collect$$_printf_percent$$00000007  0x0000015c   Section       10  _printf_ll.o(.ARM.Collect$$_printf_percent$$00000007)
    .ARM.Collect$$_printf_percent$$00000008  0x00000166   Section        6  _printf_i.o(.ARM.Collect$$_printf_percent$$00000008)
    .ARM.Collect$$_printf_percent$$00000009  0x0000016c   Section        6  _printf_d.o(.ARM.Collect$$_printf_percent$$00000009)
    .ARM.Collect$$_printf_percent$$0000000A  0x00000172   Section        6  _printf_u.o(.ARM.Collect$$_printf_percent$$0000000A)
    .ARM.Collect$$_printf_percent$$0000000B  0x00000178   Section        6  _printf_o.o(.ARM.Collect$$_printf_percent$$0000000B)
    .ARM.Collect$$_printf_percent$$0000000C  0x0000017e   Section        6  _printf_x.o(.ARM.Collect$$_printf_percent$$0000000C)
    .ARM.Collect$$_printf_percent$$0000000D  0x00000184   Section        6  _printf_lli.o(.ARM.Collect$$_printf_percent$$0000000D)
    .ARM.Collect$$_printf_percent$$0000000E  0x0000018a   Section        6  _printf_lld.o(.ARM.Collect$$_printf_percent$$0000000E)
    .ARM.Collect$$_printf_percent$$0000000F  0x00000190   Section        6  _printf_llu.o(.ARM.Collect$$_printf_percent$$0000000F)
    .ARM.Collect$$_printf_percent$$00000010  0x00000196   Section        6  _printf_llo.o(.ARM.Collect$$_printf_percent$$00000010)
    .ARM.Collect$$_printf_percent$$00000011  0x0000019c   Section        6  _printf_llx.o(.ARM.Collect$$_printf_percent$$00000011)
    .ARM.Collect$$_printf_percent$$00000012  0x000001a2   Section       10  _printf_l.o(.ARM.Collect$$_printf_percent$$00000012)
    .ARM.Collect$$_printf_percent$$00000013  0x000001ac   Section        6  _printf_c.o(.ARM.Collect$$_printf_percent$$00000013)
    .ARM.Collect$$_printf_percent$$00000014  0x000001b2   Section        6  _printf_s.o(.ARM.Collect$$_printf_percent$$00000014)
    .ARM.Collect$$_printf_percent$$00000015  0x000001b8   Section        6  _printf_lc.o(.ARM.Collect$$_printf_percent$$00000015)
    .ARM.Collect$$_printf_percent$$00000016  0x000001be   Section        6  _printf_ls.o(.ARM.Collect$$_printf_percent$$00000016)
    .ARM.Collect$$_printf_percent$$00000017  0x000001c4   Section        4  _printf_percent_end.o(.ARM.Collect$$_printf_percent$$00000017)
    .ARM.Collect$$libinit$$00000000          0x000001c8   Section        6  libinit.o(.ARM.Collect$$libinit$$00000000)
    .ARM.Collect$$libinit$$00000001          0x000001ce   Section        8  libinit2.o(.ARM.Collect$$libinit$$00000001)
    .ARM.Collect$$libinit$$00000006          0x000001d6   Section        0  libinit2.o(.ARM.Collect$$libinit$$00000006)
    .ARM.Collect$$libinit$$00000008          0x000001d6   Section        0  libinit2.o(.ARM.Collect$$libinit$$00000008)
    .ARM.Collect$$libinit$$0000000A          0x000001d6   Section        0  libinit2.o(.ARM.Collect$$libinit$$0000000A)
    .ARM.Collect$$libinit$$0000000B          0x000001d6   Section        6  libinit2.o(.ARM.Collect$$libinit$$0000000B)
    .ARM.Collect$$libinit$$0000000D          0x000001dc   Section        0  libinit2.o(.ARM.Collect$$libinit$$0000000D)
    .ARM.Collect$$libinit$$0000000E          0x000001dc   Section       12  libinit2.o(.ARM.Collect$$libinit$$0000000E)
    .ARM.Collect$$libinit$$0000000F          0x000001e8   Section        0  libinit2.o(.ARM.Collect$$libinit$$0000000F)
    .ARM.Collect$$libinit$$00000011          0x000001e8   Section        0  libinit2.o(.ARM.Collect$$libinit$$00000011)
    .ARM.Collect$$libinit$$00000012          0x000001e8   Section       10  libinit2.o(.ARM.Collect$$libinit$$00000012)
    .ARM.Collect$$libinit$$00000013          0x000001f2   Section        0  libinit2.o(.ARM.Collect$$libinit$$00000013)
    .ARM.Collect$$libinit$$00000015          0x000001f2   Section        0  libinit2.o(.ARM.Collect$$libinit$$00000015)
    .ARM.Collect$$libinit$$00000017          0x000001f2   Section        0  libinit2.o(.ARM.Collect$$libinit$$00000017)
    .ARM.Collect$$libinit$$00000019          0x000001f2   Section        0  libinit2.o(.ARM.Collect$$libinit$$00000019)
    .ARM.Collect$$libinit$$0000001B          0x000001f2   Section        0  libinit2.o(.ARM.Collect$$libinit$$0000001B)
    .ARM.Collect$$libinit$$0000001D          0x000001f2   Section        0  libinit2.o(.ARM.Collect$$libinit$$0000001D)
    .ARM.Collect$$libinit$$0000001F          0x000001f2   Section        0  libinit2.o(.ARM.Collect$$libinit$$0000001F)
    .ARM.Collect$$libinit$$00000021          0x000001f2   Section        0  libinit2.o(.ARM.Collect$$libinit$$00000021)
    .ARM.Collect$$libinit$$00000028          0x000001f2   Section        0  libinit2.o(.ARM.Collect$$libinit$$00000028)
    .ARM.Collect$$libinit$$0000002A          0x000001f2   Section        0  libinit2.o(.ARM.Collect$$libinit$$0000002A)
    .ARM.Collect$$libinit$$0000002C          0x000001f2   Section        0  libinit2.o(.ARM.Collect$$libinit$$0000002C)
    .ARM.Collect$$libinit$$0000002D          0x000001f2   Section        4  libinit2.o(.ARM.Collect$$libinit$$0000002D)
    .ARM.Collect$$libinit$$0000002E          0x000001f6   Section        0  libinit2.o(.ARM.Collect$$libinit$$0000002E)
    .ARM.Collect$$libinit$$0000002F          0x000001f6   Section        2  libinit2.o(.ARM.Collect$$libinit$$0000002F)
    .ARM.Collect$$libshutdown$$00000001      0x000001f8   Section        6  libshutdown2.o(.ARM.Collect$$libshutdown$$00000001)
    .ARM.Collect$$rtentry$$00000000          0x000001fe   Section        0  rtentry.o(.ARM.Collect$$rtentry$$00000000)
    .ARM.Collect$$rtentry$$00000002          0x000001fe   Section        0  rtentry2.o(.ARM.Collect$$rtentry$$00000002)
    .ARM.Collect$$rtentry$$00000004          0x000001fe   Section        6  rtentry4.o(.ARM.Collect$$rtentry$$00000004)
    .ARM.Collect$$rtentry$$00000009          0x00000204   Section        0  rtentry2.o(.ARM.Collect$$rtentry$$00000009)
    .ARM.Collect$$rtentry$$0000000A          0x00000204   Section        4  rtentry2.o(.ARM.Collect$$rtentry$$0000000A)
    .ARM.Collect$$rtentry$$0000000C          0x00000208   Section        0  rtentry2.o(.ARM.Collect$$rtentry$$0000000C)
    .ARM.Collect$$rtentry$$0000000D          0x00000208   Section        8  rtentry2.o(.ARM.Collect$$rtentry$$0000000D)
    .emb_text                                0x00000210   Section        0  maybetermalloc1.o(.emb_text)
    .text                                    0x00000210   Section        0  main.o(.text)
    __sti___8_main_cpp                       0x00000231   Thumb Code    24  main.o(.text)
    .text                                    0x0000025c   Section       36  startup_LPC17xx.o(.text)
    .text                                    0x00000280   Section        0  sprintf.o(.text)
    .text                                    0x000002ac   Section        0  init_aeabi.o(.text)
    .text                                    0x000002d0   Section       16  rt_ctype_table.o(.text)
    .text                                    0x000002e0   Section        8  rt_ddtor_pointer_addr.o(.text)
    .text                                    0x000002e8   Section        0  _sputc.o(.text)
    .text                                    0x000002f4   Section        8  rt_heap_descriptor.o(.text)
    .ARM.__at_0x02FC                         0x000002fc   Section        4  startup_LPC17xx.o(.ARM.__at_0x02FC)
    .text                                    0x00000300   Section      128  strcmpv7m.o(.text)
    .text                                    0x00000380   Section        0  h1_alloc.o(.text)
    .text                                    0x000003de   Section        0  h1_free.o(.text)
    .text                                    0x0000042c   Section        0  _printf_pad.o(.text)
    .text                                    0x0000047c   Section        0  _printf_truncate.o(.text)
    .text                                    0x000004a0   Section        0  _printf_str.o(.text)
    .text                                    0x000004f4   Section        0  _printf_dec.o(.text)
    .text                                    0x0000056c   Section        0  _printf_charcount.o(.text)
    .text                                    0x00000598   Section        0  _printf_char_common.o(.text)
    _printf_input_char                       0x00000599   Thumb Code    10  _printf_char_common.o(.text)
    .text                                    0x000005c8   Section        0  _printf_wctomb.o(.text)
    .text                                    0x00000684   Section        0  _printf_longlong_dec.o(.text)
    .text                                    0x000006fc   Section        0  _printf_oct_int_ll.o(.text)
    _printf_longlong_oct_internal            0x000006fd   Thumb Code     0  _printf_oct_int_ll.o(.text)
    .text                                    0x00000774   Section        0  _printf_hex_int_ll_ptr.o(.text)
    _printf_hex_common                       0x00000775   Thumb Code     0  _printf_hex_int_ll_ptr.o(.text)
    .text                                    0x00000810   Section        0  __printf_flags_ss_wp.o(.text)
    .text                                    0x000009ac   Section        0  sys_wrch.o(.text)
    .text                                    0x000009bc   Section        0  sys_exit.o(.text)
    .text                                    0x000009c8   Section        8  rt_locale.o(.text)
    .text                                    0x000009d0   Section        0  hguard.o(.text)
    .text                                    0x000009d4   Section        0  init_alloc.o(.text)
    .text                                    0x00000a5e   Section        0  h1_init.o(.text)
    .text                                    0x00000a6c   Section      138  lludiv10.o(.text)
    .text                                    0x00000af6   Section        0  _printf_intcommon.o(.text)
    .text                                    0x00000baa   Section        0  _printf_fp_dec.o(.text)
    _fp_digits                               0x00000bad   Thumb Code   420  _printf_fp_dec.o(.text)
    .text                                    0x00000fc4   Section        0  _printf_fp_hex.o(.text)
    .text                                    0x000012b8   Section        0  _printf_char.o(.text)
    .text                                    0x000012e4   Section        0  _printf_wchar.o(.text)
    .text                                    0x00001310   Section        0  _wcrtomb.o(.text)
    .text                                    0x00001350   Section        0  defsig_exit.o(.text)
    .text                                    0x0000135a   Section        2  use_no_semi.o(.text)
    .text                                    0x0000135c   Section        0  h1_extend.o(.text)
    .text                                    0x00001390   Section        0  _printf_fp_infnan.o(.text)
    .text                                    0x0000140c   Section        0  bigflt0.o(.text)
    .text                                    0x000014f8   Section        0  defsig_general.o(.text)
    .text                                    0x0000152a   Section        0  defsig_rtmem_outer.o(.text)
    .text                                    0x00001538   Section        0  heapauxa.o(.text)
    .text                                    0x00001584   Section        0  defsig_rtmem_inner.o(.text)
    .text                                    0x000015d0   Section        8  rt_fp_status_addr.o(.text)
    CL$$btod_d2e                             0x000015d8   Section       62  btod.o(CL$$btod_d2e)
    CL$$btod_d2e_denorm_low                  0x00001616   Section       70  btod.o(CL$$btod_d2e_denorm_low)
    CL$$btod_d2e_norm_op1                    0x0000165c   Section       96  btod.o(CL$$btod_d2e_norm_op1)
    CL$$btod_div_common                      0x000016bc   Section      824  btod.o(CL$$btod_div_common)
    CL$$btod_e2e                             0x000019f4   Section      198  btod.o(CL$$btod_e2e)
    CL$$btod_ediv                            0x00001aba   Section       40  btod.o(CL$$btod_ediv)
    CL$$btod_emul                            0x00001ae2   Section       40  btod.o(CL$$btod_emul)
    CL$$btod_mult_common                     0x00001b0a   Section      580  btod.o(CL$$btod_mult_common)
    i.SystemInit                             0x00001d50   Section        0  system_LPC17xx.o(i.SystemInit)
    i._ZN4mbed10DigitalOutC1E7PinNamePKc     0x00001dc8   Section        0  DigitalOut.cpp.lpc1768.arm.o(i._ZN4mbed10DigitalOutC1E7PinNamePKc)
    i._ZN4mbed10DigitalOutD0Ev               0x00001de8   Section        0  DigitalOut.cpp.lpc1768.arm.o(i._ZN4mbed10DigitalOutD0Ev)
    i._ZN4mbed10DigitalOutD1Ev               0x00001df6   Section        0  DigitalOut.cpp.lpc1768.arm.o(i._ZN4mbed10DigitalOutD1Ev)
    i._ZN4mbed10DigitalOutaSEi               0x00001dfa   Section        0  DigitalOut.cpp.lpc1768.arm.o(i._ZN4mbed10DigitalOutaSEi)
    i._ZN4mbed4Base5clearEPKcPc              0x00001e08   Section        0  Base.cpp.lpc1768.arm.o(i._ZN4mbed4Base5clearEPKcPc)
    i._ZN4mbed4Base9list_objsEPKcPc          0x00001e38   Section        0  Base.cpp.lpc1768.arm.o(i._ZN4mbed4Base9list_objsEPKcPc)
    i._ZN4mbed4BaseC1EPKc                    0x00001e78   Section        0  Base.cpp.lpc1768.arm.o(i._ZN4mbed4BaseC1EPKc)
    i._ZN4mbed4BaseD0Ev                      0x00001e9c   Section        0  Base.cpp.lpc1768.arm.o(i._ZN4mbed4BaseD0Ev)
    i._ZN4mbed4BaseD1Ev                      0x00001ed0   Section        0  Base.cpp.lpc1768.arm.o(i._ZN4mbed4BaseD1Ev)
    i._ZdaPv                                 0x00001f08   Section        0  array_del.o(i._ZdaPv)
    i._ZdlPv                                 0x00001f10   Section        0  delete.o(i._ZdlPv)
    i.__ARM_fpclassify                       0x00001f18   Section        0  fpclassify.o(i.__ARM_fpclassify)
    i.__aeabi_atexit                         0x00001f40   Section        0  aeabi_atexit.o(i.__aeabi_atexit)
    i.__cxa_finalize                         0x00001f70   Section        0  cxa_finalize.o(i.__cxa_finalize)
    i.__user_setup_stackheap                 0x00001fb4   Section        0  stackheap.o(i.__user_setup_stackheap)
    i.exit                                   0x00001fc0   Section        0  exit.c.lpc1768.arm.o(i.exit)
    i.gpio_output                            0x00001fd6   Section        0  gpio_api.c.lpc1768.arm.o(i.gpio_output)
    i.gpio_write                             0x00002006   Section        0  gpio_api.c.lpc1768.arm.o(i.gpio_write)
    i.mbed_die                               0x00002020   Section        0  utils_api.c.lpc1768.arm.o(i.mbed_die)
    i.pin_function                           0x00002098   Section        0  pinmap.c.lpc1768.arm.o(i.pin_function)
    i.pin_mode                               0x000020d0   Section        0  pinmap.c.lpc1768.arm.o(i.pin_mode)
    i.semihost_exit                          0x00002108   Section        0  semihost_api.c.lpc1768.arm.o(i.semihost_exit)
    i.timer_frequency                        0x00002114   Section        0  timer_api.c.lpc1768.arm.o(i.timer_frequency)
    i.timer_init                             0x00002128   Section        0  timer_api.c.lpc1768.arm.o(i.timer_init)
    i.timer_read                             0x00002198   Section        0  timer_api.c.lpc1768.arm.o(i.timer_read)
    i.timer_start                            0x0000219c   Section        0  timer_api.c.lpc1768.arm.o(i.timer_start)
    i.us_ticker_read                         0x000021a8   Section        0  us_ticker_api.c.lpc1768.arm.o(i.us_ticker_read)
    i.wait                                   0x000021e0   Section        0  wait_api.c.lpc1768.arm.o(i.wait)
    i.wait_ms                                0x00002210   Section        0  wait_api.c.lpc1768.arm.o(i.wait_ms)
    locale$$code                             0x0000222c   Section       44  lc_ctype_c.o(locale$$code)
    locale$$code                             0x00002258   Section       44  lc_numeric_c.o(locale$$code)
    x$fpl$dfix                               0x00002284   Section       94  dfix.o(x$fpl$dfix)
    x$fpl$dmul                               0x000022e4   Section      340  dmul.o(x$fpl$dmul)
    x$fpl$dnaninf                            0x00002438   Section      156  dnaninf.o(x$fpl$dnaninf)
    x$fpl$dretinf                            0x000024d4   Section       12  dretinf.o(x$fpl$dretinf)
    x$fpl$f2d                                0x000024e0   Section       86  f2d.o(x$fpl$f2d)
    x$fpl$fnaninf                            0x00002536   Section      140  fnaninf.o(x$fpl$fnaninf)
    x$fpl$fpinit                             0x000025c2   Section       14  fpinit.o(x$fpl$fpinit)
    x$fpl$printf1                            0x000025d0   Section        4  printf1.o(x$fpl$printf1)
    x$fpl$printf2                            0x000025d4   Section        4  printf2.o(x$fpl$printf2)
    .constdata                               0x000025d8   Section       24  Base.cpp.lpc1768.arm.o(.constdata)
    x$fpl$usenofp                            0x000025d8   Section        0  usenofp.o(x$fpl$usenofp)
    .constdata                               0x000025f0   Section        8  _printf_wctomb.o(.constdata)
    initial_mbstate                          0x000025f0   Data           8  _printf_wctomb.o(.constdata)
    .constdata                               0x000025f8   Section       40  _printf_hex_int_ll_ptr.o(.constdata)
    uc_hextab                                0x000025f8   Data          20  _printf_hex_int_ll_ptr.o(.constdata)
    lc_hextab                                0x0000260c   Data          20  _printf_hex_int_ll_ptr.o(.constdata)
    .constdata                               0x00002620   Section       17  __printf_flags_ss_wp.o(.constdata)
    maptable                                 0x00002620   Data          17  __printf_flags_ss_wp.o(.constdata)
    .constdata                               0x00002631   Section       38  _printf_fp_hex.o(.constdata)
    lc_hextab                                0x00002631   Data          19  _printf_fp_hex.o(.constdata)
    uc_hextab                                0x00002644   Data          19  _printf_fp_hex.o(.constdata)
    .constdata                               0x00002658   Section      148  bigflt0.o(.constdata)
    tenpwrs_x                                0x00002658   Data          60  bigflt0.o(.constdata)
    tenpwrs_i                                0x00002694   Data          64  bigflt0.o(.constdata)
    .constdata__ZTVN4mbed10DigitalOutE       0x000026ec   Section       24  DigitalOut.cpp.lpc1768.arm.o(.constdata__ZTVN4mbed10DigitalOutE)
    .constdata__ZTVN4mbed4BaseE              0x00002704   Section       24  Base.cpp.lpc1768.arm.o(.constdata__ZTVN4mbed4BaseE)
    .conststring                             0x0000271c   Section       14  Base.cpp.lpc1768.arm.o(.conststring)
    .conststring                             0x0000272a   Section        5  Base.cpp.lpc1768.arm.o(.conststring)
    locale$$data                             0x00002750   Section      272  lc_ctype_c.o(locale$$data)
    __lcctype_c_name                         0x00002754   Data           2  lc_ctype_c.o(locale$$data)
    __lcctype_c_start                        0x0000275c   Data           0  lc_ctype_c.o(locale$$data)
    locale$$data                             0x00002860   Section       28  lc_numeric_c.o(locale$$data)
    __lcctype_c_end                          0x00002860   Data           0  lc_ctype_c.o(locale$$data)
    __lcnum_c_name                           0x00002864   Data           2  lc_numeric_c.o(locale$$data)
    __lcnum_c_start                          0x0000286c   Data           0  lc_numeric_c.o(locale$$data)
    __lcnum_c_point                          0x00002878   Data           0  lc_numeric_c.o(locale$$data)
    __lcnum_c_thousands                      0x0000287a   Data           0  lc_numeric_c.o(locale$$data)
    __lcnum_c_grouping                       0x0000287b   Data           0  lc_numeric_c.o(locale$$data)
    .init_array                              0x0000287c   Section        4  main.o(.init_array)
    __lcnum_c_end                            0x0000287c   Data           0  lc_numeric_c.o(locale$$data)
    .ARM.__AT_0x10000000                     0x10000000   Section      196  cmsis_nvic.o(.ARM.__AT_0x10000000)
    vectors                                  0x10000000   Data         196  cmsis_nvic.o(.ARM.__AT_0x10000000)
    .data                                    0x100000c4   Section        4  system_LPC17xx.o(.data)
    .data                                    0x100000c8   Section        8  Base.cpp.lpc1768.arm.o(.data)
    .data                                    0x100000d0   Section       12  Base.cpp.lpc1768.arm.o(.data)
    .data                                    0x100000dc   Section        4  us_ticker_api.c.lpc1768.arm.o(.data)
    us_ticker_running                        0x100000dc   Data           4  us_ticker_api.c.lpc1768.arm.o(.data)
    .data                                    0x100000e0   Section        4  heapauxa.o(.data)
    __rt_heap_escrow_base                    0x100000e0   Data           4  heapauxa.o(.data)
    .bss                                     0x100000e4   Section       20  main.o(.bss)
    .bss                                     0x100000f8   Section        4  rt_ddtor_pointer_addr.o(.bss)
    __rt_ddtor_pointer_addr_data             0x100000f8   Data           4  rt_ddtor_pointer_addr.o(.bss)
    .bss                                     0x100000fc   Section        4  rt_heap_descriptor.o(.bss)
    __rt_heap_descriptor_data                0x100000fc   Data           4  rt_heap_descriptor.o(.bss)
    .bss                                     0x10000100   Section       20  rt_locale.o(.bss)
    __rt_locale_data                         0x10000100   Data          20  rt_locale.o(.bss)
    .bss                                     0x10000114   Section        4  rt_fp_status_addr.o(.bss)
    __rt_fp_status_addr_data                 0x10000114   Data           4  rt_fp_status_addr.o(.bss)

    Global Symbols

    Symbol Name                              Value     Ov Type        Size  Object(Section)

    BuildAttributes$$THM_ISAv4$P$D$K$B$S$PE$A:L22UL41UL21$X:L11$S22US41US21$IEEE1$IW$USESV6$~STKCKD$USESV7$~SHL$OTIME$ROPI$IEEEX$EBA8$UX$STANDARDLIB$REQ8$PRES8$EABIv2 0x00000000   Number         0  anon$$obj.o ABSOLUTE
    __ARM_use_no_argv                        0x00000000   Number         0  main.o ABSOLUTE
    __Vectors                                0x00000000   Data           4  startup_LPC17xx.o(RESET)
    __dso_handle                             0x00000000   Number         0  startup_LPC17xx.o(RESET)
    _printf_flags                            0x00000000   Number         0  printf_stubs.o ABSOLUTE
    _printf_return_value                     0x00000000   Number         0  printf_stubs.o ABSOLUTE
    _printf_sizespec                         0x00000000   Number         0  printf_stubs.o ABSOLUTE
    _printf_widthprec                        0x00000000   Number         0  printf_stubs.o ABSOLUTE
    SHT$$ARM_EXIDX$$Base                      - Undefined Reference
    SHT$$ARM_EXIDX$$Limit                     - Undefined Reference
    __ARM::default_unexpected_handler()       - Undefined Weak Reference
    __ARM_exceptions_buffer_required          - Undefined Weak Reference
    __ARM_exceptions_init                     - Undefined Weak Reference
    __aeabi_unwind_cpp_pr1                    - Undefined Weak Reference
    __aeabi_unwind_cpp_pr2                    - Undefined Weak Reference
    __alloca_initialize                       - Undefined Weak Reference
    __cxa_begin_cleanup                       - Undefined Weak Reference
    __cxa_type_match                          - Undefined Weak Reference
    __fpl_infinity                            - Undefined Weak Reference
    __rt_lib_shutdown                         - Undefined Weak Reference
    __sigvec_lookup                           - Undefined Weak Reference
    __user_heap_extent                        - Undefined Weak Reference
    _atexit_init                              - Undefined Weak Reference
    _clock_init                               - Undefined Weak Reference
    _fp_trap_init                             - Undefined Weak Reference
    _fp_trap_shutdown                         - Undefined Weak Reference
    _get_lc_collate                           - Undefined Weak Reference
    _get_lc_monetary                          - Undefined Weak Reference
    _get_lc_time                              - Undefined Weak Reference
    _getenv_init                              - Undefined Weak Reference
    _handle_redirection                       - Undefined Weak Reference
    _mutex_acquire                            - Undefined Weak Reference
    _mutex_free                               - Undefined Weak Reference
    _mutex_release                            - Undefined Weak Reference
    _printf_mbtowc                            - Undefined Weak Reference
    _printf_wc                                - Undefined Weak Reference
    _rand_init                                - Undefined Weak Reference
    _signal_finish                            - Undefined Weak Reference
    _signal_init                              - Undefined Weak Reference
    __main                                   0x000000c5   Thumb Code     8  __main.o(!!!main)
    __scatterload                            0x000000cd   Thumb Code     0  __scatter.o(!!!scatter)
    __scatterload_rt2                        0x000000cd   Thumb Code    44  __scatter.o(!!!scatter)
    __scatterload_rt2_thumb_only             0x000000cd   Thumb Code     0  __scatter.o(!!!scatter)
    __scatterload_null                       0x000000db   Thumb Code     0  __scatter.o(!!!scatter)
    __scatterload_copy                       0x00000101   Thumb Code    26  __scatter_copy.o(!!handler_copy)
    __scatterload_zeroinit                   0x0000011d   Thumb Code    28  __scatter_zi.o(!!handler_zi)
    _printf_n                                0x00000139   Thumb Code     0  _printf_n.o(.ARM.Collect$$_printf_percent$$00000001)
    _printf_percent                          0x00000139   Thumb Code     0  _printf_percent.o(.ARM.Collect$$_printf_percent$$00000000)
    _printf_p                                0x0000013f   Thumb Code     0  _printf_p.o(.ARM.Collect$$_printf_percent$$00000002)
    _printf_f                                0x00000145   Thumb Code     0  _printf_f.o(.ARM.Collect$$_printf_percent$$00000003)
    _printf_e                                0x0000014b   Thumb Code     0  _printf_e.o(.ARM.Collect$$_printf_percent$$00000004)
    _printf_g                                0x00000151   Thumb Code     0  _printf_g.o(.ARM.Collect$$_printf_percent$$00000005)
    _printf_a                                0x00000157   Thumb Code     0  _printf_a.o(.ARM.Collect$$_printf_percent$$00000006)
    _printf_ll                               0x0000015d   Thumb Code     0  _printf_ll.o(.ARM.Collect$$_printf_percent$$00000007)
    _printf_i                                0x00000167   Thumb Code     0  _printf_i.o(.ARM.Collect$$_printf_percent$$00000008)
    _printf_d                                0x0000016d   Thumb Code     0  _printf_d.o(.ARM.Collect$$_printf_percent$$00000009)
    _printf_u                                0x00000173   Thumb Code     0  _printf_u.o(.ARM.Collect$$_printf_percent$$0000000A)
    _printf_o                                0x00000179   Thumb Code     0  _printf_o.o(.ARM.Collect$$_printf_percent$$0000000B)
    _printf_x                                0x0000017f   Thumb Code     0  _printf_x.o(.ARM.Collect$$_printf_percent$$0000000C)
    _printf_lli                              0x00000185   Thumb Code     0  _printf_lli.o(.ARM.Collect$$_printf_percent$$0000000D)
    _printf_lld                              0x0000018b   Thumb Code     0  _printf_lld.o(.ARM.Collect$$_printf_percent$$0000000E)
    _printf_llu                              0x00000191   Thumb Code     0  _printf_llu.o(.ARM.Collect$$_printf_percent$$0000000F)
    _printf_llo                              0x00000197   Thumb Code     0  _printf_llo.o(.ARM.Collect$$_printf_percent$$00000010)
    _printf_llx                              0x0000019d   Thumb Code     0  _printf_llx.o(.ARM.Collect$$_printf_percent$$00000011)
    _printf_l                                0x000001a3   Thumb Code     0  _printf_l.o(.ARM.Collect$$_printf_percent$$00000012)
    _printf_c                                0x000001ad   Thumb Code     0  _printf_c.o(.ARM.Collect$$_printf_percent$$00000013)
    _printf_s                                0x000001b3   Thumb Code     0  _printf_s.o(.ARM.Collect$$_printf_percent$$00000014)
    _printf_lc                               0x000001b9   Thumb Code     0  _printf_lc.o(.ARM.Collect$$_printf_percent$$00000015)
    _printf_ls                               0x000001bf   Thumb Code     0  _printf_ls.o(.ARM.Collect$$_printf_percent$$00000016)
    _printf_percent_end                      0x000001c5   Thumb Code     0  _printf_percent_end.o(.ARM.Collect$$_printf_percent$$00000017)
    __rt_lib_init                            0x000001c9   Thumb Code     0  libinit.o(.ARM.Collect$$libinit$$00000000)
    __rt_lib_init_heap_2                     0x000001cf   Thumb Code     0  libinit2.o(.ARM.Collect$$libinit$$00000001)
    __rt_lib_init_heap_1                     0x000001d7   Thumb Code     0  libinit2.o(.ARM.Collect$$libinit$$00000006)
    __rt_lib_init_lc_common                  0x000001d7   Thumb Code     0  libinit2.o(.ARM.Collect$$libinit$$0000000B)
    __rt_lib_init_rand_1                     0x000001d7   Thumb Code     0  libinit2.o(.ARM.Collect$$libinit$$0000000A)
    __rt_lib_init_user_alloc_1               0x000001d7   Thumb Code     0  libinit2.o(.ARM.Collect$$libinit$$00000008)
    __rt_lib_init_lc_collate_1               0x000001dd   Thumb Code     0  libinit2.o(.ARM.Collect$$libinit$$0000000D)
    __rt_lib_init_lc_ctype_2                 0x000001dd   Thumb Code     0  libinit2.o(.ARM.Collect$$libinit$$0000000E)
    __rt_lib_init_lc_ctype_1                 0x000001e9   Thumb Code     0  libinit2.o(.ARM.Collect$$libinit$$0000000F)
    __rt_lib_init_lc_monetary_1              0x000001e9   Thumb Code     0  libinit2.o(.ARM.Collect$$libinit$$00000011)
    __rt_lib_init_lc_numeric_2               0x000001e9   Thumb Code     0  libinit2.o(.ARM.Collect$$libinit$$00000012)
    __rt_lib_init_alloca_1                   0x000001f3   Thumb Code     0  libinit2.o(.ARM.Collect$$libinit$$0000002A)
    __rt_lib_init_argv_1                     0x000001f3   Thumb Code     0  libinit2.o(.ARM.Collect$$libinit$$00000028)
    __rt_lib_init_atexit_1                   0x000001f3   Thumb Code     0  libinit2.o(.ARM.Collect$$libinit$$00000017)
    __rt_lib_init_clock_1                    0x000001f3   Thumb Code     0  libinit2.o(.ARM.Collect$$libinit$$0000001D)
    __rt_lib_init_cpp_2                      0x000001f3   Thumb Code     0  libinit2.o(.ARM.Collect$$libinit$$0000002D)
    __rt_lib_init_exceptions_1               0x000001f3   Thumb Code     0  libinit2.o(.ARM.Collect$$libinit$$0000002C)
    __rt_lib_init_fp_trap_1                  0x000001f3   Thumb Code     0  libinit2.o(.ARM.Collect$$libinit$$0000001B)
    __rt_lib_init_getenv_1                   0x000001f3   Thumb Code     0  libinit2.o(.ARM.Collect$$libinit$$0000001F)
    __rt_lib_init_lc_numeric_1               0x000001f3   Thumb Code     0  libinit2.o(.ARM.Collect$$libinit$$00000013)
    __rt_lib_init_lc_time_1                  0x000001f3   Thumb Code     0  libinit2.o(.ARM.Collect$$libinit$$00000015)
    __rt_lib_init_signal_1                   0x000001f3   Thumb Code     0  libinit2.o(.ARM.Collect$$libinit$$00000019)
    __rt_lib_init_stdio_1                    0x000001f3   Thumb Code     0  libinit2.o(.ARM.Collect$$libinit$$00000021)
    __rt_lib_init_cpp_1                      0x000001f7   Thumb Code     0  libinit2.o(.ARM.Collect$$libinit$$0000002E)
    __rt_lib_init_return                     0x000001f7   Thumb Code     0  libinit2.o(.ARM.Collect$$libinit$$0000002F)
    __rt_lib_shutdown_cpp_1                  0x000001f9   Thumb Code     0  libshutdown2.o(.ARM.Collect$$libshutdown$$00000001)
    __rt_entry                               0x000001ff   Thumb Code     0  rtentry.o(.ARM.Collect$$rtentry$$00000000)
    __rt_entry_presh_1                       0x000001ff   Thumb Code     0  rtentry2.o(.ARM.Collect$$rtentry$$00000002)
    __rt_entry_sh                            0x000001ff   Thumb Code     0  rtentry4.o(.ARM.Collect$$rtentry$$00000004)
    __rt_entry_li                            0x00000205   Thumb Code     0  rtentry2.o(.ARM.Collect$$rtentry$$0000000A)
    __rt_entry_postsh_1                      0x00000205   Thumb Code     0  rtentry2.o(.ARM.Collect$$rtentry$$00000009)
    __rt_entry_main                          0x00000209   Thumb Code     0  rtentry2.o(.ARM.Collect$$rtentry$$0000000D)
    __rt_entry_postli_1                      0x00000209   Thumb Code     0  rtentry2.o(.ARM.Collect$$rtentry$$0000000C)
    _maybe_terminate_alloc                   0x00000211   Thumb Code     0  maybetermalloc1.o(.emb_text)
    main                                     0x00000211   Thumb Code    32  main.o(.text)
    Reset_Handler                            0x0000025d   Thumb Code     8  startup_LPC17xx.o(.text)
    NMI_Handler                              0x00000265   Thumb Code     2  startup_LPC17xx.o(.text)
    HardFault_Handler                        0x00000267   Thumb Code     2  startup_LPC17xx.o(.text)
    MemManage_Handler                        0x00000269   Thumb Code     2  startup_LPC17xx.o(.text)
    BusFault_Handler                         0x0000026b   Thumb Code     2  startup_LPC17xx.o(.text)
    UsageFault_Handler                       0x0000026d   Thumb Code     2  startup_LPC17xx.o(.text)
    SVC_Handler                              0x0000026f   Thumb Code     2  startup_LPC17xx.o(.text)
    DebugMon_Handler                         0x00000271   Thumb Code     2  startup_LPC17xx.o(.text)
    PendSV_Handler                           0x00000273   Thumb Code     2  startup_LPC17xx.o(.text)
    SysTick_Handler                          0x00000275   Thumb Code     2  startup_LPC17xx.o(.text)
    ADC_IRQHandler                           0x00000277   Thumb Code     0  startup_LPC17xx.o(.text)
    BOD_IRQHandler                           0x00000277   Thumb Code     0  startup_LPC17xx.o(.text)
    CAN_IRQHandler                           0x00000277   Thumb Code     0  startup_LPC17xx.o(.text)
    DMA_IRQHandler                           0x00000277   Thumb Code     0  startup_LPC17xx.o(.text)
    EINT0_IRQHandler                         0x00000277   Thumb Code     0  startup_LPC17xx.o(.text)
    EINT1_IRQHandler                         0x00000277   Thumb Code     0  startup_LPC17xx.o(.text)
    EINT2_IRQHandler                         0x00000277   Thumb Code     0  startup_LPC17xx.o(.text)
    EINT3_IRQHandler                         0x00000277   Thumb Code     0  startup_LPC17xx.o(.text)
    ENET_IRQHandler                          0x00000277   Thumb Code     0  startup_LPC17xx.o(.text)
    I2C0_IRQHandler                          0x00000277   Thumb Code     0  startup_LPC17xx.o(.text)
    I2C1_IRQHandler                          0x00000277   Thumb Code     0  startup_LPC17xx.o(.text)
    I2C2_IRQHandler                          0x00000277   Thumb Code     0  startup_LPC17xx.o(.text)
    I2S_IRQHandler                           0x00000277   Thumb Code     0  startup_LPC17xx.o(.text)
    MCPWM_IRQHandler                         0x00000277   Thumb Code     0  startup_LPC17xx.o(.text)
    PLL0_IRQHandler                          0x00000277   Thumb Code     0  startup_LPC17xx.o(.text)
    PLL1_IRQHandler                          0x00000277   Thumb Code     0  startup_LPC17xx.o(.text)
    PWM1_IRQHandler                          0x00000277   Thumb Code     0  startup_LPC17xx.o(.text)
    QEI_IRQHandler                           0x00000277   Thumb Code     0  startup_LPC17xx.o(.text)
    RIT_IRQHandler                           0x00000277   Thumb Code     0  startup_LPC17xx.o(.text)
    RTC_IRQHandler                           0x00000277   Thumb Code     0  startup_LPC17xx.o(.text)
    SPI_IRQHandler                           0x00000277   Thumb Code     0  startup_LPC17xx.o(.text)
    SSP0_IRQHandler                          0x00000277   Thumb Code     0  startup_LPC17xx.o(.text)
    SSP1_IRQHandler                          0x00000277   Thumb Code     0  startup_LPC17xx.o(.text)
    TIMER0_IRQHandler                        0x00000277   Thumb Code     0  startup_LPC17xx.o(.text)
    TIMER1_IRQHandler                        0x00000277   Thumb Code     0  startup_LPC17xx.o(.text)
    TIMER2_IRQHandler                        0x00000277   Thumb Code     0  startup_LPC17xx.o(.text)
    TIMER3_IRQHandler                        0x00000277   Thumb Code     0  startup_LPC17xx.o(.text)
    UART0_IRQHandler                         0x00000277   Thumb Code     0  startup_LPC17xx.o(.text)
    UART1_IRQHandler                         0x00000277   Thumb Code     0  startup_LPC17xx.o(.text)
    UART2_IRQHandler                         0x00000277   Thumb Code     0  startup_LPC17xx.o(.text)
    UART3_IRQHandler                         0x00000277   Thumb Code     0  startup_LPC17xx.o(.text)
    USB_IRQHandler                           0x00000277   Thumb Code     0  startup_LPC17xx.o(.text)
    WDT_IRQHandler                           0x00000277   Thumb Code     0  startup_LPC17xx.o(.text)
    sprintf                                  0x00000281   Thumb Code    38  sprintf.o(.text)
    __cpp_initialize__aeabi_                 0x000002ad   Thumb Code    26  init_aeabi.o(.text)
    __rt_ctype_table                         0x000002d1   Thumb Code    16  rt_ctype_table.o(.text)
    __rt_ddtor_pointer_addr                  0x000002e1   Thumb Code     8  rt_ddtor_pointer_addr.o(.text)
    _sputc                                   0x000002e9   Thumb Code    10  _sputc.o(.text)
    __rt_heap_descriptor                     0x000002f5   Thumb Code     8  rt_heap_descriptor.o(.text)
    strcmp                                   0x00000301   Thumb Code   128  strcmpv7m.o(.text)
    malloc                                   0x00000381   Thumb Code    94  h1_alloc.o(.text)
    free                                     0x000003df   Thumb Code    78  h1_free.o(.text)
    _printf_pre_padding                      0x0000042d   Thumb Code    44  _printf_pad.o(.text)
    _printf_post_padding                     0x00000459   Thumb Code    36  _printf_pad.o(.text)
    _printf_truncate_signed                  0x0000047d   Thumb Code    18  _printf_truncate.o(.text)
    _printf_truncate_unsigned                0x0000048f   Thumb Code    18  _printf_truncate.o(.text)
    _printf_str                              0x000004a1   Thumb Code    82  _printf_str.o(.text)
    _printf_int_dec                          0x000004f5   Thumb Code   102  _printf_dec.o(.text)
    _printf_charcount                        0x0000056d   Thumb Code    42  _printf_charcount.o(.text)
    _printf_char_common                      0x000005a3   Thumb Code    32  _printf_char_common.o(.text)
    _printf_wctomb                           0x000005c9   Thumb Code   182  _printf_wctomb.o(.text)
    _printf_longlong_dec                     0x00000685   Thumb Code   104  _printf_longlong_dec.o(.text)
    _printf_longlong_oct                     0x000006fd   Thumb Code    76  _printf_oct_int_ll.o(.text)
    _printf_int_oct                          0x00000749   Thumb Code    24  _printf_oct_int_ll.o(.text)
    _printf_ll_oct                           0x00000761   Thumb Code    12  _printf_oct_int_ll.o(.text)
    _printf_longlong_hex                     0x00000775   Thumb Code    92  _printf_hex_int_ll_ptr.o(.text)
    _printf_int_hex                          0x000007d1   Thumb Code    28  _printf_hex_int_ll_ptr.o(.text)
    _printf_ll_hex                           0x000007ed   Thumb Code    12  _printf_hex_int_ll_ptr.o(.text)
    _printf_hex_ptr                          0x000007f9   Thumb Code    18  _printf_hex_int_ll_ptr.o(.text)
    __printf                                 0x00000811   Thumb Code   408  __printf_flags_ss_wp.o(.text)
    _ttywrch                                 0x000009ad   Thumb Code    14  sys_wrch.o(.text)
    _sys_exit                                0x000009bd   Thumb Code     8  sys_exit.o(.text)
    __rt_locale                              0x000009c9   Thumb Code     8  rt_locale.o(.text)
    __use_no_heap                            0x000009d1   Thumb Code     2  hguard.o(.text)
    __heap$guard                             0x000009d3   Thumb Code     2  hguard.o(.text)
    _terminate_user_alloc                    0x000009d5   Thumb Code     2  init_alloc.o(.text)
    _init_user_alloc                         0x000009d7   Thumb Code     2  init_alloc.o(.text)
    __Heap_Full                              0x000009d9   Thumb Code    34  init_alloc.o(.text)
    __Heap_Broken                            0x000009fb   Thumb Code     6  init_alloc.o(.text)
    _init_alloc                              0x00000a01   Thumb Code    94  init_alloc.o(.text)
    __Heap_Initialize                        0x00000a5f   Thumb Code    10  h1_init.o(.text)
    __Heap_DescSize                          0x00000a69   Thumb Code     4  h1_init.o(.text)
    _ll_udiv10                               0x00000a6d   Thumb Code   138  lludiv10.o(.text)
    _printf_int_common                       0x00000af7   Thumb Code   180  _printf_intcommon.o(.text)
    __lib_sel_fp_printf                      0x00000bab   Thumb Code     2  _printf_fp_dec.o(.text)
    _printf_fp_dec_real                      0x00000d51   Thumb Code   628  _printf_fp_dec.o(.text)
    _printf_fp_hex_real                      0x00000fc5   Thumb Code   748  _printf_fp_hex.o(.text)
    _printf_cs_common                        0x000012b9   Thumb Code    20  _printf_char.o(.text)
    _printf_char                             0x000012cd   Thumb Code    16  _printf_char.o(.text)
    _printf_string                           0x000012dd   Thumb Code     8  _printf_char.o(.text)
    _printf_lcs_common                       0x000012e5   Thumb Code    20  _printf_wchar.o(.text)
    _printf_wchar                            0x000012f9   Thumb Code    16  _printf_wchar.o(.text)
    _printf_wstring                          0x00001309   Thumb Code     8  _printf_wchar.o(.text)
    _wcrtomb                                 0x00001311   Thumb Code    64  _wcrtomb.o(.text)
    __sig_exit                               0x00001351   Thumb Code    10  defsig_exit.o(.text)
    __I$use$semihosting                      0x0000135b   Thumb Code     0  use_no_semi.o(.text)
    __use_no_semihosting_swi                 0x0000135b   Thumb Code     2  use_no_semi.o(.text)
    __Heap_ProvideMemory                     0x0000135d   Thumb Code    50  h1_extend.o(.text)
    _printf_fp_infnan                        0x00001391   Thumb Code   108  _printf_fp_infnan.o(.text)
    _btod_etento                             0x0000140d   Thumb Code   230  bigflt0.o(.text)
    __default_signal_display                 0x000014f9   Thumb Code    50  defsig_general.o(.text)
    __rt_SIGRTMEM                            0x0000152b   Thumb Code    14  defsig_rtmem_outer.o(.text)
    __rt_heap_escrow                         0x00001539   Thumb Code    20  heapauxa.o(.text)
    __rt_heap_expand                         0x0000154d   Thumb Code    52  heapauxa.o(.text)
    __rt_SIGRTMEM_inner                      0x00001585   Thumb Code    20  defsig_rtmem_inner.o(.text)
    __rt_fp_status_addr                      0x000015d1   Thumb Code     8  rt_fp_status_addr.o(.text)
    _btod_d2e                                0x000015d9   Thumb Code    62  btod.o(CL$$btod_d2e)
    _d2e_denorm_low                          0x00001617   Thumb Code    70  btod.o(CL$$btod_d2e_denorm_low)
    _d2e_norm_op1                            0x0000165d   Thumb Code    96  btod.o(CL$$btod_d2e_norm_op1)
    __btod_div_common                        0x000016bd   Thumb Code   696  btod.o(CL$$btod_div_common)
    _e2e                                     0x000019f5   Thumb Code   198  btod.o(CL$$btod_e2e)
    _btod_ediv                               0x00001abb   Thumb Code    40  btod.o(CL$$btod_ediv)
    _btod_emul                               0x00001ae3   Thumb Code    40  btod.o(CL$$btod_emul)
    __btod_mult_common                       0x00001b0b   Thumb Code   580  btod.o(CL$$btod_mult_common)
    SystemInit                               0x00001d51   Thumb Code   110  system_LPC17xx.o(i.SystemInit)
    mbed::DigitalOut::DigitalOut(PinName, const char*) 0x00001dc9   Thumb Code    28  DigitalOut.cpp.lpc1768.arm.o(i._ZN4mbed10DigitalOutC1E7PinNamePKc)
    mbed::DigitalOut::DigitalOut__sub_object(PinName, const char*) 0x00001dc9   Thumb Code     0  DigitalOut.cpp.lpc1768.arm.o(i._ZN4mbed10DigitalOutC1E7PinNamePKc)
    mbed::DigitalOut::~DigitalOut__deallocating() 0x00001de9   Thumb Code    14  DigitalOut.cpp.lpc1768.arm.o(i._ZN4mbed10DigitalOutD0Ev)
    mbed::DigitalOut::~DigitalOut()          0x00001df7   Thumb Code     4  DigitalOut.cpp.lpc1768.arm.o(i._ZN4mbed10DigitalOutD1Ev)
    mbed::DigitalOut::~DigitalOut__sub_object() 0x00001df7   Thumb Code     0  DigitalOut.cpp.lpc1768.arm.o(i._ZN4mbed10DigitalOutD1Ev)
    mbed::DigitalOut::operator =(int)        0x00001dfb   Thumb Code    14  DigitalOut.cpp.lpc1768.arm.o(i._ZN4mbed10DigitalOutaSEi)
    mbed::Base::clear(const char*, char*)    0x00001e09   Thumb Code    42  Base.cpp.lpc1768.arm.o(i._ZN4mbed4Base5clearEPKcPc)
    mbed::Base::list_objs(const char*, char*) 0x00001e39   Thumb Code    56  Base.cpp.lpc1768.arm.o(i._ZN4mbed4Base9list_objsEPKcPc)
    mbed::Base::Base(const char*)            0x00001e79   Thumb Code    28  Base.cpp.lpc1768.arm.o(i._ZN4mbed4BaseC1EPKc)
    mbed::Base::Base__sub_object(const char*) 0x00001e79   Thumb Code     0  Base.cpp.lpc1768.arm.o(i._ZN4mbed4BaseC1EPKc)
    mbed::Base::~Base__deallocating()        0x00001e9d   Thumb Code    44  Base.cpp.lpc1768.arm.o(i._ZN4mbed4BaseD0Ev)
    mbed::Base::~Base()                      0x00001ed1   Thumb Code    46  Base.cpp.lpc1768.arm.o(i._ZN4mbed4BaseD1Ev)
    mbed::Base::~Base__sub_object()          0x00001ed1   Thumb Code     0  Base.cpp.lpc1768.arm.o(i._ZN4mbed4BaseD1Ev)
    operator delete[] (void*)                0x00001f09   Thumb Code     8  array_del.o(i._ZdaPv)
    operator delete (void*)                  0x00001f11   Thumb Code     8  delete.o(i._ZdlPv)
    __ARM_fpclassify                         0x00001f19   Thumb Code    40  fpclassify.o(i.__ARM_fpclassify)
    __aeabi_atexit                           0x00001f41   Thumb Code    48  aeabi_atexit.o(i.__aeabi_atexit)
    __cxa_finalize                           0x00001f71   Thumb Code    66  cxa_finalize.o(i.__cxa_finalize)
    __user_setup_stackheap                   0x00001fb5   Thumb Code     8  stackheap.o(i.__user_setup_stackheap)
    exit                                     0x00001fc1   Thumb Code    22  exit.c.lpc1768.arm.o(i.exit)
    gpio_output                              0x00001fd7   Thumb Code    48  gpio_api.c.lpc1768.arm.o(i.gpio_output)
    gpio_write                               0x00002007   Thumb Code    24  gpio_api.c.lpc1768.arm.o(i.gpio_write)
    mbed_die                                 0x00002021   Thumb Code   114  utils_api.c.lpc1768.arm.o(i.mbed_die)
    pin_function                             0x00002099   Thumb Code    52  pinmap.c.lpc1768.arm.o(i.pin_function)
    pin_mode                                 0x000020d1   Thumb Code    52  pinmap.c.lpc1768.arm.o(i.pin_mode)
    semihost_exit                            0x00002109   Thumb Code    12  semihost_api.c.lpc1768.arm.o(i.semihost_exit)
    timer_frequency                          0x00002115   Thumb Code    16  timer_api.c.lpc1768.arm.o(i.timer_frequency)
    timer_init                               0x00002129   Thumb Code   100  timer_api.c.lpc1768.arm.o(i.timer_init)
    timer_read                               0x00002199   Thumb Code     4  timer_api.c.lpc1768.arm.o(i.timer_read)
    timer_start                              0x0000219d   Thumb Code    12  timer_api.c.lpc1768.arm.o(i.timer_start)
    us_ticker_read                           0x000021a9   Thumb Code    44  us_ticker_api.c.lpc1768.arm.o(i.us_ticker_read)
    wait                                     0x000021e1   Thumb Code    40  wait_api.c.lpc1768.arm.o(i.wait)
    wait_ms                                  0x00002211   Thumb Code    28  wait_api.c.lpc1768.arm.o(i.wait_ms)
    _get_lc_ctype                            0x0000222d   Thumb Code    44  lc_ctype_c.o(locale$$code)
    _get_lc_numeric                          0x00002259   Thumb Code    44  lc_numeric_c.o(locale$$code)
    __aeabi_d2iz                             0x00002285   Thumb Code     0  dfix.o(x$fpl$dfix)
    _dfix                                    0x00002285   Thumb Code    94  dfix.o(x$fpl$dfix)
    __aeabi_dmul                             0x000022e5   Thumb Code     0  dmul.o(x$fpl$dmul)
    _dmul                                    0x000022e5   Thumb Code   332  dmul.o(x$fpl$dmul)
    __fpl_dnaninf                            0x00002439   Thumb Code   156  dnaninf.o(x$fpl$dnaninf)
    __fpl_dretinf                            0x000024d5   Thumb Code    12  dretinf.o(x$fpl$dretinf)
    __aeabi_f2d                              0x000024e1   Thumb Code     0  f2d.o(x$fpl$f2d)
    _f2d                                     0x000024e1   Thumb Code    86  f2d.o(x$fpl$f2d)
    __fpl_fnaninf                            0x00002537   Thumb Code   140  fnaninf.o(x$fpl$fnaninf)
    _fp_init                                 0x000025c3   Thumb Code    14  fpinit.o(x$fpl$fpinit)
    __fplib_config_pureend_doubles           0x000025cf   Thumb Code     0  fpinit.o(x$fpl$fpinit)
    _printf_fp_dec                           0x000025d1   Thumb Code     4  printf1.o(x$fpl$printf1)
    _printf_fp_hex                           0x000025d5   Thumb Code     4  printf2.o(x$fpl$printf2)
    mbed::Base::_base_funcs                  0x000025d8   Data          24  Base.cpp.lpc1768.arm.o(.constdata)
    __I$use$fp                               0x000025d9   Thumb Code     0  usenofp.o(x$fpl$usenofp)
    vtable for mbed::DigitalOut              0x000026ec   Data          24  DigitalOut.cpp.lpc1768.arm.o(.constdata__ZTVN4mbed10DigitalOutE)
    vtable for mbed::Base                    0x00002704   Data          24  Base.cpp.lpc1768.arm.o(.constdata__ZTVN4mbed4BaseE)
    Region$$Table$$Base                      0x00002730   Number         0  anon$$obj.o(Region$$Table)
    Region$$Table$$Limit                     0x00002750   Number         0  anon$$obj.o(Region$$Table)
    __ctype                                  0x0000275d   Data           0  lc_ctype_c.o(locale$$data)
    SHT$$INIT_ARRAY$$Base                    0x0000287c   Number         0  main.o(.init_array)
    SHT$$INIT_ARRAY$$Limit                   0x00002880   Number         0  main.o(.init_array)
    SystemCoreClock                          0x100000c4   Data           4  system_LPC17xx.o(.data)
    mbed::Base::_head                        0x100000c8   Data           4  Base.cpp.lpc1768.arm.o(.data)
    mbed::Base::_classes                     0x100000cc   Data           4  Base.cpp.lpc1768.arm.o(.data)
    mbed::Base::_base_class                  0x100000d0   Data          12  Base.cpp.lpc1768.arm.o(.data)
    myled                                    0x100000e4   Data          20  main.o(.bss)
    Image$$RW_IRAM1$$ZI$$Limit               0x10000118   Number         0  rt_fp_status_addr.o(.bss)



==============================================================================

Memory Map of the image

  Image Entry point : 0x000000c5

  Load Region LR_IROM1 (Base: 0x00000000, Size: 0x00002964, Max: 0x00080000, ABSOLUTE)

    Execution Region ER_IROM1 (Base: 0x00000000, Size: 0x00002880, Max: 0x00080000, ABSOLUTE)

    Base Addr    Size         Type   Attr      Idx    E Section Name        Object

    0x00000000   0x000000c4   Data   RO          183    RESET               startup_LPC17xx.o
    0x000000c4   0x00000008   Code   RO          571  * !!!main             c_w.l(__main.o)
    0x000000cc   0x00000034   Code   RO         1454    !!!scatter          c_w.l(__scatter.o)
    0x00000100   0x0000001a   Code   RO         1456    !!handler_copy      c_w.l(__scatter_copy.o)
    0x0000011a   0x00000002   PAD
    0x0000011c   0x0000001c   Code   RO         1458    !!handler_zi        c_w.l(__scatter_zi.o)
    0x00000138   0x00000000   Code   RO          927    .ARM.Collect$$_printf_percent$$00000000  c_w.l(_printf_percent.o)
    0x00000138   0x00000006   Code   RO          916    .ARM.Collect$$_printf_percent$$00000001  c_w.l(_printf_n.o)
    0x0000013e   0x00000006   Code   RO          918    .ARM.Collect$$_printf_percent$$00000002  c_w.l(_printf_p.o)
    0x00000144   0x00000006   Code   RO          923    .ARM.Collect$$_printf_percent$$00000003  c_w.l(_printf_f.o)
    0x0000014a   0x00000006   Code   RO          924    .ARM.Collect$$_printf_percent$$00000004  c_w.l(_printf_e.o)
    0x00000150   0x00000006   Code   RO          925    .ARM.Collect$$_printf_percent$$00000005  c_w.l(_printf_g.o)
    0x00000156   0x00000006   Code   RO          926    .ARM.Collect$$_printf_percent$$00000006  c_w.l(_printf_a.o)
    0x0000015c   0x0000000a   Code   RO          931    .ARM.Collect$$_printf_percent$$00000007  c_w.l(_printf_ll.o)
    0x00000166   0x00000006   Code   RO          920    .ARM.Collect$$_printf_percent$$00000008  c_w.l(_printf_i.o)
    0x0000016c   0x00000006   Code   RO          921    .ARM.Collect$$_printf_percent$$00000009  c_w.l(_printf_d.o)
    0x00000172   0x00000006   Code   RO          922    .ARM.Collect$$_printf_percent$$0000000A  c_w.l(_printf_u.o)
    0x00000178   0x00000006   Code   RO          919    .ARM.Collect$$_printf_percent$$0000000B  c_w.l(_printf_o.o)
    0x0000017e   0x00000006   Code   RO          917    .ARM.Collect$$_printf_percent$$0000000C  c_w.l(_printf_x.o)
    0x00000184   0x00000006   Code   RO          928    .ARM.Collect$$_printf_percent$$0000000D  c_w.l(_printf_lli.o)
    0x0000018a   0x00000006   Code   RO          929    .ARM.Collect$$_printf_percent$$0000000E  c_w.l(_printf_lld.o)
    0x00000190   0x00000006   Code   RO          930    .ARM.Collect$$_printf_percent$$0000000F  c_w.l(_printf_llu.o)
    0x00000196   0x00000006   Code   RO          935    .ARM.Collect$$_printf_percent$$00000010  c_w.l(_printf_llo.o)
    0x0000019c   0x00000006   Code   RO          936    .ARM.Collect$$_printf_percent$$00000011  c_w.l(_printf_llx.o)
    0x000001a2   0x0000000a   Code   RO          932    .ARM.Collect$$_printf_percent$$00000012  c_w.l(_printf_l.o)
    0x000001ac   0x00000006   Code   RO          914    .ARM.Collect$$_printf_percent$$00000013  c_w.l(_printf_c.o)
    0x000001b2   0x00000006   Code   RO          915    .ARM.Collect$$_printf_percent$$00000014  c_w.l(_printf_s.o)
    0x000001b8   0x00000006   Code   RO          933    .ARM.Collect$$_printf_percent$$00000015  c_w.l(_printf_lc.o)
    0x000001be   0x00000006   Code   RO          934    .ARM.Collect$$_printf_percent$$00000016  c_w.l(_printf_ls.o)
    0x000001c4   0x00000004   Code   RO         1162    .ARM.Collect$$_printf_percent$$00000017  c_w.l(_printf_percent_end.o)
    0x000001c8   0x00000006   Code   RO         1315    .ARM.Collect$$libinit$$00000000  c_w.l(libinit.o)
    0x000001ce   0x00000008   Code   RO          969    .ARM.Collect$$libinit$$00000001  c_w.l(libinit2.o)
    0x000001d6   0x00000000   Code   RO          971    .ARM.Collect$$libinit$$00000006  c_w.l(libinit2.o)
    0x000001d6   0x00000000   Code   RO          973    .ARM.Collect$$libinit$$00000008  c_w.l(libinit2.o)
    0x000001d6   0x00000000   Code   RO          975    .ARM.Collect$$libinit$$0000000A  c_w.l(libinit2.o)
    0x000001d6   0x00000006   Code   RO          976    .ARM.Collect$$libinit$$0000000B  c_w.l(libinit2.o)
    0x000001dc   0x00000000   Code   RO          978    .ARM.Collect$$libinit$$0000000D  c_w.l(libinit2.o)
    0x000001dc   0x0000000c   Code   RO          979    .ARM.Collect$$libinit$$0000000E  c_w.l(libinit2.o)
    0x000001e8   0x00000000   Code   RO          980    .ARM.Collect$$libinit$$0000000F  c_w.l(libinit2.o)
    0x000001e8   0x00000000   Code   RO          982    .ARM.Collect$$libinit$$00000011  c_w.l(libinit2.o)
    0x000001e8   0x0000000a   Code   RO          983    .ARM.Collect$$libinit$$00000012  c_w.l(libinit2.o)
    0x000001f2   0x00000000   Code   RO          984    .ARM.Collect$$libinit$$00000013  c_w.l(libinit2.o)
    0x000001f2   0x00000000   Code   RO          986    .ARM.Collect$$libinit$$00000015  c_w.l(libinit2.o)
    0x000001f2   0x00000000   Code   RO          988    .ARM.Collect$$libinit$$00000017  c_w.l(libinit2.o)
    0x000001f2   0x00000000   Code   RO          990    .ARM.Collect$$libinit$$00000019  c_w.l(libinit2.o)
    0x000001f2   0x00000000   Code   RO          992    .ARM.Collect$$libinit$$0000001B  c_w.l(libinit2.o)
    0x000001f2   0x00000000   Code   RO          994    .ARM.Collect$$libinit$$0000001D  c_w.l(libinit2.o)
    0x000001f2   0x00000000   Code   RO          996    .ARM.Collect$$libinit$$0000001F  c_w.l(libinit2.o)
    0x000001f2   0x00000000   Code   RO          998    .ARM.Collect$$libinit$$00000021  c_w.l(libinit2.o)
    0x000001f2   0x00000000   Code   RO         1002    .ARM.Collect$$libinit$$00000028  c_w.l(libinit2.o)
    0x000001f2   0x00000000   Code   RO         1004    .ARM.Collect$$libinit$$0000002A  c_w.l(libinit2.o)
    0x000001f2   0x00000000   Code   RO         1006    .ARM.Collect$$libinit$$0000002C  c_w.l(libinit2.o)
    0x000001f2   0x00000004   Code   RO         1007    .ARM.Collect$$libinit$$0000002D  c_w.l(libinit2.o)
    0x000001f6   0x00000000   Code   RO         1008    .ARM.Collect$$libinit$$0000002E  c_w.l(libinit2.o)
    0x000001f6   0x00000002   Code   RO         1009    .ARM.Collect$$libinit$$0000002F  c_w.l(libinit2.o)
    0x000001f8   0x00000006   Code   RO         1010    .ARM.Collect$$libshutdown$$00000001  c_w.l(libshutdown2.o)
    0x000001fe   0x00000000   Code   RO          765    .ARM.Collect$$rtentry$$00000000  c_w.l(rtentry.o)
    0x000001fe   0x00000000   Code   RO         1096    .ARM.Collect$$rtentry$$00000002  c_w.l(rtentry2.o)
    0x000001fe   0x00000006   Code   RO         1111    .ARM.Collect$$rtentry$$00000004  c_w.l(rtentry4.o)
    0x00000204   0x00000000   Code   RO         1098    .ARM.Collect$$rtentry$$00000009  c_w.l(rtentry2.o)
    0x00000204   0x00000004   Code   RO         1099    .ARM.Collect$$rtentry$$0000000A  c_w.l(rtentry2.o)
    0x00000208   0x00000000   Code   RO         1101    .ARM.Collect$$rtentry$$0000000C  c_w.l(rtentry2.o)
    0x00000208   0x00000008   Code   RO         1102    .ARM.Collect$$rtentry$$0000000D  c_w.l(rtentry2.o)
    0x00000210   0x00000000   Code   RO         1244    .emb_text           c_w.l(maybetermalloc1.o)
    0x00000210   0x0000004c   Code   RO            2    .text               main.o
    0x0000025c   0x00000024   Code   RO          185    .text               startup_LPC17xx.o
    0x00000280   0x0000002c   Code   RO          539    .text               c_w.l(sprintf.o)
    0x000002ac   0x00000024   Code   RO          578    .text               c_w.l(init_aeabi.o)
    0x000002d0   0x00000010   Code   RO          767    .text               c_w.l(rt_ctype_table.o)
    0x000002e0   0x00000008   Code   RO          774    .text               c_w.l(rt_ddtor_pointer_addr.o)
    0x000002e8   0x0000000a   Code   RO          860    .text               c_w.l(_sputc.o)
    0x000002f2   0x00000002   PAD
    0x000002f4   0x00000008   Code   RO         1115    .text               c_w.l(rt_heap_descriptor.o)
    0x000002fc   0x00000004   Code   RO          184    .ARM.__at_0x02FC    startup_LPC17xx.o
    0x00000300   0x00000080   Code   RO          568    .text               c_w.l(strcmpv7m.o)
    0x00000380   0x0000005e   Code   RO          788    .text               c_w.l(h1_alloc.o)
    0x000003de   0x0000004e   Code   RO          790    .text               c_w.l(h1_free.o)
    0x0000042c   0x00000050   Code   RO          848    .text               c_w.l(_printf_pad.o)
    0x0000047c   0x00000024   Code   RO          850    .text               c_w.l(_printf_truncate.o)
    0x000004a0   0x00000052   Code   RO          852    .text               c_w.l(_printf_str.o)
    0x000004f2   0x00000002   PAD
    0x000004f4   0x00000078   Code   RO          854    .text               c_w.l(_printf_dec.o)
    0x0000056c   0x0000002a   Code   RO          856    .text               c_w.l(_printf_charcount.o)
    0x00000596   0x00000002   PAD
    0x00000598   0x00000030   Code   RO          858    .text               c_w.l(_printf_char_common.o)
    0x000005c8   0x000000bc   Code   RO          864    .text               c_w.l(_printf_wctomb.o)
    0x00000684   0x00000078   Code   RO          867    .text               c_w.l(_printf_longlong_dec.o)
    0x000006fc   0x00000078   Code   RO          873    .text               c_w.l(_printf_oct_int_ll.o)
    0x00000774   0x0000009c   Code   RO          893    .text               c_w.l(_printf_hex_int_ll_ptr.o)
    0x00000810   0x0000019c   Code   RO          911    .text               c_w.l(__printf_flags_ss_wp.o)
    0x000009ac   0x0000000e   Code   RO         1086    .text               c_w.l(sys_wrch.o)
    0x000009ba   0x00000002   PAD
    0x000009bc   0x0000000c   Code   RO         1088    .text               c_w.l(sys_exit.o)
    0x000009c8   0x00000008   Code   RO         1120    .text               c_w.l(rt_locale.o)
    0x000009d0   0x00000004   Code   RO         1125    .text               c_w.l(hguard.o)
    0x000009d4   0x0000008a   Code   RO         1127    .text               c_w.l(init_alloc.o)
    0x00000a5e   0x0000000e   Code   RO         1131    .text               c_w.l(h1_init.o)
    0x00000a6c   0x0000008a   Code   RO         1145    .text               c_w.l(lludiv10.o)
    0x00000af6   0x000000b4   Code   RO         1149    .text               c_w.l(_printf_intcommon.o)
    0x00000baa   0x0000041a   Code   RO         1151    .text               c_w.l(_printf_fp_dec.o)
    0x00000fc4   0x000002f4   Code   RO         1153    .text               c_w.l(_printf_fp_hex.o)
    0x000012b8   0x0000002c   Code   RO         1158    .text               c_w.l(_printf_char.o)
    0x000012e4   0x0000002c   Code   RO         1160    .text               c_w.l(_printf_wchar.o)
    0x00001310   0x00000040   Code   RO         1194    .text               c_w.l(_wcrtomb.o)
    0x00001350   0x0000000a   Code   RO         1199    .text               c_w.l(defsig_exit.o)
    0x0000135a   0x00000002   Code   RO         1240    .text               c_w.l(use_no_semi.o)
    0x0000135c   0x00000032   Code   RO         1248    .text               c_w.l(h1_extend.o)
    0x0000138e   0x00000002   PAD
    0x00001390   0x0000007c   Code   RO         1252    .text               c_w.l(_printf_fp_infnan.o)
    0x0000140c   0x000000ec   Code   RO         1254    .text               c_w.l(bigflt0.o)
    0x000014f8   0x00000032   Code   RO         1290    .text               c_w.l(defsig_general.o)
    0x0000152a   0x0000000e   Code   RO         1296    .text               c_w.l(defsig_rtmem_outer.o)
    0x00001538   0x0000004c   Code   RO         1300    .text               c_w.l(heapauxa.o)
    0x00001584   0x0000004c   Code   RO         1374    .text               c_w.l(defsig_rtmem_inner.o)
    0x000015d0   0x00000008   Code   RO         1395    .text               c_w.l(rt_fp_status_addr.o)
    0x000015d8   0x0000003e   Code   RO         1257    CL$$btod_d2e        c_w.l(btod.o)
    0x00001616   0x00000046   Code   RO         1259    CL$$btod_d2e_denorm_low  c_w.l(btod.o)
    0x0000165c   0x00000060   Code   RO         1258    CL$$btod_d2e_norm_op1  c_w.l(btod.o)
    0x000016bc   0x00000338   Code   RO         1267    CL$$btod_div_common  c_w.l(btod.o)
    0x000019f4   0x000000c6   Code   RO         1264    CL$$btod_e2e        c_w.l(btod.o)
    0x00001aba   0x00000028   Code   RO         1261    CL$$btod_ediv       c_w.l(btod.o)
    0x00001ae2   0x00000028   Code   RO         1260    CL$$btod_emul       c_w.l(btod.o)
    0x00001b0a   0x00000244   Code   RO         1266    CL$$btod_mult_common  c_w.l(btod.o)
    0x00001d4e   0x00000002   PAD
    0x00001d50   0x00000078   Code   RO          188    i.SystemInit        system_LPC17xx.o
    0x00001dc8   0x00000020   Code   RO          294    i._ZN4mbed10DigitalOutC1E7PinNamePKc  mbed.ar(DigitalOut.cpp.lpc1768.arm.o)
    0x00001de8   0x0000000e   Code   RO          339    i._ZN4mbed10DigitalOutD0Ev  mbed.ar(DigitalOut.cpp.lpc1768.arm.o)
    0x00001df6   0x00000004   Code   RO          324    i._ZN4mbed10DigitalOutD1Ev  mbed.ar(DigitalOut.cpp.lpc1768.arm.o)
    0x00001dfa   0x0000000e   Code   RO          296    i._ZN4mbed10DigitalOutaSEi  mbed.ar(DigitalOut.cpp.lpc1768.arm.o)
    0x00001e08   0x00000030   Code   RO          213    i._ZN4mbed4Base5clearEPKcPc  mbed.ar(Base.cpp.lpc1768.arm.o)
    0x00001e38   0x00000040   Code   RO          217    i._ZN4mbed4Base9list_objsEPKcPc  mbed.ar(Base.cpp.lpc1768.arm.o)
    0x00001e78   0x00000024   Code   RO          218    i._ZN4mbed4BaseC1EPKc  mbed.ar(Base.cpp.lpc1768.arm.o)
    0x00001e9c   0x00000034   Code   RO          219    i._ZN4mbed4BaseD0Ev  mbed.ar(Base.cpp.lpc1768.arm.o)
    0x00001ed0   0x00000038   Code   RO          220    i._ZN4mbed4BaseD1Ev  mbed.ar(Base.cpp.lpc1768.arm.o)
    0x00001f08   0x00000008   Code   RO          583    i._ZdaPv            cpprt_w.l(array_del.o)
    0x00001f10   0x00000008   Code   RO          590    i._ZdlPv            cpprt_w.l(delete.o)
    0x00001f18   0x00000028   Code   RO         1343    i.__ARM_fpclassify  m_ws.l(fpclassify.o)
    0x00001f40   0x00000030   Code   RO          628    i.__aeabi_atexit    cpprt_w.l(aeabi_atexit.o)
    0x00001f70   0x00000042   Code   RO         1049    i.__cxa_finalize    cpprt_w.l(cxa_finalize.o)
    0x00001fb2   0x00000002   PAD
    0x00001fb4   0x0000000c   Code   RO          192    i.__user_setup_stackheap  stackheap.o
    0x00001fc0   0x00000016   Code   RO          499    i.exit              capi.ar(exit.c.lpc1768.arm.o)
    0x00001fd6   0x00000030   Code   RO          349    i.gpio_output       capi.ar(gpio_api.c.lpc1768.arm.o)
    0x00002006   0x00000018   Code   RO          351    i.gpio_write        capi.ar(gpio_api.c.lpc1768.arm.o)
    0x0000201e   0x00000002   PAD
    0x00002020   0x00000078   Code   RO          501    i.mbed_die          capi.ar(utils_api.c.lpc1768.arm.o)
    0x00002098   0x00000038   Code   RO          489    i.pin_function      capi.ar(pinmap.c.lpc1768.arm.o)
    0x000020d0   0x00000038   Code   RO          490    i.pin_mode          capi.ar(pinmap.c.lpc1768.arm.o)
    0x00002108   0x0000000c   Code   RO          511    i.semihost_exit     capi.ar(semihost_api.c.lpc1768.arm.o)
    0x00002114   0x00000014   Code   RO          455    i.timer_frequency   capi.ar(timer_api.c.lpc1768.arm.o)
    0x00002128   0x00000070   Code   RO          456    i.timer_init        capi.ar(timer_api.c.lpc1768.arm.o)
    0x00002198   0x00000004   Code   RO          457    i.timer_read        capi.ar(timer_api.c.lpc1768.arm.o)
    0x0000219c   0x0000000c   Code   RO          458    i.timer_start       capi.ar(timer_api.c.lpc1768.arm.o)
    0x000021a8   0x00000038   Code   RO          357    i.us_ticker_read    capi.ar(us_ticker_api.c.lpc1768.arm.o)
    0x000021e0   0x00000030   Code   RO          201    i.wait              capi.ar(wait_api.c.lpc1768.arm.o)
    0x00002210   0x0000001c   Code   RO          202    i.wait_ms           capi.ar(wait_api.c.lpc1768.arm.o)
    0x0000222c   0x0000002c   Code   RO         1197    locale$$code        c_w.l(lc_ctype_c.o)
    0x00002258   0x0000002c   Code   RO         1286    locale$$code        c_w.l(lc_numeric_c.o)
    0x00002284   0x0000005e   Code   RO          731    x$fpl$dfix          fz_ws.l(dfix.o)
    0x000022e2   0x00000002   PAD
    0x000022e4   0x00000154   Code   RO          735    x$fpl$dmul          fz_ws.l(dmul.o)
    0x00002438   0x0000009c   Code   RO         1065    x$fpl$dnaninf       fz_ws.l(dnaninf.o)
    0x000024d4   0x0000000c   Code   RO         1067    x$fpl$dretinf       fz_ws.l(dretinf.o)
    0x000024e0   0x00000056   Code   RO          737    x$fpl$f2d           fz_ws.l(f2d.o)
    0x00002536   0x0000008c   Code   RO         1071    x$fpl$fnaninf       fz_ws.l(fnaninf.o)
    0x000025c2   0x0000000e   Code   RO         1389    x$fpl$fpinit        fz_ws.l(fpinit.o)
    0x000025d0   0x00000004   Code   RO         1075    x$fpl$printf1       fz_ws.l(printf1.o)
    0x000025d4   0x00000004   Code   RO         1077    x$fpl$printf2       fz_ws.l(printf2.o)
    0x000025d8   0x00000000   Code   RO         1085    x$fpl$usenofp       fz_ws.l(usenofp.o)
    0x000025d8   0x00000018   Data   RO          240    .constdata          mbed.ar(Base.cpp.lpc1768.arm.o)
    0x000025f0   0x00000008   Data   RO          865    .constdata          c_w.l(_printf_wctomb.o)
    0x000025f8   0x00000028   Data   RO          894    .constdata          c_w.l(_printf_hex_int_ll_ptr.o)
    0x00002620   0x00000011   Data   RO          912    .constdata          c_w.l(__printf_flags_ss_wp.o)
    0x00002631   0x00000026   Data   RO         1154    .constdata          c_w.l(_printf_fp_hex.o)
    0x00002657   0x00000001   PAD
    0x00002658   0x00000094   Data   RO         1255    .constdata          c_w.l(bigflt0.o)
    0x000026ec   0x00000018   Data   RO          320    .constdata__ZTVN4mbed10DigitalOutE  mbed.ar(DigitalOut.cpp.lpc1768.arm.o)
    0x00002704   0x00000018   Data   RO          261    .constdata__ZTVN4mbed4BaseE  mbed.ar(Base.cpp.lpc1768.arm.o)
    0x0000271c   0x0000000e   Data   RO          242    .conststring        mbed.ar(Base.cpp.lpc1768.arm.o)
    0x0000272a   0x00000005   Data   RO          243    .conststring        mbed.ar(Base.cpp.lpc1768.arm.o)
    0x0000272f   0x00000001   PAD
    0x00002730   0x00000020   Data   RO         1453    Region$$Table       anon$$obj.o
    0x00002750   0x00000110   Data   RO         1196    locale$$data        c_w.l(lc_ctype_c.o)
    0x00002860   0x0000001c   Data   RO         1285    locale$$data        c_w.l(lc_numeric_c.o)
    0x0000287c   0x00000004   Data   RO            5    .init_array         main.o


    Execution Region RW_IRAM1 (Base: 0x10000000, Size: 0x00000118, Max: 0x00008000, ABSOLUTE)

    Base Addr    Size         Type   Attr      Idx    E Section Name        Object

    0x10000000   0x000000c4   Data   RW          198    .ARM.__AT_0x10000000  cmsis_nvic.o
    0x100000c4   0x00000004   Data   RW          189    .data               system_LPC17xx.o
    0x100000c8   0x00000008   Data   RW          244    .data               mbed.ar(Base.cpp.lpc1768.arm.o)
    0x100000d0   0x0000000c   Data   RW          245    .data               mbed.ar(Base.cpp.lpc1768.arm.o)
    0x100000dc   0x00000004   Data   RW          358    .data               capi.ar(us_ticker_api.c.lpc1768.arm.o)
    0x100000e0   0x00000004   Data   RW         1301    .data               c_w.l(heapauxa.o)
    0x100000e4   0x00000014   Zero   RW            4    .bss                main.o
    0x100000f8   0x00000004   Zero   RW          775    .bss                c_w.l(rt_ddtor_pointer_addr.o)
    0x100000fc   0x00000004   Zero   RW         1116    .bss                c_w.l(rt_heap_descriptor.o)
    0x10000100   0x00000014   Zero   RW         1121    .bss                c_w.l(rt_locale.o)
    0x10000114   0x00000004   Zero   RW         1396    .bss                c_w.l(rt_fp_status_addr.o)


    Execution Region RW_IRAM2 (Base: 0x2007c000, Size: 0x00000000, Max: 0x00004000, ABSOLUTE)

    **** No section assigned to this execution region ****


    Execution Region RW_IRAM3 (Base: 0x20080000, Size: 0x00000000, Max: 0x00004000, ABSOLUTE)

    **** No section assigned to this execution region ****


    Execution Region RW_IRAM4 (Base: 0x40038000, Size: 0x00000000, Max: 0x00000800, ABSOLUTE)

    **** No section assigned to this execution region ****


==============================================================================

Image component sizes


      Code (inc. data)   RO Data    RW Data    ZI Data      Debug   Object Name

         0          0          0        196          0          0   cmsis_nvic.o
        76         20          4          0         20      10383   main.o
        12          4          0          0          0         60   stackheap.o
        40         12        196          0          0        220   startup_LPC17xx.o
       120         10          0          4          0         60   system_LPC17xx.o

    ----------------------------------------------------------------------
       248         46        232        200         20      10723   Object Totals
         0          0         32          0          0          0   (incl. Generated)
         0          0          0          0          0          1   (incl. Padding)

    ----------------------------------------------------------------------

      Code (inc. data)   RO Data    RW Data    ZI Data      Debug   Library Member Name

         8          0          0          0          0         68   __main.o
       412          4         17          0          0         92   __printf_flags_ss_wp.o
        52          8          0          0          0          0   __scatter.o
        26          0          0          0          0          0   __scatter_copy.o
        28          0          0          0          0          0   __scatter_zi.o
         6          0          0          0          0          0   _printf_a.o
         6          0          0          0          0          0   _printf_c.o
        44          0          0          0          0        108   _printf_char.o
        48          6          0          0          0         96   _printf_char_common.o
        42          0          0          0          0         68   _printf_charcount.o
         6          0          0          0          0          0   _printf_d.o
       120         18          0          0          0         92   _printf_dec.o
         6          0          0          0          0          0   _printf_e.o
         6          0          0          0          0          0   _printf_f.o
      1050          0          0          0          0        216   _printf_fp_dec.o
       756          8         38          0          0        100   _printf_fp_hex.o
       124         16          0          0          0         84   _printf_fp_infnan.o
         6          0          0          0          0          0   _printf_g.o
       156          6         40          0          0        160   _printf_hex_int_ll_ptr.o
         6          0          0          0          0          0   _printf_i.o
       180          0          0          0          0         88   _printf_intcommon.o
        10          0          0          0          0          0   _printf_l.o
         6          0          0          0          0          0   _printf_lc.o
        10          0          0          0          0          0   _printf_ll.o
         6          0          0          0          0          0   _printf_lld.o
         6          0          0          0          0          0   _printf_lli.o
         6          0          0          0          0          0   _printf_llo.o
         6          0          0          0          0          0   _printf_llu.o
         6          0          0          0          0          0   _printf_llx.o
       120         16          0          0          0         92   _printf_longlong_dec.o
         6          0          0          0          0          0   _printf_ls.o
         6          0          0          0          0          0   _printf_n.o
         6          0          0          0          0          0   _printf_o.o
       120          8          0          0          0        124   _printf_oct_int_ll.o
         6          0          0          0          0          0   _printf_p.o
        80          0          0          0          0        108   _printf_pad.o
         0          0          0          0          0          0   _printf_percent.o
         4          0          0          0          0          0   _printf_percent_end.o
         6          0          0          0          0          0   _printf_s.o
        82          0          0          0          0         80   _printf_str.o
        36          0          0          0          0         84   _printf_truncate.o
         6          0          0          0          0          0   _printf_u.o
        44          0          0          0          0        108   _printf_wchar.o
       188          6          8          0          0         92   _printf_wctomb.o
         6          0          0          0          0          0   _printf_x.o
        10          0          0          0          0         68   _sputc.o
        64          0          0          0          0         92   _wcrtomb.o
       236          6        148          0          0         96   bigflt0.o
      1910        128          0          0          0        672   btod.o
        10          0          0          0          0         68   defsig_exit.o
        50          0          0          0          0         88   defsig_general.o
        76         56          0          0          0         76   defsig_rtmem_inner.o
        14          0          0          0          0         80   defsig_rtmem_outer.o
        94          0          0          0          0         80   h1_alloc.o
        50          0          0          0          0         68   h1_extend.o
        78          0          0          0          0         80   h1_free.o
        14          0          0          0          0         84   h1_init.o
        76          4          0          4          0         96   heapauxa.o
         4          0          0          0          0        136   hguard.o
        36         10          0          0          0         80   init_aeabi.o
       138          0          0          0          0        168   init_alloc.o
        44         10        272          0          0         76   lc_ctype_c.o
        44         10         28          0          0         76   lc_numeric_c.o
         6          0          0          0          0          0   libinit.o
        42          0          0          0          0          0   libinit2.o
         6          0          0          0          0          0   libshutdown2.o
       138          0          0          0          0         80   lludiv10.o
         0          0          0          0          0         68   maybetermalloc1.o
        16          4          0          0          0         76   rt_ctype_table.o
         8          4          0          0          4         68   rt_ddtor_pointer_addr.o
         8          4          0          0          4         68   rt_fp_status_addr.o
         8          4          0          0          4         68   rt_heap_descriptor.o
         8          4          0          0         20         68   rt_locale.o
         0          0          0          0          0          0   rtentry.o
        12          0          0          0          0          0   rtentry2.o
         6          0          0          0          0          0   rtentry4.o
        44          6          0          0          0         84   sprintf.o
       128          0          0          0          0         68   strcmpv7m.o
        12          4          0          0          0         68   sys_exit.o
        14          0          0          0          0         76   sys_wrch.o
         2          0          0          0          0         68   use_no_semi.o
        22          0          0          0          0         76   exit.c.lpc1768.arm.o
        72          0          0          0          0        132   gpio_api.c.lpc1768.arm.o
       112          8          0          0          0        120   pinmap.c.lpc1768.arm.o
        12          0          0          0          0         68   semihost_api.c.lpc1768.arm.o
       148         16          0          0          0        240   timer_api.c.lpc1768.arm.o
        56         12          0          4          0         80   us_ticker_api.c.lpc1768.arm.o
       120          6          0          0          0         76   utils_api.c.lpc1768.arm.o
        76          8          0          0          0        144   wait_api.c.lpc1768.arm.o
        48          0          0          0          0         84   aeabi_atexit.o
         8          0          0          0          0         76   array_del.o
        66          0          0          0          0         84   cxa_finalize.o
         8          0          0          0          0         76   delete.o
        94          4          0          0          0         92   dfix.o
       340         12          0          0          0        104   dmul.o
       156          4          0          0          0         92   dnaninf.o
        12          0          0          0          0         68   dretinf.o
        86          4          0          0          0         84   f2d.o
       140          4          0          0          0         84   fnaninf.o
        14          0          0          0          0         76   fpinit.o
         4          0          0          0          0         68   printf1.o
         4          0          0          0          0         68   printf2.o
         0          0          0          0          0          0   usenofp.o
        40          0          0          0          0         68   fpclassify.o
       256         40         67         20          0        324   Base.cpp.lpc1768.arm.o
        64          4         24          0          0        272   DigitalOut.cpp.lpc1768.arm.o

    ----------------------------------------------------------------------
      9244        472        644         28         32       7560   Library Totals
        20          0          2          0          0          0   (incl. Padding)

    ----------------------------------------------------------------------

      Code (inc. data)   RO Data    RW Data    ZI Data      Debug   Library Name

      7266        350        551          4         32       4904   c_w.l
       618         50          0          4          0        936   capi.ar
       130          0          0          0          0        320   cpprt_w.l
       850         28          0          0          0        736   fz_ws.l
        40          0          0          0          0         68   m_ws.l
       320         44         91         20          0        596   mbed.ar

    ----------------------------------------------------------------------
      9244        472        644         28         32       7560   Library Totals

    ----------------------------------------------------------------------

==============================================================================


      Code (inc. data)   RO Data    RW Data    ZI Data      Debug   

      9492        518        876        228         52      13816   Grand Totals
      9492        518        876        228         52      13816   ELF Image Totals
      9492        518        876        228          0          0   ROM Totals

==============================================================================

    Total RO  Size (Code + RO Data)                10368 (  10.13kB)
    Total RW  Size (RW Data + ZI Data)               280 (   0.27kB)
    Total ROM Size (Code + RO Data + RW Data)      10596 (  10.35kB)

==============================================================================

