ARM Linker, 4.1 [Build 567] [Professional]

==============================================================================

Section Cross References

    main.o(.text) refers to DigitalIn.cpp.lpc1768.arm.o(i._ZN4mbed9DigitalIncviEv) for mbed::DigitalIn::operator int()
    main.o(.text) refers to DigitalOut.cpp.lpc1768.arm.o(i._ZN4mbed10DigitalOutaSEi) for mbed::DigitalOut::operator =(int)
    main.o(.text) refers to wait_api.c.lpc1768.arm.o(i.wait_ms) for wait_ms
    main.o(.text) refers to InterruptIn.cpp.lpc1768.arm.o(i._ZN4mbed11InterruptIn4fallEPFvvE) for mbed::InterruptIn::fall(void(*)())
    main.o(.text) refers to main.o(.bss) for .bss
    main.o(.text) refers to main.o(.data) for .data
    main.o(.text) refers to DigitalOut.cpp.lpc1768.arm.o(i._ZN4mbed10DigitalOutcviEv) for mbed::DigitalOut::operator int()
    main.o(.text) refers to Stream.cpp.lpc1768.arm.o(i._ZN4mbed6StreamC2EPKc) for mbed::Stream::Stream__sub_object(const char*)
    main.o(.text) refers to DigitalOut.cpp.lpc1768.arm.o(i._ZN4mbed10DigitalOutC1E7PinNamePKc) for mbed::DigitalOut::DigitalOut(PinName, const char*)
    main.o(.text) refers to Base.cpp.lpc1768.arm.o(i._ZN4mbed4BaseC1EPKc) for mbed::Base::Base(const char*)
    main.o(.text) refers to __2sprintf.o(.text) for __2sprintf
    main.o(.text) refers to fopen.o(.text) for fopen
    main.o(.text) refers to freadfast.o(.text) for fread
    main.o(.text) refers to fclose.o(.text) for fclose
    main.o(.text) refers to Base.cpp.lpc1768.arm.o(i._ZN4mbed4BaseD1Ev) for mbed::Base::~Base()
    main.o(.text) refers to main.o(.constdata) for .constdata
    main.o(.text) refers to main.o(.constdata__ZTV6LCDTFT) for vtable for LCDTFT
    main.o(.text) refers to LocalFileSystem.cpp.lpc1768.arm.o(.constdata__ZTVN4mbed15LocalFileSystemE) for vtable for mbed::LocalFileSystem
    main.o(.text) refers to BusInOut.cpp.lpc1768.arm.o(i._ZN4mbed8BusInOut6outputEv) for mbed::BusInOut::output()
    main.o(.text) refers to BusInOut.cpp.lpc1768.arm.o(i._ZN4mbed8BusInOut5writeEi) for mbed::BusInOut::write(int)
    main.o(.text) refers to BusInOut.cpp.lpc1768.arm.o(i._ZN4mbed8BusInOut5inputEv) for mbed::BusInOut::input()
    main.o(.text) refers to BusInOut.cpp.lpc1768.arm.o(i._ZN4mbed8BusInOut4readEv) for mbed::BusInOut::read()
    main.o(.text) refers to DigitalIn.cpp.lpc1768.arm.o(i._ZN4mbed9DigitalInC1E7PinNamePKc) for mbed::DigitalIn::DigitalIn(PinName, const char*)
    main.o(.text) refers to InterruptIn.cpp.lpc1768.arm.o(i._ZN4mbed11InterruptInC1E7PinNamePKc) for mbed::InterruptIn::InterruptIn(PinName, const char*)
    main.o(.text) refers to wait_api.c.lpc1768.arm.o(i.wait_us) for wait_us
    main.o(.text) refers to main.o(.constdata__ZTV18TouchScreenADS7843) for vtable for TouchScreenADS7843
    main.o(.text) refers to aeabi_atexit.o(i.__aeabi_atexit) for __aeabi_atexit
    main.o(.text) refers to BusInOut.cpp.lpc1768.arm.o(i._ZN4mbed8BusInOutC1E7PinNameS1_S1_S1_S1_S1_S1_S1_S1_S1_S1_S1_S1_S1_S1_S1_PKc) for mbed::BusInOut::BusInOut(PinName, PinName, PinName, PinName, PinName, PinName, PinName, PinName, PinName, PinName, PinName, PinName, PinName, PinName, PinName, PinName, const char*)
    main.o(.text) refers to DigitalOut.cpp.lpc1768.arm.o(i._ZN4mbed10DigitalOutD1Ev) for mbed::DigitalOut::~DigitalOut()
    main.o(.text) refers to main.o(i._ZN18TouchScreenADS7843D1Ev) for TouchScreenADS7843::~TouchScreenADS7843()
    main.o(.text) refers to BusInOut.cpp.lpc1768.arm.o(i._ZN4mbed8BusInOutD1Ev) for mbed::BusInOut::~BusInOut()
    main.o(.text) refers to main.o(i._ZN6LCDTFTD1Ev) for LCDTFT::~LCDTFT()
    main.o(.ARM.exidx) refers to main.o(.text) for .text
    main.o(.init_array) refers to main.o(.text) for __sti___8_main_cpp
    main.o(.init_array) refers to init_aeabi.o(.text) for __cpp_initialize__aeabi_
    startup_LPC17xx.o(RESET) refers to startup_LPC17xx.o(.text) for Reset_Handler
    startup_LPC17xx.o(.text) refers to system_LPC17xx.o(i.SystemInit) for SystemInit
    startup_LPC17xx.o(.text) refers to __main.o(!!!main) for __main
    system_LPC17xx.o(i.SystemCoreClockUpdate) refers to system_LPC17xx.o(.data) for .data
    cmsis_nvic.o(i.NVIC_SetVector) refers to cmsis_nvic.o(.ARM.__AT_0x10000000) for .ARM.__AT_0x10000000
    wait_api.c.lpc1768.arm.o(i.wait) refers to f2d.o(x$fpl$f2d) for __aeabi_f2d
    wait_api.c.lpc1768.arm.o(i.wait) refers to dmul.o(x$fpl$dmul) for __aeabi_dmul
    wait_api.c.lpc1768.arm.o(i.wait) refers to dfix.o(x$fpl$dfix) for __aeabi_d2iz
    wait_api.c.lpc1768.arm.o(i.wait) refers to us_ticker_api.c.lpc1768.arm.o(i.us_ticker_read) for us_ticker_read
    wait_api.c.lpc1768.arm.o(i.wait_ms) refers to us_ticker_api.c.lpc1768.arm.o(i.us_ticker_read) for us_ticker_read
    wait_api.c.lpc1768.arm.o(i.wait_us) refers to us_ticker_api.c.lpc1768.arm.o(i.us_ticker_read) for us_ticker_read
[...]
    mbed::Base::~Base__deallocating()        0x00005bad   Thumb Code    44  Base.cpp.lpc1768.arm.o(i._ZN4mbed4BaseD0Ev)
    mbed::Base::~Base()                      0x00005be1   Thumb Code    46  Base.cpp.lpc1768.arm.o(i._ZN4mbed4BaseD1Ev)
    mbed::Base::~Base__sub_object()          0x00005be1   Thumb Code     0  Base.cpp.lpc1768.arm.o(i._ZN4mbed4BaseD1Ev)
    mbed::Stream::Stream__sub_object(const char*) 0x00005c19   Thumb Code    50  Stream.cpp.lpc1768.arm.o(i._ZN4mbed6StreamC2EPKc)
    mbed::Stream::~Stream__deallocating()    0x00005c59   Thumb Code    32  Stream.cpp.lpc1768.arm.o(i._ZN4mbed6StreamD0Ev)
    mbed::Stream::~Stream()                  0x00005c7d   Thumb Code     0  Stream.cpp.lpc1768.arm.o(i._ZN4mbed6StreamD2Ev)
    mbed::Stream::~Stream__sub_object()      0x00005c7d   Thumb Code    28  Stream.cpp.lpc1768.arm.o(i._ZN4mbed6StreamD2Ev)
    mbed::BusInOut::read()                   0x00005c9d   Thumb Code    34  BusInOut.cpp.lpc1768.arm.o(i._ZN4mbed8BusInOut4readEv)
    mbed::BusInOut::input()                  0x00005cbf   Thumb Code    28  BusInOut.cpp.lpc1768.arm.o(i._ZN4mbed8BusInOut5inputEv)
    mbed::BusInOut::write(int)               0x00005cdb   Thumb Code    38  BusInOut.cpp.lpc1768.arm.o(i._ZN4mbed8BusInOut5writeEi)
    mbed::BusInOut::output()                 0x00005d01   Thumb Code    28  BusInOut.cpp.lpc1768.arm.o(i._ZN4mbed8BusInOut6outputEv)
    mbed::BusInOut::BusInOut(PinName, PinName, PinName, PinName, PinName, PinName, PinName, PinName, PinName, PinName, PinName, PinName, PinName, PinName, PinName, PinName, const char*) 0x00005d1d   Thumb Code   112  BusInOut.cpp.lpc1768.arm.o(i._ZN4mbed8BusInOutC1E7PinNameS1_S1_S1_S1_S1_S1_S1_S1_S1_S1_S1_S1_S1_S1_S1_PKc)
    mbed::BusInOut::BusInOut__sub_object(PinName, PinName, PinName, PinName, PinName, PinName, PinName, PinName, PinName, PinName, PinName, PinName, PinName, PinName, PinName, PinName, const char*) 0x00005d1d   Thumb Code     0  BusInOut.cpp.lpc1768.arm.o(i._ZN4mbed8BusInOutC1E7PinNameS1_S1_S1_S1_S1_S1_S1_S1_S1_S1_S1_S1_S1_S1_S1_PKc)
    mbed::BusInOut::~BusInOut__deallocating() 0x00005d91   Thumb Code    46  BusInOut.cpp.lpc1768.arm.o(i._ZN4mbed8BusInOutD0Ev)
    mbed::BusInOut::~BusInOut()              0x00005dc5   Thumb Code    42  BusInOut.cpp.lpc1768.arm.o(i._ZN4mbed8BusInOutD1Ev)
    mbed::BusInOut::~BusInOut__sub_object()  0x00005dc5   Thumb Code     0  BusInOut.cpp.lpc1768.arm.o(i._ZN4mbed8BusInOutD1Ev)
    mbed::FileLike::~FileLike__deallocating() 0x00005df5   Thumb Code    50  stdio.cpp.lpc1768.arm.o(i._ZN4mbed8FileLikeD0Ev)
    mbed::FileLike::~FileLike()              0x00005e31   Thumb Code     0  stdio.cpp.lpc1768.arm.o(i._ZN4mbed8FileLikeD2Ev)
    mbed::FileLike::~FileLike__sub_object()  0x00005e31   Thumb Code    44  stdio.cpp.lpc1768.arm.o(i._ZN4mbed8FileLikeD2Ev)
    mbed::DigitalIn::DigitalIn(PinName, const char*) 0x00005e65   Thumb Code    28  DigitalIn.cpp.lpc1768.arm.o(i._ZN4mbed9DigitalInC1E7PinNamePKc)
    mbed::DigitalIn::DigitalIn__sub_object(PinName, const char*) 0x00005e65   Thumb Code     0  DigitalIn.cpp.lpc1768.arm.o(i._ZN4mbed9DigitalInC1E7PinNamePKc)
    mbed::DigitalIn::~DigitalIn__deallocating() 0x00005e85   Thumb Code    14  DigitalIn.cpp.lpc1768.arm.o(i._ZN4mbed9DigitalInD0Ev)
    mbed::DigitalIn::operator int()          0x00005e93   Thumb Code     6  DigitalIn.cpp.lpc1768.arm.o(i._ZN4mbed9DigitalIncviEv)
    LCDTFT::~LCDTFT__deallocating()          0x00005e99   Thumb Code    14  main.o(i._ZN6LCDTFTD0Ev)
    LCDTFT::~LCDTFT()                        0x00005ea9   Thumb Code    50  main.o(i._ZN6LCDTFTD1Ev)
    LCDTFT::~LCDTFT__sub_object()            0x00005ea9   Thumb Code     0  main.o(i._ZN6LCDTFTD1Ev)
    std::type_info::operator ==(const std::type_info&) const 0x00005ee1   Thumb Code    32  type_info_eq.o(i._ZNKSt9type_infoeqERKS_)
    thunk{-16} to mbed::Stream::flen()       0x00005f01   Thumb Code     4  Stream.cpp.lpc1768.arm.o(i._ZThn16_N4mbed6Stream4flenEv)
    thunk{-16} to mbed::Stream::read(void*, unsigned) 0x00005f05   Thumb Code    44  Stream.cpp.lpc1768.arm.o(i._ZThn16_N4mbed6Stream4readEPvj)
    thunk{-16} to mbed::Stream::close()      0x00005f31   Thumb Code     4  Stream.cpp.lpc1768.arm.o(i._ZThn16_N4mbed6Stream5closeEv)
    thunk{-16} to mbed::Stream::lseek(long, int) 0x00005f35   Thumb Code     4  Stream.cpp.lpc1768.arm.o(i._ZThn16_N4mbed6Stream5lseekEli)
    thunk{-16} to mbed::Stream::write(const void*, unsigned) 0x00005f39   Thumb Code    44  Stream.cpp.lpc1768.arm.o(i._ZThn16_N4mbed6Stream5writeEPKvj)
    thunk{-16} to mbed::Stream::isatty()     0x00005f65   Thumb Code     4  Stream.cpp.lpc1768.arm.o(i._ZThn16_N4mbed6Stream6isattyEv)
    operator delete[] (void*)                0x00005f69   Thumb Code     8  array_del.o(i._ZdaPv)
    operator delete (void*)                  0x00005f71   Thumb Code     8  delete.o(i._ZdlPv)
    operator new(unsigned)                   0x00005f79   Thumb Code    34  new.o(i._Znwj)
    __ARM_common_get_typeid                  0x00005fa1   Thumb Code    32  rtti.o(i.__ARM_common_get_typeid)
    __ARM_fpclassify                         0x00005fc1   Thumb Code    40  fpclassify.o(i.__ARM_fpclassify)
    __aeabi_atexit                           0x00005fe9   Thumb Code    48  aeabi_atexit.o(i.__aeabi_atexit)
    __cxa_finalize                           0x00006019   Thumb Code    66  cxa_finalize.o(i.__cxa_finalize)
    __cxa_pure_virtual                       0x0000605b   Thumb Code     6  pure_virt.o(i.__cxa_pure_virtual)
    __derived_to_base_conversion             0x00006061   Thumb Code   104  rtti.o(i.__derived_to_base_conversion)
    __dynamic_cast                           0x000060cd   Thumb Code   152  rtti.o(i.__dynamic_cast)
    __mathlib_dbl_underflow                  0x0000616d   Thumb Code    10  dunder.o(i.__mathlib_dbl_underflow)
    __mathlib_narrow                         0x0000617d   Thumb Code    16  narrow.o(i.__mathlib_narrow)
    __mathlib_tofloat                        0x0000618d   Thumb Code   132  narrow.o(i.__mathlib_tofloat)
    __support_ldexp                          0x00006215   Thumb Code    22  ldexp.o(i.__support_ldexp)
    __user_setup_stackheap                   0x0000622d   Thumb Code     8  stackheap.o(i.__user_setup_stackheap)
    _sys_close                               0x00006239   Thumb Code    40  stdio.cpp.lpc1768.arm.o(i._sys_close)
    _sys_flen                                0x00006265   Thumb Code    34  stdio.cpp.lpc1768.arm.o(i._sys_flen)
    _sys_istty                               0x0000628d   Thumb Code    34  stdio.cpp.lpc1768.arm.o(i._sys_istty)
    _sys_open                                0x000062b5   Thumb Code   348  stdio.cpp.lpc1768.arm.o(i._sys_open)
    _sys_read                                0x00006439   Thumb Code    56  stdio.cpp.lpc1768.arm.o(i._sys_read)
    _sys_seek                                0x00006479   Thumb Code    40  stdio.cpp.lpc1768.arm.o(i._sys_seek)
    _sys_write                               0x000064a5   Thumb Code    76  stdio.cpp.lpc1768.arm.o(i._sys_write)
    exit                                     0x000064f9   Thumb Code    22  exit.c.lpc1768.arm.o(i.exit)
    fputc                                    0x0000650f   Thumb Code    26  fputc.o(i.fputc)
    frexp                                    0x00006529   Thumb Code    80  frexp.o(i.frexp)
    gpio_input                               0x00006581   Thumb Code    48  gpio_api.c.lpc1768.arm.o(i.gpio_input)
    gpio_irq_clear                           0x000065b1   Thumb Code    60  gpio_irq_api.c.lpc1768.arm.o(i.gpio_irq_clear)
    gpio_irq_falling                         0x00006609   Thumb Code    88  gpio_irq_api.c.lpc1768.arm.o(i.gpio_irq_falling)
    gpio_irq_pending_falling                 0x0000667d   Thumb Code    74  gpio_irq_api.c.lpc1768.arm.o(i.gpio_irq_pending_falling)
    gpio_irq_pending_rising                  0x000066e5   Thumb Code    74  gpio_irq_api.c.lpc1768.arm.o(i.gpio_irq_pending_rising)
    gpio_irq_rising                          0x0000674d   Thumb Code    88  gpio_irq_api.c.lpc1768.arm.o(i.gpio_irq_rising)
    gpio_output                              0x000067c1   Thumb Code    48  gpio_api.c.lpc1768.arm.o(i.gpio_output)
    gpio_read                                0x000067f1   Thumb Code    24  gpio_api.c.lpc1768.arm.o(i.gpio_read)
    gpio_write                               0x00006809   Thumb Code    24  gpio_api.c.lpc1768.arm.o(i.gpio_write)
    ldexp                                    0x00006821   Thumb Code   126  ldexp.o(i.ldexp)
    mbed_die                                 0x000068a1   Thumb Code   114  utils_api.c.lpc1768.arm.o(i.mbed_die)
    pin_function                             0x00006919   Thumb Code    52  pinmap.c.lpc1768.arm.o(i.pin_function)
    pin_mode                                 0x00006951   Thumb Code    52  pinmap.c.lpc1768.arm.o(i.pin_mode)
    pinmap_merge                             0x00006989   Thumb Code    36  pinmap.c.lpc1768.arm.o(i.pinmap_merge)
    pinmap_peripheral                        0x000069c5   Thumb Code    50  pinmap.c.lpc1768.arm.o(i.pinmap_peripheral)
    pinmap_pinout                            0x00006a1d   Thumb Code   134  pinmap.c.lpc1768.arm.o(i.pinmap_pinout)
    semihost_close                           0x00006ac1   Thumb Code    12  semihost_api.c.lpc1768.arm.o(i.semihost_close)
    semihost_exit                            0x00006acd   Thumb Code    12  semihost_api.c.lpc1768.arm.o(i.semihost_exit)
    semihost_flen                            0x00006ad9   Thumb Code    12  semihost_api.c.lpc1768.arm.o(i.semihost_flen)
    semihost_istty                           0x00006ae5   Thumb Code    12  semihost_api.c.lpc1768.arm.o(i.semihost_istty)
    semihost_open                            0x00006af1   Thumb Code    24  semihost_api.c.lpc1768.arm.o(i.semihost_open)
    semihost_read                            0x00006b09   Thumb Code    18  semihost_api.c.lpc1768.arm.o(i.semihost_read)
    semihost_seek                            0x00006b1b   Thumb Code    16  semihost_api.c.lpc1768.arm.o(i.semihost_seek)
    semihost_write                           0x00006b2b   Thumb Code    18  semihost_api.c.lpc1768.arm.o(i.semihost_write)
    serial_baud                              0x00006b3d   Thumb Code   218  serial_api.c.lpc1768.arm.o(i.serial_baud)
    serial_format                            0x00006c3d   Thumb Code   132  serial_api.c.lpc1768.arm.o(i.serial_format)
    serial_getc                              0x00006cd1   Thumb Code    12  serial_api.c.lpc1768.arm.o(i.serial_getc)
    serial_init                              0x00006cdd   Thumb Code   178  serial_api.c.lpc1768.arm.o(i.serial_init)
    serial_putc                              0x00006dc1   Thumb Code    12  serial_api.c.lpc1768.arm.o(i.serial_putc)
    timer_frequency                          0x00006dcd   Thumb Code    16  timer_api.c.lpc1768.arm.o(i.timer_frequency)
    timer_init                               0x00006de1   Thumb Code   100  timer_api.c.lpc1768.arm.o(i.timer_init)
    timer_read                               0x00006e51   Thumb Code     4  timer_api.c.lpc1768.arm.o(i.timer_read)
    timer_start                              0x00006e55   Thumb Code    12  timer_api.c.lpc1768.arm.o(i.timer_start)
    us_ticker_read                           0x00006e61   Thumb Code    44  us_ticker_api.c.lpc1768.arm.o(i.us_ticker_read)
    wait_ms                                  0x00006e99   Thumb Code    28  wait_api.c.lpc1768.arm.o(i.wait_ms)
    wait_us                                  0x00006eb5   Thumb Code    22  wait_api.c.lpc1768.arm.o(i.wait_us)
    _get_lc_ctype                            0x00006ecd   Thumb Code    44  lc_ctype_c.o(locale$$code)
    _get_lc_numeric                          0x00006ef9   Thumb Code    44  lc_numeric_c.o(locale$$code)
    __aeabi_d2f                              0x00006f25   Thumb Code     0  d2f.o(x$fpl$d2f)
    _d2f                                     0x00006f25   Thumb Code    98  d2f.o(x$fpl$d2f)
    __fpl_dcheck_NaN1                        0x00006f89   Thumb Code    10  dcheck1.o(x$fpl$dcheck1)
    __fpl_dcmp_Inf                           0x00006f99   Thumb Code    24  dcmpi.o(x$fpl$dcmpinf)
    __aeabi_cdcmpeq                          0x00006fb1   Thumb Code     0  deqf.o(x$fpl$deqf)
    _dcmpeq                                  0x00006fb1   Thumb Code   120  deqf.o(x$fpl$deqf)
    __aeabi_cdcmple                          0x00007029   Thumb Code     0  dleqf.o(x$fpl$dleqf)
    _dcmple                                  0x00007029   Thumb Code   120  dleqf.o(x$fpl$dleqf)
    __fpl_dcmple_InfNaN                      0x0000708b   Thumb Code     0  dleqf.o(x$fpl$dleqf)
    __fpl_dnaninf                            0x000070a1   Thumb Code   156  dnaninf.o(x$fpl$dnaninf)
    __aeabi_cdrcmple                         0x0000713d   Thumb Code     0  drleqf.o(x$fpl$drleqf)
    _drcmple                                 0x0000713d   Thumb Code   108  drleqf.o(x$fpl$drleqf)
    __aeabi_fadd                             0x000071a9   Thumb Code     0  faddsub_clz.o(x$fpl$fadd)
    _fadd                                    0x000071a9   Thumb Code   196  faddsub_clz.o(x$fpl$fadd)
    __fpl_fcheck_NaN1                        0x0000726d   Thumb Code     6  fcheck1.o(x$fpl$fcheck1)
    __aeabi_fdiv                             0x00007279   Thumb Code     0  fdiv.o(x$fpl$fdiv)
    _fdiv                                    0x00007279   Thumb Code   384  fdiv.o(x$fpl$fdiv)
    __aeabi_f2iz                             0x000073fd   Thumb Code     0  ffix.o(x$fpl$ffix)
    _ffix                                    0x000073fd   Thumb Code    54  ffix.o(x$fpl$ffix)
    __aeabi_i2f                              0x00007435   Thumb Code     0  fflt_clz.o(x$fpl$fflt)
    _fflt                                    0x00007435   Thumb Code    48  fflt_clz.o(x$fpl$fflt)
    __aeabi_ui2f                             0x00007465   Thumb Code     0  fflt_clz.o(x$fpl$ffltu)
    _ffltu                                   0x00007465   Thumb Code    38  fflt_clz.o(x$fpl$ffltu)
    __aeabi_fmul                             0x0000748d   Thumb Code     0  fmul.o(x$fpl$fmul)
    _fmul                                    0x0000748d   Thumb Code   258  fmul.o(x$fpl$fmul)
    __fpl_fnaninf                            0x0000758f   Thumb Code   140  fnaninf.o(x$fpl$fnaninf)
    _fp_init                                 0x0000761b   Thumb Code    14  fpinit.o(x$fpl$fpinit)
    __fplib_config_pureend_doubles           0x00007627   Thumb Code     0  fpinit.o(x$fpl$fpinit)
    __fpl_fretinf                            0x00007629   Thumb Code    10  fretinf.o(x$fpl$fretinf)
    __aeabi_fsub                             0x00007635   Thumb Code     0  faddsub_clz.o(x$fpl$fsub)
    _fsub                                    0x00007635   Thumb Code   234  faddsub_clz.o(x$fpl$fsub)
    _printf_fp_dec                           0x0000771f   Thumb Code     4  printf1.o(x$fpl$printf1)
    _printf_fp_hex                           0x00007723   Thumb Code     4  printf2.o(x$fpl$printf2)
    __fpl_return_NaN                         0x00007727   Thumb Code   100  retnan.o(x$fpl$retnan)
    __ARM_scalbn                             0x0000778b   Thumb Code     0  scalbn.o(x$fpl$scalbn)
    scalbn                                   0x0000778b   Thumb Code    96  scalbn.o(x$fpl$scalbn)
    __fpl_inf_scalbn                         0x000077e9   Thumb Code     0  scalbn.o(x$fpl$scalbn)
    __ARM_scalbnf                            0x000077eb   Thumb Code     0  scalbnf.o(x$fpl$scalbnf)
    scalbnf                                  0x000077eb   Thumb Code    80  scalbnf.o(x$fpl$scalbnf)
    __fpl_inf_scalbnf                        0x00007839   Thumb Code     0  scalbnf.o(x$fpl$scalbnf)
    _scanf_real                              0x0000783b   Thumb Code     4  scanf1.o(x$fpl$scanf1)
    _scanf_hex_real                          0x0000783f   Thumb Code     4  scanf2.o(x$fpl$scanf2)
    _scanf_infnan                            0x00007843   Thumb Code     4  scanf2.o(x$fpl$scanf2)
    __fpl_cmpreturn                          0x00007847   Thumb Code    48  trapv.o(x$fpl$trapveneer)
    __I$use$fp                               0x00007877   Thumb Code     0  usenofp.o(x$fpl$usenofp)
    mbed::Base::_base_funcs                  0x00007a54   Data          24  Base.cpp.lpc1768.arm.o(.constdata)
    __stdin_name                             0x00007a6c   Data           7  stdio.cpp.lpc1768.arm.o(.constdata)
    __stdout_name                            0x00007a73   Data           8  stdio.cpp.lpc1768.arm.o(.constdata)
    __stderr_name                            0x00007a7b   Data           8  stdio.cpp.lpc1768.arm.o(.constdata)
    typeinfo for LCDTFT                      0x00007cd4   Data          12  main.o(.constdata__ZTI6LCDTFT)
    typeinfo for __cxxabiv1::__class_type_info 0x00007ce0   Data          12  lib_rtti_impl.o(.constdata__ZTIN10__cxxabiv117__class_type_infoE)
    typeinfo for __cxxabiv1::__si_class_type_info 0x00007cec   Data          12  lib_rtti_impl.o(.constdata__ZTIN10__cxxabiv120__si_class_type_infoE)
    typeinfo for __cxxabiv1::__vmi_class_type_info 0x00007cf8   Data          12  lib_rtti_impl.o(.constdata__ZTIN10__cxxabiv121__vmi_class_type_infoE)
    typeinfo for mbed::DigitalOut            0x00007d04   Data          12  DigitalOut.cpp.lpc1768.arm.o(.constdata__ZTIN4mbed10DigitalOutE)
    typeinfo for mbed::FileHandle            0x00007d10   Data           8  LocalFileSystem.cpp.lpc1768.arm.o(.constdata__ZTIN4mbed10FileHandleE)
    typeinfo for mbed::InterruptIn           0x00007d18   Data          12  InterruptIn.cpp.lpc1768.arm.o(.constdata__ZTIN4mbed11InterruptInE)
    typeinfo for mbed::DigitalInOut          0x00007d24   Data          12  DigitalInOut.cpp.lpc1768.arm.o(.constdata__ZTIN4mbed12DigitalInOutE)
    typeinfo for mbed::FileSystemLike        0x00007d30   Data          12  LocalFileSystem.cpp.lpc1768.arm.o(.constdata__ZTIN4mbed14FileSystemLikeE)
    typeinfo for mbed::LocalFileSystem       0x00007d3c   Data          12  LocalFileSystem.cpp.lpc1768.arm.o(.constdata__ZTIN4mbed15LocalFileSystemE)
    typeinfo for mbed::Base                  0x00007d48   Data           8  Base.cpp.lpc1768.arm.o(.constdata__ZTIN4mbed4BaseE)
    typeinfo for mbed::Stream                0x00007d50   Data          12  Stream.cpp.lpc1768.arm.o(.constdata__ZTIN4mbed6StreamE)
    typeinfo for mbed::BusInOut              0x00007d5c   Data          12  BusInOut.cpp.lpc1768.arm.o(.constdata__ZTIN4mbed8BusInOutE)
    typeinfo for mbed::FileLike              0x00007d68   Data          32  stdio.cpp.lpc1768.arm.o(.constdata__ZTIN4mbed8FileLikeE)
    typeinfo for mbed::DigitalIn             0x00007d88   Data          12  DigitalIn.cpp.lpc1768.arm.o(.constdata__ZTIN4mbed9DigitalInE)
    typeinfo for std::type_info              0x00007d94   Data           8  type_info_dtor.o(.constdata__ZTISt9type_info)
    typeinfo name for LCDTFT                 0x00007d9c   Data           8  main.o(.constdata__ZTS6LCDTFT)
    typeinfo name for __cxxabiv1::__class_type_info 0x00007da4   Data          34  lib_rtti_impl.o(.constdata__ZTSN10__cxxabiv117__class_type_infoE)
    typeinfo name for __cxxabiv1::__si_class_type_info 0x00007dc6   Data          37  lib_rtti_impl.o(.constdata__ZTSN10__cxxabiv120__si_class_type_infoE)
    typeinfo name for __cxxabiv1::__vmi_class_type_info 0x00007deb   Data          38  lib_rtti_impl.o(.constdata__ZTSN10__cxxabiv121__vmi_class_type_infoE)
    typeinfo name for mbed::DigitalOut       0x00007e11   Data          20  DigitalOut.cpp.lpc1768.arm.o(.constdata__ZTSN4mbed10DigitalOutE)
    typeinfo name for mbed::FileHandle       0x00007e25   Data          20  LocalFileSystem.cpp.lpc1768.arm.o(.constdata__ZTSN4mbed10FileHandleE)
    typeinfo name for mbed::InterruptIn      0x00007e39   Data          21  InterruptIn.cpp.lpc1768.arm.o(.constdata__ZTSN4mbed11InterruptInE)
    typeinfo name for mbed::DigitalInOut     0x00007e4e   Data          22  DigitalInOut.cpp.lpc1768.arm.o(.constdata__ZTSN4mbed12DigitalInOutE)
    typeinfo name for mbed::FileSystemLike   0x00007e64   Data          24  LocalFileSystem.cpp.lpc1768.arm.o(.constdata__ZTSN4mbed14FileSystemLikeE)
    typeinfo name for mbed::LocalFileSystem  0x00007e7c   Data          25  LocalFileSystem.cpp.lpc1768.arm.o(.constdata__ZTSN4mbed15LocalFileSystemE)
    typeinfo name for mbed::Base             0x00007e95   Data          13  Base.cpp.lpc1768.arm.o(.constdata__ZTSN4mbed4BaseE)
    typeinfo name for mbed::Stream           0x00007ea2   Data          15  Stream.cpp.lpc1768.arm.o(.constdata__ZTSN4mbed6StreamE)
    typeinfo name for mbed::BusInOut         0x00007eb1   Data          17  BusInOut.cpp.lpc1768.arm.o(.constdata__ZTSN4mbed8BusInOutE)
    typeinfo name for mbed::FileLike         0x00007ec2   Data          17  stdio.cpp.lpc1768.arm.o(.constdata__ZTSN4mbed8FileLikeE)
    typeinfo name for mbed::DigitalIn        0x00007ed3   Data          18  DigitalIn.cpp.lpc1768.arm.o(.constdata__ZTSN4mbed9DigitalInE)
    typeinfo name for std::type_info         0x00007ee5   Data          13  type_info_dtor.o(.constdata__ZTSSt9type_info)
    vtable for TouchScreenADS7843            0x00007ef4   Data          12  main.o(.constdata__ZTV18TouchScreenADS7843)
    vtable for LCDTFT                        0x00007f00   Data         120  main.o(.constdata__ZTV6LCDTFT)
    vtable for __cxxabiv1::__class_type_info 0x00007f78   Data          16  lib_rtti_impl.o(.constdata__ZTVN10__cxxabiv117__class_type_infoE)
    vtable for __cxxabiv1::__si_class_type_info 0x00007f88   Data          16  lib_rtti_impl.o(.constdata__ZTVN10__cxxabiv120__si_class_type_infoE)
    vtable for __cxxabiv1::__vmi_class_type_info 0x00007f98   Data          16  lib_rtti_impl.o(.constdata__ZTVN10__cxxabiv121__vmi_class_type_infoE)
    vtable for mbed::DigitalOut              0x00007fa8   Data          24  DigitalOut.cpp.lpc1768.arm.o(.constdata__ZTVN4mbed10DigitalOutE)
    vtable for mbed::InterruptIn             0x00007fc0   Data          24  InterruptIn.cpp.lpc1768.arm.o(.constdata__ZTVN4mbed11InterruptInE)
    vtable for mbed::DigitalInOut            0x00007fd8   Data          24  DigitalInOut.cpp.lpc1768.arm.o(.constdata__ZTVN4mbed12DigitalInOutE)
    vtable for mbed::LocalFileHandle         0x00007ff0   Data          36  LocalFileSystem.cpp.lpc1768.arm.o(.constdata__ZTVN4mbed15LocalFileHandleE)
    vtable for mbed::LocalFileSystem         0x00008014   Data          44  LocalFileSystem.cpp.lpc1768.arm.o(.constdata__ZTVN4mbed15LocalFileSystemE)
    vtable for mbed::Base                    0x00008040   Data          24  Base.cpp.lpc1768.arm.o(.constdata__ZTVN4mbed4BaseE)
    vtable for mbed::Stream                  0x00008058   Data          96  Stream.cpp.lpc1768.arm.o(.constdata__ZTVN4mbed6StreamE)
    vtable for mbed::BusInOut                0x000080b8   Data          24  BusInOut.cpp.lpc1768.arm.o(.constdata__ZTVN4mbed8BusInOutE)
    vtable for mbed::FileLike                0x000080d0   Data          60  stdio.cpp.lpc1768.arm.o(.constdata__ZTVN4mbed8FileLikeE)
    vtable for mbed::DigitalIn               0x0000810c   Data          24  DigitalIn.cpp.lpc1768.arm.o(.constdata__ZTVN4mbed9DigitalInE)
    Region$$Table$$Base                      0x00008138   Number         0  anon$$obj.o(Region$$Table)
    Region$$Table$$Limit                     0x00008158   Number         0  anon$$obj.o(Region$$Table)
    __aeabi_HUGE_VAL                         0x00008158   Data           0  fpconst.o(c$$dinf)
    __aeabi_HUGE_VALL                        0x00008158   Data           0  fpconst.o(c$$dinf)
    __aeabi_INFINITY                         0x00008158   Data           0  fpconst.o(c$$dinf)
    __dInf                                   0x00008158   Data           0  fpconst.o(c$$dinf)
    __huge_val                               0x00008158   Data           0  fpconst.o(c$$dinf)
    __ctype                                  0x0000816d   Data           0  lc_ctype_c.o(locale$$data)
    SHT$$INIT_ARRAY$$Base                    0x0000828c   Number         0  main.o(.init_array)
    SHT$$INIT_ARRAY$$Limit                   0x00008290   Number         0  main.o(.init_array)
    kbhit_irq                                0x100000c4   Data           1  main.o(.data)
    m1                                       0x100000c8   Data           4  main.o(.data)
    SystemCoreClock                          0x100000cc   Data           4  system_LPC17xx.o(.data)
    mbed::Base::_head                        0x100000d0   Data           4  Base.cpp.lpc1768.arm.o(.data)
    mbed::Base::_classes                     0x100000d4   Data           4  Base.cpp.lpc1768.arm.o(.data)
    mbed::Base::_base_class                  0x100000d8   Data          12  Base.cpp.lpc1768.arm.o(.data)
    __aeabi_stdin                            0x100000e8   Data           4  stdio_streams.o(.data)
    __aeabi_stdout                           0x100000ec   Data           4  stdio_streams.o(.data)
    __aeabi_stderr                           0x100000f0   Data           4  stdio_streams.o(.data)
    Led1                                     0x100000f8   Data          20  main.o(.bss)
    Led2                                     0x1000010c   Data          20  main.o(.bss)
    Led3                                     0x10000120   Data          20  main.o(.bss)
    Led4                                     0x10000134   Data          20  main.o(.bss)
    MyTouch                                  0x10000148   Data         184  main.o(.bss)
    MyBus                                    0x10000200   Data          80  main.o(.bss)
    MyLCD                                    0x10000250   Data         140  main.o(.bss)
    mbed::InterruptIn::_irq_objects          0x100002dc   Data         192  InterruptIn.cpp.lpc1768.arm.o(.bss)
    __stdin                                  0x100003dc   Data          80  stdio_streams.o(.bss)
    __stdout                                 0x1000042c   Data          80  stdio_streams.o(.bss)
    __stderr                                 0x1000047c   Data          80  stdio_streams.o(.bss)
    Image$$RW_IRAM1$$ZI$$Limit               0x100004f8   Number         0  rt_fp_status_addr.o(.bss)



==============================================================================

Memory Map of the image

  Image Entry point : 0x000000c5

  Load Region LR_IROM1 (Base: 0x00000000, Size: 0x00008388, Max: 0x00080000, ABSOLUTE)

    Execution Region ER_IROM1 (Base: 0x00000000, Size: 0x00008290, Max: 0x00080000, ABSOLUTE)

    Base Addr    Size         Type   Attr      Idx    E Section Name        Object

    0x00000000   0x000000c4   Data   RO          220    RESET               startup_LPC17xx.o
    0x000000c4   0x00000008   Code   RO         1022  * !!!main             c_w.l(__main.o)
    0x000000cc   0x00000034   Code   RO         1913    !!!scatter          c_w.l(__scatter.o)
    0x00000100   0x0000001a   Code   RO         1915    !!handler_copy      c_w.l(__scatter_copy.o)
    0x0000011a   0x00000002   PAD
    0x0000011c   0x0000001c   Code   RO         1917    !!handler_zi        c_w.l(__scatter_zi.o)
    0x00000138   0x00000000   Code   RO         1380    .ARM.Collect$$_printf_percent$$00000000  c_w.l(_printf_percent.o)
    0x00000138   0x00000006   Code   RO         1369    .ARM.Collect$$_printf_percent$$00000001  c_w.l(_printf_n.o)
    0x0000013e   0x00000006   Code   RO         1371    .ARM.Collect$$_printf_percent$$00000002  c_w.l(_printf_p.o)
    0x00000144   0x00000006   Code   RO         1376    .ARM.Collect$$_printf_percent$$00000003  c_w.l(_printf_f.o)
    0x0000014a   0x00000006   Code   RO         1377    .ARM.Collect$$_printf_percent$$00000004  c_w.l(_printf_e.o)
    0x00000150   0x00000006   Code   RO         1378    .ARM.Collect$$_printf_percent$$00000005  c_w.l(_printf_g.o)
    0x00000156   0x00000006   Code   RO         1379    .ARM.Collect$$_printf_percent$$00000006  c_w.l(_printf_a.o)
    0x0000015c   0x0000000a   Code   RO         1384    .ARM.Collect$$_printf_percent$$00000007  c_w.l(_printf_ll.o)
    0x00000166   0x00000006   Code   RO         1373    .ARM.Collect$$_printf_percent$$00000008  c_w.l(_printf_i.o)
    0x0000016c   0x00000006   Code   RO         1374    .ARM.Collect$$_printf_percent$$00000009  c_w.l(_printf_d.o)
    0x00000172   0x00000006   Code   RO         1375    .ARM.Collect$$_printf_percent$$0000000A  c_w.l(_printf_u.o)
    0x00000178   0x00000006   Code   RO         1372    .ARM.Collect$$_printf_percent$$0000000B  c_w.l(_printf_o.o)
    0x0000017e   0x00000006   Code   RO         1370    .ARM.Collect$$_printf_percent$$0000000C  c_w.l(_printf_x.o)
    0x00000184   0x00000006   Code   RO         1381    .ARM.Collect$$_printf_percent$$0000000D  c_w.l(_printf_lli.o)
    0x0000018a   0x00000006   Code   RO         1382    .ARM.Collect$$_printf_percent$$0000000E  c_w.l(_printf_lld.o)
    0x00000190   0x00000006   Code   RO         1383    .ARM.Collect$$_printf_percent$$0000000F  c_w.l(_printf_llu.o)
    0x00000196   0x00000006   Code   RO         1388    .ARM.Collect$$_printf_percent$$00000010  c_w.l(_printf_llo.o)
    0x0000019c   0x00000006   Code   RO         1389    .ARM.Collect$$_printf_percent$$00000011  c_w.l(_printf_llx.o)
    0x000001a2   0x0000000a   Code   RO         1385    .ARM.Collect$$_printf_percent$$00000012  c_w.l(_printf_l.o)
    0x000001ac   0x00000006   Code   RO         1367    .ARM.Collect$$_printf_percent$$00000013  c_w.l(_printf_c.o)
    0x000001b2   0x00000006   Code   RO         1368    .ARM.Collect$$_printf_percent$$00000014  c_w.l(_printf_s.o)
    0x000001b8   0x00000006   Code   RO         1386    .ARM.Collect$$_printf_percent$$00000015  c_w.l(_printf_lc.o)
    0x000001be   0x00000006   Code   RO         1387    .ARM.Collect$$_printf_percent$$00000016  c_w.l(_printf_ls.o)
    0x000001c4   0x00000004   Code   RO         1636    .ARM.Collect$$_printf_percent$$00000017  c_w.l(_printf_percent_end.o)
    0x000001c8   0x00000006   Code   RO         1794    .ARM.Collect$$libinit$$00000000  c_w.l(libinit.o)
    0x000001ce   0x00000008   Code   RO         1439    .ARM.Collect$$libinit$$00000001  c_w.l(libinit2.o)
    0x000001d6   0x00000000   Code   RO         1441    .ARM.Collect$$libinit$$00000006  c_w.l(libinit2.o)
    0x000001d6   0x00000000   Code   RO         1443    .ARM.Collect$$libinit$$00000008  c_w.l(libinit2.o)
    0x000001d6   0x00000000   Code   RO         1445    .ARM.Collect$$libinit$$0000000A  c_w.l(libinit2.o)
    0x000001d6   0x00000006   Code   RO         1446    .ARM.Collect$$libinit$$0000000B  c_w.l(libinit2.o)
    0x000001dc   0x00000000   Code   RO         1448    .ARM.Collect$$libinit$$0000000D  c_w.l(libinit2.o)
    0x000001dc   0x0000000c   Code   RO         1449    .ARM.Collect$$libinit$$0000000E  c_w.l(libinit2.o)
    0x000001e8   0x00000000   Code   RO         1450    .ARM.Collect$$libinit$$0000000F  c_w.l(libinit2.o)
    0x000001e8   0x00000000   Code   RO         1452    .ARM.Collect$$libinit$$00000011  c_w.l(libinit2.o)
    0x000001e8   0x0000000a   Code   RO         1453    .ARM.Collect$$libinit$$00000012  c_w.l(libinit2.o)
    0x000001f2   0x00000000   Code   RO         1454    .ARM.Collect$$libinit$$00000013  c_w.l(libinit2.o)
    0x000001f2   0x00000000   Code   RO         1456    .ARM.Collect$$libinit$$00000015  c_w.l(libinit2.o)
    0x000001f2   0x00000000   Code   RO         1458    .ARM.Collect$$libinit$$00000017  c_w.l(libinit2.o)
    0x000001f2   0x00000000   Code   RO         1460    .ARM.Collect$$libinit$$00000019  c_w.l(libinit2.o)
    0x000001f2   0x00000000   Code   RO         1462    .ARM.Collect$$libinit$$0000001B  c_w.l(libinit2.o)
    0x000001f2   0x00000000   Code   RO         1464    .ARM.Collect$$libinit$$0000001D  c_w.l(libinit2.o)
    0x000001f2   0x00000000   Code   RO         1466    .ARM.Collect$$libinit$$0000001F  c_w.l(libinit2.o)
    0x000001f2   0x00000004   Code   RO         1467    .ARM.Collect$$libinit$$00000020  c_w.l(libinit2.o)
    0x000001f6   0x00000000   Code   RO         1468    .ARM.Collect$$libinit$$00000021  c_w.l(libinit2.o)
    0x000001f6   0x00000000   Code   RO         1472    .ARM.Collect$$libinit$$00000028  c_w.l(libinit2.o)
    0x000001f6   0x00000000   Code   RO         1474    .ARM.Collect$$libinit$$0000002A  c_w.l(libinit2.o)
    0x000001f6   0x00000000   Code   RO         1476    .ARM.Collect$$libinit$$0000002C  c_w.l(libinit2.o)
    0x000001f6   0x00000004   Code   RO         1477    .ARM.Collect$$libinit$$0000002D  c_w.l(libinit2.o)
    0x000001fa   0x00000000   Code   RO         1478    .ARM.Collect$$libinit$$0000002E  c_w.l(libinit2.o)
    0x000001fa   0x00000002   Code   RO         1479    .ARM.Collect$$libinit$$0000002F  c_w.l(libinit2.o)
    0x000001fc   0x00000006   Code   RO         1480    .ARM.Collect$$libshutdown$$00000001  c_w.l(libshutdown2.o)
    0x00000202   0x00000000   Code   RO         1482    .ARM.Collect$$libshutdown$$00000003  c_w.l(libshutdown2.o)
    0x00000202   0x00000000   Code   RO         1218    .ARM.Collect$$rtentry$$00000000  c_w.l(rtentry.o)
    0x00000202   0x00000000   Code   RO         1568    .ARM.Collect$$rtentry$$00000002  c_w.l(rtentry2.o)
    0x00000202   0x00000006   Code   RO         1583    .ARM.Collect$$rtentry$$00000004  c_w.l(rtentry4.o)
    0x00000208   0x00000000   Code   RO         1570    .ARM.Collect$$rtentry$$00000009  c_w.l(rtentry2.o)
    0x00000208   0x00000004   Code   RO         1571    .ARM.Collect$$rtentry$$0000000A  c_w.l(rtentry2.o)
    0x0000020c   0x00000000   Code   RO         1573    .ARM.Collect$$rtentry$$0000000C  c_w.l(rtentry2.o)
    0x0000020c   0x00000008   Code   RO         1574    .ARM.Collect$$rtentry$$0000000D  c_w.l(rtentry2.o)
    0x00000214   0x00000000   Code   RO         1727    .emb_text           c_w.l(maybetermalloc1.o)
    0x00000214   0x00000024   Code   RO          222    .text               startup_LPC17xx.o
    0x00000238   0x00000014   Code   RO          950    .text               c_w.l(fprintf.o)
    0x0000024c   0x0000002c   Code   RO          954    .text               c_w.l(sprintf.o)
    0x00000278   0x0000002c   Code   RO          956    .text               c_w.l(__2sprintf.o)
    0x000002a4   0x0000003c   Code   RO          960    .text               c_w.l(sscanf.o)
    0x000002e0   0x00000010   Code   RO          982    .text               c_w.l(setbuf.o)
    0x000002f0   0x00000008   Code   RO         1222    .text               c_w.l(rt_new_handler_addr.o)
    0x000002f8   0x00000004   Code   RO         1501    .text               cpprt_w.l(arm_bad_typeid_noexceptions.o)
    0x000002fc   0x00000004   Code   RO          221    .ARM.__at_0x02FC    startup_LPC17xx.o
    0x00000300   0x00001150   Code   RO            2    .text               main.o
    0x00001450   0x00000064   Code   RO          966    .text               c_w.l(fflush.o)
    0x000014b4   0x00000022   Code   RO          976    .text               c_w.l(fputs.o)
    0x000014d6   0x00000002   PAD
    0x000014d8   0x000000ec   Code   RO          980    .text               c_w.l(fopen.o)
    0x000015c4   0x0000004c   Code   RO          990    .text               c_w.l(fclose.o)
    0x00001610   0x0000007c   Code   RO         1005    .text               c_w.l(assert.o)
    0x0000168c   0x0000003e   Code   RO         1009    .text               c_w.l(strlen.o)
    0x000016ca   0x0000008c   Code   RO         1011    .text               c_w.l(strncmp.o)
    0x00001756   0x0000008a   Code   RO         1013    .text               c_w.l(rt_memcpy_v6.o)
    0x000017e0   0x00000064   Code   RO         1015    .text               c_w.l(rt_memcpy_w.o)
    0x00001844   0x00000080   Code   RO         1019    .text               c_w.l(strcmpv7m.o)
    0x000018c4   0x00000024   Code   RO         1029    .text               c_w.l(init_aeabi.o)
    0x000018e8   0x00000010   Code   RO         1220    .text               c_w.l(rt_ctype_table.o)
    0x000018f8   0x00000008   Code   RO         1227    .text               c_w.l(rt_ddtor_pointer_addr.o)
    0x00001900   0x00000008   Code   RO         1232    .text               c_w.l(rt_errno_addr.o)
    0x00001908   0x0000005e   Code   RO         1241    .text               c_w.l(h1_alloc.o)
    0x00001966   0x0000004e   Code   RO         1243    .text               c_w.l(h1_free.o)
    0x000019b4   0x00000050   Code   RO         1301    .text               c_w.l(_printf_pad.o)
    0x00001a04   0x00000024   Code   RO         1303    .text               c_w.l(_printf_truncate.o)
    0x00001a28   0x00000052   Code   RO         1305    .text               c_w.l(_printf_str.o)
    0x00001a7a   0x00000002   PAD
    0x00001a7c   0x00000078   Code   RO         1307    .text               c_w.l(_printf_dec.o)
    0x00001af4   0x0000002a   Code   RO         1309    .text               c_w.l(_printf_charcount.o)
    0x00001b1e   0x00000002   PAD
    0x00001b20   0x00000030   Code   RO         1311    .text               c_w.l(_printf_char_common.o)
    0x00001b50   0x0000000a   Code   RO         1313    .text               c_w.l(_sputc.o)
    0x00001b5a   0x00000002   PAD
    0x00001b5c   0x00000024   Code   RO         1315    .text               c_w.l(_printf_char_file.o)
    0x00001b80   0x000000bc   Code   RO         1317    .text               c_w.l(_printf_wctomb.o)
    0x00001c3c   0x00000078   Code   RO         1320    .text               c_w.l(_printf_longlong_dec.o)
    0x00001cb4   0x00000078   Code   RO         1326    .text               c_w.l(_printf_oct_int_ll.o)
    0x00001d2c   0x0000009c   Code   RO         1346    .text               c_w.l(_printf_hex_int_ll_ptr.o)
    0x00001dc8   0x0000019c   Code   RO         1364    .text               c_w.l(__printf_flags_ss_wp.o)
    0x00001f64   0x00000166   Code   RO         1390    .text               c_w.l(_scanf_longlong.o)
    0x000020ca   0x0000014e   Code   RO         1392    .text               c_w.l(_scanf_int.o)
    0x00002218   0x000000d8   Code   RO         1394    .text               c_w.l(_scanf_str.o)
    0x000022f0   0x00000030   Code   RO         1396    .text               c_w.l(scanf_char.o)
    0x00002320   0x00000040   Code   RO         1398    .text               c_w.l(_sgetc.o)
    0x00002360   0x0000011c   Code   RO         1404    .text               c_w.l(_scanf_mbtowc.o)
    0x0000247c   0x000000e8   Code   RO         1406    .text               c_w.l(_scanf_wctomb.o)
    0x00002564   0x000000ca   Code   RO         1408    .text               c_w.l(_scanf_wstr.o)
    0x0000262e   0x00000242   Code   RO         1410    .text               c_w.l(filbuf.o)
    0x00002870   0x000001d8   Code   RO         1412    .text               c_w.l(flsbuf.o)
    0x00002a48   0x000000f8   Code   RO         1414    .text               c_w.l(fseek.o)
    0x00002b40   0x00000046   Code   RO         1416    .text               c_w.l(setvbuf.o)
    0x00002b86   0x00000002   PAD
    0x00002b88   0x000000f0   Code   RO         1418    .text               c_w.l(stdio.o)
    0x00002c78   0x00000138   Code   RO         1421    .text               c_w.l(initio.o)
    0x00002db0   0x00000010   Code   RO         1427    .text               c_w.l(abort.o)
    0x00002dc0   0x0000000e   Code   RO         1429    .text               c_w.l(defsig_pvfn_outer.o)
    0x00002dce   0x0000004e   Code   RO         1437    .text               c_w.l(rt_memclr_w.o)
    0x00002e1c   0x00000004   Code   RO         1507    .text               cpprt_w.l(arm_newhandler_noexceptions.o)
    0x00002e20   0x0000000e   Code   RO         1560    .text               c_w.l(sys_wrch.o)
    0x00002e2e   0x00000002   PAD
    0x00002e30   0x0000000c   Code   RO         1562    .text               c_w.l(sys_exit.o)
    0x00002e3c   0x00000008   Code   RO         1587    .text               c_w.l(rt_heap_descriptor.o)
    0x00002e44   0x00000008   Code   RO         1592    .text               c_w.l(rt_locale.o)
    0x00002e4c   0x00000004   Code   RO         1597    .text               c_w.l(hguard.o)
    0x00002e50   0x0000008a   Code   RO         1599    .text               c_w.l(init_alloc.o)
    0x00002eda   0x0000000e   Code   RO         1603    .text               c_w.l(h1_init.o)
    0x00002ee8   0x0000008a   Code   RO         1617    .text               c_w.l(lludiv10.o)
    0x00002f72   0x00000012   Code   RO         1619    .text               c_w.l(isspace.o)
    0x00002f84   0x000000b4   Code   RO         1621    .text               c_w.l(_printf_intcommon.o)
    0x00003038   0x0000041a   Code   RO         1623    .text               c_w.l(_printf_fp_dec.o)
    0x00003452   0x00000002   PAD
    0x00003454   0x000002f4   Code   RO         1625    .text               c_w.l(_printf_fp_hex.o)
    0x00003748   0x0000002c   Code   RO         1630    .text               c_w.l(_printf_char.o)
    0x00003774   0x0000002c   Code   RO         1634    .text               c_w.l(_printf_wchar.o)
    0x000037a0   0x00000020   Code   RO         1637    .text               c_w.l(_chval.o)
    0x000037c0   0x00000388   Code   RO         1639    .text               c_w.l(_scanf.o)
    0x00003b48   0x000004a4   Code   RO         1641    .text               c_w.l(scanf_fp.o)
    0x00003fec   0x0000001e   Code   RO         1645    .text               c_w.l(_scanf_wcharmap.o)
    0x0000400a   0x00000008   Code   RO         1649    .text               c_w.l(ferror.o)
    0x00004012   0x00000046   Code   RO         1651    .text               c_w.l(ftell.o)
    0x00004058   0x0000011c   Code   RO         1653    .text               c_w.l(freadfast.o)
    0x00004174   0x00000034   Code   RO         1659    .text               c_w.l(flushlinebuffered.o)
    0x000041a8   0x0000003c   Code   RO         1675    .text               c_w.l(_mbrtowc.o)
    0x000041e4   0x00000040   Code   RO         1677    .text               c_w.l(_wcrtomb.o)
    0x00004224   0x0000000a   Code   RO         1682    .text               c_w.l(defsig_exit.o)
    0x0000422e   0x0000000e   Code   RO         1684    .text               c_w.l(defsig_abrt_outer.o)
    0x0000423c   0x0000000e   Code   RO         1688    .text               c_w.l(defsig_rtred_outer.o)
    0x0000424a   0x00000002   PAD
    0x0000424c   0x00000030   Code   RO         1692    .text               c_w.l(defsig_pvfn_inner.o)
    0x0000427c   0x00000018   Code   RO         1694    .text               c_w.l(assert_stdio.o)
    0x00004294   0x0000001a   Code   RO         1702    .text               cpprt_w.l(arm_exceptions_terminate.o)
    0x000042ae   0x00000002   Code   RO         1723    .text               c_w.l(use_no_semi.o)
    0x000042b0   0x00000032   Code   RO         1731    .text               c_w.l(h1_extend.o)
    0x000042e2   0x00000002   PAD
    0x000042e4   0x0000007c   Code   RO         1735    .text               c_w.l(_printf_fp_infnan.o)
    0x00004360   0x000000ec   Code   RO         1737    .text               c_w.l(bigflt0.o)
    0x0000444c   0x00000032   Code   RO         1769    .text               c_w.l(defsig_general.o)
    0x0000447e   0x00000002   PAD
    0x00004480   0x00000030   Code   RO         1771    .text               c_w.l(defsig_abrt_inner.o)
    0x000044b0   0x00000034   Code   RO         1773    .text               c_w.l(defsig_rtred_inner.o)
    0x000044e4   0x0000000e   Code   RO         1775    .text               c_w.l(defsig_rtmem_outer.o)
    0x000044f2   0x00000002   PAD
    0x000044f4   0x0000004c   Code   RO         1779    .text               c_w.l(heapauxa.o)
    0x00004540   0x00000050   Code   RO         1801    .text               cpprt_w.l(arm_exceptions_globs.o)
    0x00004590   0x00000008   Code   RO         1828    .text               c_w.l(rt_eh_globals_addr.o)
    0x00004598   0x00000016   Code   RO         1835    .text               c_w.l(_rserrno.o)
    0x000045ae   0x00000002   PAD
    0x000045b0   0x0000030c   Code   RO         1837    .text               c_w.l(scanf_hexfp.o)
    0x000048bc   0x0000013c   Code   RO         1839    .text               c_w.l(scanf_infnan.o)
    0x000049f8   0x0000004c   Code   RO         1843    .text               c_w.l(defsig_rtmem_inner.o)
    0x00004a44   0x0000003c   Code   RO         1847    .text               cpprt_w.l(arm_exceptions_mem.o)
    0x00004a80   0x00000008   Code   RO         1862    .text               c_w.l(rt_fp_status_addr.o)
    0x00004a88   0x00000026   Code   RO         1871    .text               c_w.l(llshl.o)
    0x00004aae   0x0000003e   Code   RO         1740    CL$$btod_d2e        c_w.l(btod.o)
    0x00004aec   0x00000046   Code   RO         1742    CL$$btod_d2e_denorm_low  c_w.l(btod.o)
    0x00004b32   0x00000060   Code   RO         1741    CL$$btod_d2e_norm_op1  c_w.l(btod.o)
    0x00004b92   0x00000338   Code   RO         1750    CL$$btod_div_common  c_w.l(btod.o)
    0x00004eca   0x00000002   PAD
    0x00004ecc   0x00000054   Code   RO         1748    CL$$btod_e2d        c_w.l(btod.o)
    0x00004f20   0x000000c6   Code   RO         1747    CL$$btod_e2e        c_w.l(btod.o)
    0x00004fe6   0x00000028   Code   RO         1744    CL$$btod_ediv       c_w.l(btod.o)
    0x0000500e   0x00000028   Code   RO         1746    CL$$btod_edivd      c_w.l(btod.o)
    0x00005036   0x00000028   Code   RO         1743    CL$$btod_emul       c_w.l(btod.o)
    0x0000505e   0x00000028   Code   RO         1745    CL$$btod_emuld      c_w.l(btod.o)
    0x00005086   0x00000244   Code   RO         1749    CL$$btod_mult_common  c_w.l(btod.o)
    0x000052ca   0x00000002   PAD
    0x000052cc   0x00000038   Code   RO          234    i.NVIC_SetVector    cmsis_nvic.o
    0x00005304   0x00000078   Code   RO          225    i.SystemInit        system_LPC17xx.o
    0x0000537c   0x00000046   Code   RO         1051    i._Z12tbc_downcastPvPKSt9type_infoP28a_base_class_traversal_blockPN10__cxxabiv122__base_class_type_infoE  cpprt_w.l(rtti.o)
    0x000053c2   0x00000016   Code   RO         1052    i._Z17tbc_post_downcastPvPKSt9type_infoP28a_base_class_traversal_blockPN10__cxxabiv122__base_class_type_infoE  cpprt_w.l(rtti.o)
    0x000053d8   0x000000a8   Code   RO         1053    i._Z21traverse_base_classesPvPKSt9type_infoP28a_base_class_traversal_blockPN10__cxxabiv122__base_class_type_infoE  cpprt_w.l(rtti.o)
    0x00005480   0x000000c8   Code   RO         1054    i._Z23find_base_class_at_addrPvS_PKSt9type_infoS2_Pi  cpprt_w.l(rtti.o)
    0x00005548   0x000001ec   Code   RO         1055    i._Z28derived_to_base_conversion_rPvPS_PKSt9type_infoS3_jPiiPS3_P19a_result_virtualityS4_  cpprt_w.l(rtti.o)
    0x00005734   0x00000034   Code   RO           39    i._ZN18TouchScreenADS7843D1Ev  main.o
    0x00005768   0x00000020   Code   RO          547    i._ZN4mbed10DigitalOutC1E7PinNamePKc  mbed.ar(DigitalOut.cpp.lpc1768.arm.o)
    0x00005788   0x0000000e   Code   RO          587    i._ZN4mbed10DigitalOutD0Ev  mbed.ar(DigitalOut.cpp.lpc1768.arm.o)
    0x00005796   0x00000004   Code   RO          575    i._ZN4mbed10DigitalOutD1Ev  mbed.ar(DigitalOut.cpp.lpc1768.arm.o)
    0x0000579a   0x0000000e   Code   RO          549    i._ZN4mbed10DigitalOutaSEi  mbed.ar(DigitalOut.cpp.lpc1768.arm.o)
    0x000057a8   0x00000006   Code   RO          550    i._ZN4mbed10DigitalOutcviEv  mbed.ar(DigitalOut.cpp.lpc1768.arm.o)
    0x000057ae   0x0000003a   Code   RO          887    i._ZN4mbed10FileHandle4flenEv  mbed.ar(stdio.cpp.lpc1768.arm.o)
    0x000057e8   0x000000bc   Code   RO          320    i._ZN4mbed11InterruptIn15setup_interruptEii  mbed.ar(InterruptIn.cpp.lpc1768.arm.o)
    0x000058a4   0x00000064   Code   RO          321    i._ZN4mbed11InterruptIn4_irqEv  mbed.ar(InterruptIn.cpp.lpc1768.arm.o)
    0x00005908   0x0000002a   Code   RO          322    i._ZN4mbed11InterruptIn4fallEPFvvE  mbed.ar(InterruptIn.cpp.lpc1768.arm.o)
    0x00005932   0x00000002   PAD
    0x00005934   0x00000034   Code   RO          326    i._ZN4mbed11InterruptInC1E7PinNamePKc  mbed.ar(InterruptIn.cpp.lpc1768.arm.o)
    0x00005968   0x0000000e   Code   RO          352    i._ZN4mbed11InterruptInD0Ev  mbed.ar(InterruptIn.cpp.lpc1768.arm.o)
    0x00005976   0x00000006   Code   RO          732    i._ZN4mbed12DigitalInOut4readEv  mbed.ar(DigitalInOut.cpp.lpc1768.arm.o)
    0x0000597c   0x00000006   Code   RO          733    i._ZN4mbed12DigitalInOut5inputEv  mbed.ar(DigitalInOut.cpp.lpc1768.arm.o)
    0x00005982   0x00000006   Code   RO          734    i._ZN4mbed12DigitalInOut5writeEi  mbed.ar(DigitalInOut.cpp.lpc1768.arm.o)
    0x00005988   0x00000006   Code   RO          735    i._ZN4mbed12DigitalInOut6outputEv  mbed.ar(DigitalInOut.cpp.lpc1768.arm.o)
    0x0000598e   0x00000002   PAD
    0x00005990   0x00000020   Code   RO          736    i._ZN4mbed12DigitalInOutC1E7PinNamePKc  mbed.ar(DigitalInOut.cpp.lpc1768.arm.o)
    0x000059b0   0x0000000e   Code   RO          787    i._ZN4mbed12DigitalInOutD0Ev  mbed.ar(DigitalInOut.cpp.lpc1768.arm.o)
    0x000059be   0x0000001a   Code   RO          792    i._ZN4mbed15FunctionPointer4callEv  mbed.ar(FunctionPointer.cpp.lpc1768.arm.o)
    0x000059d8   0x00000008   Code   RO          793    i._ZN4mbed15FunctionPointer6attachEPFvvE  mbed.ar(FunctionPointer.cpp.lpc1768.arm.o)
    0x000059e0   0x00000008   Code   RO          794    i._ZN4mbed15FunctionPointerC1EPFvvE  mbed.ar(FunctionPointer.cpp.lpc1768.arm.o)
    0x000059e8   0x00000006   Code   RO          302    i._ZN4mbed15LocalFileHandle4flenEv  mbed.ar(LocalFileSystem.cpp.lpc1768.arm.o)
    0x000059ee   0x00000018   Code   RO          290    i._ZN4mbed15LocalFileHandle4readEPvj  mbed.ar(LocalFileSystem.cpp.lpc1768.arm.o)
    0x00005a06   0x00000016   Code   RO          284    i._ZN4mbed15LocalFileHandle5closeEv  mbed.ar(LocalFileSystem.cpp.lpc1768.arm.o)
    0x00005a1c   0x00000028   Code   RO          296    i._ZN4mbed15LocalFileHandle5lseekEli  mbed.ar(LocalFileSystem.cpp.lpc1768.arm.o)
    0x00005a44   0x00000018   Code   RO          287    i._ZN4mbed15LocalFileHandle5writeEPKvj  mbed.ar(LocalFileSystem.cpp.lpc1768.arm.o)
    0x00005a5c   0x00000006   Code   RO          293    i._ZN4mbed15LocalFileHandle6isattyEv  mbed.ar(LocalFileSystem.cpp.lpc1768.arm.o)
    0x00005a62   0x00000002   PAD
    0x00005a64   0x0000006c   Code   RO          244    i._ZN4mbed15LocalFileSystem4openEPKci  mbed.ar(LocalFileSystem.cpp.lpc1768.arm.o)
    0x00005ad0   0x0000000e   Code   RO          265    i._ZN4mbed15LocalFileSystemD0Ev  mbed.ar(LocalFileSystem.cpp.lpc1768.arm.o)
    0x00005ade   0x00000002   PAD
    0x00005ae0   0x00000030   Code   RO          361    i._ZN4mbed4Base5clearEPKcPc  mbed.ar(Base.cpp.lpc1768.arm.o)
    0x00005b10   0x00000038   Code   RO          362    i._ZN4mbed4Base6lookupEPKcj  mbed.ar(Base.cpp.lpc1768.arm.o)
    0x00005b48   0x00000040   Code   RO          365    i._ZN4mbed4Base9list_objsEPKcPc  mbed.ar(Base.cpp.lpc1768.arm.o)
    0x00005b88   0x00000024   Code   RO          366    i._ZN4mbed4BaseC1EPKc  mbed.ar(Base.cpp.lpc1768.arm.o)
    0x00005bac   0x00000034   Code   RO          367    i._ZN4mbed4BaseD0Ev  mbed.ar(Base.cpp.lpc1768.arm.o)
    0x00005be0   0x00000038   Code   RO          368    i._ZN4mbed4BaseD1Ev  mbed.ar(Base.cpp.lpc1768.arm.o)
    0x00005c18   0x00000040   Code   RO          602    i._ZN4mbed6StreamC2EPKc  mbed.ar(Stream.cpp.lpc1768.arm.o)
    0x00005c58   0x00000024   Code   RO          603    i._ZN4mbed6StreamD0Ev  mbed.ar(Stream.cpp.lpc1768.arm.o)
    0x00005c7c   0x00000020   Code   RO          604    i._ZN4mbed6StreamD2Ev  mbed.ar(Stream.cpp.lpc1768.arm.o)
    0x00005c9c   0x00000022   Code   RO          437    i._ZN4mbed8BusInOut4readEv  mbed.ar(BusInOut.cpp.lpc1768.arm.o)
    0x00005cbe   0x0000001c   Code   RO          438    i._ZN4mbed8BusInOut5inputEv  mbed.ar(BusInOut.cpp.lpc1768.arm.o)
    0x00005cda   0x00000026   Code   RO          439    i._ZN4mbed8BusInOut5writeEi  mbed.ar(BusInOut.cpp.lpc1768.arm.o)
    0x00005d00   0x0000001c   Code   RO          440    i._ZN4mbed8BusInOut6outputEv  mbed.ar(BusInOut.cpp.lpc1768.arm.o)
    0x00005d1c   0x00000074   Code   RO          442    i._ZN4mbed8BusInOutC1E7PinNameS1_S1_S1_S1_S1_S1_S1_S1_S1_S1_S1_S1_S1_S1_S1_PKc  mbed.ar(BusInOut.cpp.lpc1768.arm.o)
    0x00005d90   0x00000034   Code   RO          444    i._ZN4mbed8BusInOutD0Ev  mbed.ar(BusInOut.cpp.lpc1768.arm.o)
    0x00005dc4   0x00000030   Code   RO          445    i._ZN4mbed8BusInOutD1Ev  mbed.ar(BusInOut.cpp.lpc1768.arm.o)
    0x00005df4   0x0000003c   Code   RO          801    i._ZN4mbed8FileLikeD0Ev  mbed.ar(stdio.cpp.lpc1768.arm.o)
    0x00005e30   0x00000034   Code   RO          802    i._ZN4mbed8FileLikeD2Ev  mbed.ar(stdio.cpp.lpc1768.arm.o)
    0x00005e64   0x00000020   Code   RO          508    i._ZN4mbed9DigitalInC1E7PinNamePKc  mbed.ar(DigitalIn.cpp.lpc1768.arm.o)
    0x00005e84   0x0000000e   Code   RO          538    i._ZN4mbed9DigitalInD0Ev  mbed.ar(DigitalIn.cpp.lpc1768.arm.o)
    0x00005e92   0x00000006   Code   RO          509    i._ZN4mbed9DigitalIncviEv  mbed.ar(DigitalIn.cpp.lpc1768.arm.o)
    0x00005e98   0x0000000e   Code   RO           36    i._ZN6LCDTFTD0Ev    main.o
    0x00005ea6   0x00000002   PAD
    0x00005ea8   0x00000038   Code   RO           30    i._ZN6LCDTFTD1Ev    main.o
    0x00005ee0   0x00000020   Code   RO         1536    i._ZNKSt9type_infoeqERKS_  cpprt_w.l(type_info_eq.o)
    0x00005f00   0x00000004   Code   RO          605    i._ZThn16_N4mbed6Stream4flenEv  mbed.ar(Stream.cpp.lpc1768.arm.o)
    0x00005f04   0x0000002c   Code   RO          606    i._ZThn16_N4mbed6Stream4readEPvj  mbed.ar(Stream.cpp.lpc1768.arm.o)
    0x00005f30   0x00000004   Code   RO          607    i._ZThn16_N4mbed6Stream5closeEv  mbed.ar(Stream.cpp.lpc1768.arm.o)
    0x00005f34   0x00000004   Code   RO          609    i._ZThn16_N4mbed6Stream5lseekEli  mbed.ar(Stream.cpp.lpc1768.arm.o)
    0x00005f38   0x0000002c   Code   RO          610    i._ZThn16_N4mbed6Stream5writeEPKvj  mbed.ar(Stream.cpp.lpc1768.arm.o)
    0x00005f64   0x00000004   Code   RO          611    i._ZThn16_N4mbed6Stream6isattyEv  mbed.ar(Stream.cpp.lpc1768.arm.o)
    0x00005f68   0x00000008   Code   RO         1034    i._ZdaPv            cpprt_w.l(array_del.o)
    0x00005f70   0x00000008   Code   RO         1041    i._ZdlPv            cpprt_w.l(delete.o)
    0x00005f78   0x00000028   Code   RO         1044    i._Znwj             cpprt_w.l(new.o)
    0x00005fa0   0x00000020   Code   RO         1076    i.__ARM_common_get_typeid  cpprt_w.l(rtti.o)
    0x00005fc0   0x00000028   Code   RO         1820    i.__ARM_fpclassify  m_ws.l(fpclassify.o)
    0x00005fe8   0x00000030   Code   RO         1079    i.__aeabi_atexit    cpprt_w.l(aeabi_atexit.o)
    0x00006018   0x00000042   Code   RO         1523    i.__cxa_finalize    cpprt_w.l(cxa_finalize.o)
    0x0000605a   0x00000006   Code   RO         1048    i.__cxa_pure_virtual  cpprt_w.l(pure_virt.o)
    0x00006060   0x0000006c   Code   RO         1056    i.__derived_to_base_conversion  cpprt_w.l(rtti.o)
    0x000060cc   0x000000a0   Code   RO         1057    i.__dynamic_cast    cpprt_w.l(rtti.o)
    0x0000616c   0x00000010   Code   RO         1909    i.__mathlib_dbl_underflow  m_ws.l(dunder.o)
    0x0000617c   0x00000010   Code   RO         1822    i.__mathlib_narrow  m_ws.l(narrow.o)
    0x0000618c   0x00000088   Code   RO         1823    i.__mathlib_tofloat  m_ws.l(narrow.o)
    0x00006214   0x00000016   Code   RO         1896    i.__support_ldexp   m_ws.l(ldexp.o)
    0x0000622a   0x00000002   PAD
    0x0000622c   0x0000000c   Code   RO          229    i.__user_setup_stackheap  stackheap.o
    0x00006238   0x0000002c   Code   RO          803    i._sys_close        mbed.ar(stdio.cpp.lpc1768.arm.o)
    0x00006264   0x00000028   Code   RO          806    i._sys_flen         mbed.ar(stdio.cpp.lpc1768.arm.o)
    0x0000628c   0x00000028   Code   RO          807    i._sys_istty        mbed.ar(stdio.cpp.lpc1768.arm.o)
    0x000062b4   0x00000184   Code   RO          808    i._sys_open         mbed.ar(stdio.cpp.lpc1768.arm.o)
    0x00006438   0x00000040   Code   RO          809    i._sys_read         mbed.ar(stdio.cpp.lpc1768.arm.o)
    0x00006478   0x0000002c   Code   RO          810    i._sys_seek         mbed.ar(stdio.cpp.lpc1768.arm.o)
    0x000064a4   0x00000054   Code   RO          811    i._sys_write        mbed.ar(stdio.cpp.lpc1768.arm.o)
    0x000064f8   0x00000016   Code   RO          938    i.exit              capi.ar(exit.c.lpc1768.arm.o)
    0x0000650e   0x0000001a   Code   RO          973    i.fputc             c_w.l(fputc.o)
    0x00006528   0x00000058   Code   RO         1859    i.frexp             m_ws.l(frexp.o)
    0x00006580   0x00000030   Code   RO          716    i.gpio_input        capi.ar(gpio_api.c.lpc1768.arm.o)
    0x000065b0   0x00000058   Code   RO          706    i.gpio_irq_clear    capi.ar(gpio_irq_api.c.lpc1768.arm.o)
    0x00006608   0x00000074   Code   RO          707    i.gpio_irq_falling  capi.ar(gpio_irq_api.c.lpc1768.arm.o)
    0x0000667c   0x00000068   Code   RO          708    i.gpio_irq_pending_falling  capi.ar(gpio_irq_api.c.lpc1768.arm.o)
    0x000066e4   0x00000068   Code   RO          709    i.gpio_irq_pending_rising  capi.ar(gpio_irq_api.c.lpc1768.arm.o)
    0x0000674c   0x00000074   Code   RO          710    i.gpio_irq_rising   capi.ar(gpio_irq_api.c.lpc1768.arm.o)
    0x000067c0   0x00000030   Code   RO          718    i.gpio_output       capi.ar(gpio_api.c.lpc1768.arm.o)
    0x000067f0   0x00000018   Code   RO          719    i.gpio_read         capi.ar(gpio_api.c.lpc1768.arm.o)
    0x00006808   0x00000018   Code   RO          720    i.gpio_write        capi.ar(gpio_api.c.lpc1768.arm.o)
    0x00006820   0x0000007e   Code   RO         1897    i.ldexp             m_ws.l(ldexp.o)
    0x0000689e   0x00000002   PAD
    0x000068a0   0x00000078   Code   RO          940    i.mbed_die          capi.ar(utils_api.c.lpc1768.arm.o)
    0x00006918   0x00000038   Code   RO          928    i.pin_function      capi.ar(pinmap.c.lpc1768.arm.o)
    0x00006950   0x00000038   Code   RO          929    i.pin_mode          capi.ar(pinmap.c.lpc1768.arm.o)
    0x00006988   0x0000003c   Code   RO          930    i.pinmap_merge      capi.ar(pinmap.c.lpc1768.arm.o)
    0x000069c4   0x00000058   Code   RO          931    i.pinmap_peripheral  capi.ar(pinmap.c.lpc1768.arm.o)
    0x00006a1c   0x000000a4   Code   RO          932    i.pinmap_pinout     capi.ar(pinmap.c.lpc1768.arm.o)
    0x00006ac0   0x0000000c   Code   RO          680    i.semihost_close    capi.ar(semihost_api.c.lpc1768.arm.o)
    0x00006acc   0x0000000c   Code   RO          682    i.semihost_exit     capi.ar(semihost_api.c.lpc1768.arm.o)
    0x00006ad8   0x0000000c   Code   RO          683    i.semihost_flen     capi.ar(semihost_api.c.lpc1768.arm.o)
    0x00006ae4   0x0000000c   Code   RO          684    i.semihost_istty    capi.ar(semihost_api.c.lpc1768.arm.o)
    0x00006af0   0x00000018   Code   RO          685    i.semihost_open     capi.ar(semihost_api.c.lpc1768.arm.o)
    0x00006b08   0x00000012   Code   RO          686    i.semihost_read     capi.ar(semihost_api.c.lpc1768.arm.o)
    0x00006b1a   0x00000010   Code   RO          690    i.semihost_seek     capi.ar(semihost_api.c.lpc1768.arm.o)
    0x00006b2a   0x00000012   Code   RO          692    i.semihost_write    capi.ar(semihost_api.c.lpc1768.arm.o)
    0x00006b3c   0x00000100   Code   RO          907    i.serial_baud       capi.ar(serial_api.c.lpc1768.arm.o)
    0x00006c3c   0x00000094   Code   RO          909    i.serial_format     capi.ar(serial_api.c.lpc1768.arm.o)
    0x00006cd0   0x0000000c   Code   RO          911    i.serial_getc       capi.ar(serial_api.c.lpc1768.arm.o)
    0x00006cdc   0x000000e4   Code   RO          912    i.serial_init       capi.ar(serial_api.c.lpc1768.arm.o)
    0x00006dc0   0x0000000c   Code   RO          914    i.serial_putc       capi.ar(serial_api.c.lpc1768.arm.o)
    0x00006dcc   0x00000014   Code   RO          894    i.timer_frequency   capi.ar(timer_api.c.lpc1768.arm.o)
    0x00006de0   0x00000070   Code   RO          895    i.timer_init        capi.ar(timer_api.c.lpc1768.arm.o)
    0x00006e50   0x00000004   Code   RO          896    i.timer_read        capi.ar(timer_api.c.lpc1768.arm.o)
    0x00006e54   0x0000000c   Code   RO          897    i.timer_start       capi.ar(timer_api.c.lpc1768.arm.o)
    0x00006e60   0x00000038   Code   RO          726    i.us_ticker_read    capi.ar(us_ticker_api.c.lpc1768.arm.o)
    0x00006e98   0x0000001c   Code   RO          239    i.wait_ms           capi.ar(wait_api.c.lpc1768.arm.o)
    0x00006eb4   0x00000016   Code   RO          240    i.wait_us           capi.ar(wait_api.c.lpc1768.arm.o)
    0x00006eca   0x00000002   PAD
    0x00006ecc   0x0000002c   Code   RO         1680    locale$$code        c_w.l(lc_ctype_c.o)
    0x00006ef8   0x0000002c   Code   RO         1765    locale$$code        c_w.l(lc_numeric_c.o)
    0x00006f24   0x00000062   Code   RO         1850    x$fpl$d2f           fz_ws.l(d2f.o)
    0x00006f86   0x00000002   PAD
    0x00006f88   0x00000010   Code   RO         1907    x$fpl$dcheck1       fz_ws.l(dcheck1.o)
    0x00006f98   0x00000018   Code   RO         1883    x$fpl$dcmpinf       fz_ws.l(dcmpi.o)
    0x00006fb0   0x00000078   Code   RO         1852    x$fpl$deqf          fz_ws.l(deqf.o)
    0x00007028   0x00000078   Code   RO         1885    x$fpl$dleqf         fz_ws.l(dleqf.o)
    0x000070a0   0x0000009c   Code   RO         1539    x$fpl$dnaninf       fz_ws.l(dnaninf.o)
    0x0000713c   0x0000006c   Code   RO         1854    x$fpl$drleqf        fz_ws.l(drleqf.o)
    0x000071a8   0x000000c4   Code   RO         1190    x$fpl$fadd          fz_ws.l(faddsub_clz.o)
    0x0000726c   0x0000000c   Code   RO         1543    x$fpl$fcheck1       fz_ws.l(fcheck1.o)
    0x00007278   0x00000184   Code   RO         1197    x$fpl$fdiv          fz_ws.l(fdiv.o)
    0x000073fc   0x00000036   Code   RO         1200    x$fpl$ffix          fz_ws.l(ffix.o)
    0x00007432   0x00000002   PAD
    0x00007434   0x00000030   Code   RO         1205    x$fpl$fflt          fz_ws.l(fflt_clz.o)
    0x00007464   0x00000026   Code   RO         1204    x$fpl$ffltu         fz_ws.l(fflt_clz.o)
    0x0000748a   0x00000002   PAD
    0x0000748c   0x00000102   Code   RO         1210    x$fpl$fmul          fz_ws.l(fmul.o)
    0x0000758e   0x0000008c   Code   RO         1545    x$fpl$fnaninf       fz_ws.l(fnaninf.o)
    0x0000761a   0x0000000e   Code   RO         1856    x$fpl$fpinit        fz_ws.l(fpinit.o)
    0x00007628   0x0000000a   Code   RO         1547    x$fpl$fretinf       fz_ws.l(fretinf.o)
    0x00007632   0x00000002   PAD
    0x00007634   0x000000ea   Code   RO         1192    x$fpl$fsub          fz_ws.l(faddsub_clz.o)
    0x0000771e   0x00000004   Code   RO         1549    x$fpl$printf1       fz_ws.l(printf1.o)
    0x00007722   0x00000004   Code   RO         1551    x$fpl$printf2       fz_ws.l(printf2.o)
    0x00007726   0x00000064   Code   RO         1721    x$fpl$retnan        fz_ws.l(retnan.o)
    0x0000778a   0x00000060   Code   RO         1890    x$fpl$scalbn        fz_ws.l(scalbn.o)
    0x000077ea   0x00000050   Code   RO         1213    x$fpl$scalbnf       fz_ws.l(scalbnf.o)
    0x0000783a   0x00000004   Code   RO         1557    x$fpl$scanf1        fz_ws.l(scanf1.o)
    0x0000783e   0x00000008   Code   RO         1812    x$fpl$scanf2        fz_ws.l(scanf2.o)
    0x00007846   0x00000030   Code   RO         1818    x$fpl$trapveneer    fz_ws.l(trapv.o)
    0x00007876   0x00000000   Code   RO         1559    x$fpl$usenofp       fz_ws.l(usenofp.o)
    0x00007876   0x000001db   Data   RO            5    .constdata          main.o
    0x00007a51   0x00000003   PAD
    0x00007a54   0x00000018   Data   RO          388    .constdata          mbed.ar(Base.cpp.lpc1768.arm.o)
    0x00007a6c   0x00000017   Data   RO          862    .constdata          mbed.ar(stdio.cpp.lpc1768.arm.o)
    0x00007a83   0x00000001   PAD
    0x00007a84   0x00000154   Data   RO          917    .constdata          capi.ar(serial_api.c.lpc1768.arm.o)
    0x00007bd8   0x00000008   Data   RO         1318    .constdata          c_w.l(_printf_wctomb.o)
    0x00007be0   0x00000028   Data   RO         1347    .constdata          c_w.l(_printf_hex_int_ll_ptr.o)
    0x00007c08   0x00000011   Data   RO         1365    .constdata          c_w.l(__printf_flags_ss_wp.o)
    0x00007c19   0x00000026   Data   RO         1626    .constdata          c_w.l(_printf_fp_hex.o)
    0x00007c3f   0x00000001   PAD
    0x00007c40   0x00000094   Data   RO         1738    .constdata          c_w.l(bigflt0.o)
    0x00007cd4   0x0000000c   Data   RO           42    .constdata__ZTI6LCDTFT  main.o
    0x00007ce0   0x0000000c   Data   RO         1166    .constdata__ZTIN10__cxxabiv117__class_type_infoE  cpprt_w.l(lib_rtti_impl.o)
    0x00007cec   0x0000000c   Data   RO         1167    .constdata__ZTIN10__cxxabiv120__si_class_type_infoE  cpprt_w.l(lib_rtti_impl.o)
    0x00007cf8   0x0000000c   Data   RO         1168    .constdata__ZTIN10__cxxabiv121__vmi_class_type_infoE  cpprt_w.l(lib_rtti_impl.o)
    0x00007d04   0x0000000c   Data   RO          590    .constdata__ZTIN4mbed10DigitalOutE  mbed.ar(DigitalOut.cpp.lpc1768.arm.o)
    0x00007d10   0x00000008   Data   RO          277    .constdata__ZTIN4mbed10FileHandleE  mbed.ar(LocalFileSystem.cpp.lpc1768.arm.o)
    0x00007d18   0x0000000c   Data   RO          347    .constdata__ZTIN4mbed11InterruptInE  mbed.ar(InterruptIn.cpp.lpc1768.arm.o)
    0x00007d24   0x0000000c   Data   RO          790    .constdata__ZTIN4mbed12DigitalInOutE  mbed.ar(DigitalInOut.cpp.lpc1768.arm.o)
    0x00007d30   0x0000000c   Data   RO          273    .constdata__ZTIN4mbed14FileSystemLikeE  mbed.ar(LocalFileSystem.cpp.lpc1768.arm.o)
    0x00007d3c   0x0000000c   Data   RO          272    .constdata__ZTIN4mbed15LocalFileSystemE  mbed.ar(LocalFileSystem.cpp.lpc1768.arm.o)
    0x00007d48   0x00000008   Data   RO          413    .constdata__ZTIN4mbed4BaseE  mbed.ar(Base.cpp.lpc1768.arm.o)
    0x00007d50   0x0000000c   Data   RO          678    .constdata__ZTIN4mbed6StreamE  mbed.ar(Stream.cpp.lpc1768.arm.o)
    0x00007d5c   0x0000000c   Data   RO          502    .constdata__ZTIN4mbed8BusInOutE  mbed.ar(BusInOut.cpp.lpc1768.arm.o)
    0x00007d68   0x00000020   Data   RO          891    .constdata__ZTIN4mbed8FileLikeE  mbed.ar(stdio.cpp.lpc1768.arm.o)
    0x00007d88   0x0000000c   Data   RO          541    .constdata__ZTIN4mbed9DigitalInE  mbed.ar(DigitalIn.cpp.lpc1768.arm.o)
    0x00007d94   0x00000008   Data   RO         1534    .constdata__ZTISt9type_info  cpprt_w.l(type_info_dtor.o)
    0x00007d9c   0x00000008   Data   RO           44    .constdata__ZTS6LCDTFT  main.o
    0x00007da4   0x00000022   Data   RO         1176    .constdata__ZTSN10__cxxabiv117__class_type_infoE  cpprt_w.l(lib_rtti_impl.o)
    0x00007dc6   0x00000025   Data   RO         1177    .constdata__ZTSN10__cxxabiv120__si_class_type_infoE  cpprt_w.l(lib_rtti_impl.o)
    0x00007deb   0x00000026   Data   RO         1178    .constdata__ZTSN10__cxxabiv121__vmi_class_type_infoE  cpprt_w.l(lib_rtti_impl.o)
    0x00007e11   0x00000014   Data   RO          591    .constdata__ZTSN4mbed10DigitalOutE  mbed.ar(DigitalOut.cpp.lpc1768.arm.o)
    0x00007e25   0x00000014   Data   RO          282    .constdata__ZTSN4mbed10FileHandleE  mbed.ar(LocalFileSystem.cpp.lpc1768.arm.o)
    0x00007e39   0x00000015   Data   RO          348    .constdata__ZTSN4mbed11InterruptInE  mbed.ar(InterruptIn.cpp.lpc1768.arm.o)
    0x00007e4e   0x00000016   Data   RO          791    .constdata__ZTSN4mbed12DigitalInOutE  mbed.ar(DigitalInOut.cpp.lpc1768.arm.o)
    0x00007e64   0x00000018   Data   RO          279    .constdata__ZTSN4mbed14FileSystemLikeE  mbed.ar(LocalFileSystem.cpp.lpc1768.arm.o)
    0x00007e7c   0x00000019   Data   RO          276    .constdata__ZTSN4mbed15LocalFileSystemE  mbed.ar(LocalFileSystem.cpp.lpc1768.arm.o)
    0x00007e95   0x0000000d   Data   RO          417    .constdata__ZTSN4mbed4BaseE  mbed.ar(Base.cpp.lpc1768.arm.o)
    0x00007ea2   0x0000000f   Data   RO          679    .constdata__ZTSN4mbed6StreamE  mbed.ar(Stream.cpp.lpc1768.arm.o)
    0x00007eb1   0x00000011   Data   RO          503    .constdata__ZTSN4mbed8BusInOutE  mbed.ar(BusInOut.cpp.lpc1768.arm.o)
    0x00007ec2   0x00000011   Data   RO          892    .constdata__ZTSN4mbed8FileLikeE  mbed.ar(stdio.cpp.lpc1768.arm.o)
    0x00007ed3   0x00000012   Data   RO          542    .constdata__ZTSN4mbed9DigitalInE  mbed.ar(DigitalIn.cpp.lpc1768.arm.o)
    0x00007ee5   0x0000000d   Data   RO         1535    .constdata__ZTSSt9type_info  cpprt_w.l(type_info_dtor.o)
    0x00007ef2   0x00000002   PAD
    0x00007ef4   0x0000000c   Data   RO           29    .constdata__ZTV18TouchScreenADS7843  main.o
    0x00007f00   0x00000078   Data   RO           27    .constdata__ZTV6LCDTFT  main.o
    0x00007f78   0x00000010   Data   RO         1151    .constdata__ZTVN10__cxxabiv117__class_type_infoE  cpprt_w.l(lib_rtti_impl.o)
    0x00007f88   0x00000010   Data   RO         1153    .constdata__ZTVN10__cxxabiv120__si_class_type_infoE  cpprt_w.l(lib_rtti_impl.o)
    0x00007f98   0x00000010   Data   RO         1155    .constdata__ZTVN10__cxxabiv121__vmi_class_type_infoE  cpprt_w.l(lib_rtti_impl.o)
    0x00007fa8   0x00000018   Data   RO          573    .constdata__ZTVN4mbed10DigitalOutE  mbed.ar(DigitalOut.cpp.lpc1768.arm.o)
    0x00007fc0   0x00000018   Data   RO          346    .constdata__ZTVN4mbed11InterruptInE  mbed.ar(InterruptIn.cpp.lpc1768.arm.o)
    0x00007fd8   0x00000018   Data   RO          768    .constdata__ZTVN4mbed12DigitalInOutE  mbed.ar(DigitalInOut.cpp.lpc1768.arm.o)
    0x00007ff0   0x00000024   Data   RO          269    .constdata__ZTVN4mbed15LocalFileHandleE  mbed.ar(LocalFileSystem.cpp.lpc1768.arm.o)
    0x00008014   0x0000002c   Data   RO          254    .constdata__ZTVN4mbed15LocalFileSystemE  mbed.ar(LocalFileSystem.cpp.lpc1768.arm.o)
    0x00008040   0x00000018   Data   RO          409    .constdata__ZTVN4mbed4BaseE  mbed.ar(Base.cpp.lpc1768.arm.o)
    0x00008058   0x00000060   Data   RO          659    .constdata__ZTVN4mbed6StreamE  mbed.ar(Stream.cpp.lpc1768.arm.o)
    0x000080b8   0x00000018   Data   RO          487    .constdata__ZTVN4mbed8BusInOutE  mbed.ar(BusInOut.cpp.lpc1768.arm.o)
    0x000080d0   0x0000003c   Data   RO          886    .constdata__ZTVN4mbed8FileLikeE  mbed.ar(stdio.cpp.lpc1768.arm.o)
    0x0000810c   0x00000018   Data   RO          528    .constdata__ZTVN4mbed9DigitalInE  mbed.ar(DigitalIn.cpp.lpc1768.arm.o)
    0x00008124   0x0000000e   Data   RO          390    .conststring        mbed.ar(Base.cpp.lpc1768.arm.o)
    0x00008132   0x00000005   Data   RO          391    .conststring        mbed.ar(Base.cpp.lpc1768.arm.o)
    0x00008137   0x00000001   PAD
    0x00008138   0x00000020   Data   RO         1912    Region$$Table       anon$$obj.o
    0x00008158   0x00000008   Data   RO         1807    c$$dinf             fz_ws.l(fpconst.o)
    0x00008160   0x00000110   Data   RO         1679    locale$$data        c_w.l(lc_ctype_c.o)
    0x00008270   0x0000001c   Data   RO         1764    locale$$data        c_w.l(lc_numeric_c.o)
    0x0000828c   0x00000004   Data   RO           10    .init_array         main.o


    Execution Region RW_IRAM1 (Base: 0x10000000, Size: 0x000004f8, Max: 0x00008000, ABSOLUTE)

    Base Addr    Size         Type   Attr      Idx    E Section Name        Object

    0x10000000   0x000000c4   Data   RW          235    .ARM.__AT_0x10000000  cmsis_nvic.o
    0x100000c4   0x00000008   Data   RW            6    .data               main.o
    0x100000cc   0x00000004   Data   RW          226    .data               system_LPC17xx.o
    0x100000d0   0x00000008   Data   RW          392    .data               mbed.ar(Base.cpp.lpc1768.arm.o)
    0x100000d8   0x0000000c   Data   RW          393    .data               mbed.ar(Base.cpp.lpc1768.arm.o)
    0x100000e4   0x00000004   Data   RW          727    .data               capi.ar(us_ticker_api.c.lpc1768.arm.o)
    0x100000e8   0x00000004   Data   RW          987    .data               c_w.l(stdio_streams.o)
    0x100000ec   0x00000004   Data   RW          988    .data               c_w.l(stdio_streams.o)
    0x100000f0   0x00000004   Data   RW          989    .data               c_w.l(stdio_streams.o)
    0x100000f4   0x00000004   Data   RW         1780    .data               c_w.l(heapauxa.o)
    0x100000f8   0x000001e4   Zero   RW            4    .bss                main.o
    0x100002dc   0x000000c0   Zero   RW          336    .bss                mbed.ar(InterruptIn.cpp.lpc1768.arm.o)
    0x1000039c   0x00000040   Zero   RW          861    .bss                mbed.ar(stdio.cpp.lpc1768.arm.o)
    0x100003dc   0x00000050   Zero   RW          984    .bss                c_w.l(stdio_streams.o)
    0x1000042c   0x00000050   Zero   RW          985    .bss                c_w.l(stdio_streams.o)
    0x1000047c   0x00000050   Zero   RW          986    .bss                c_w.l(stdio_streams.o)
    0x100004cc   0x00000004   Zero   RW         1223    .bss                c_w.l(rt_new_handler_addr.o)
    0x100004d0   0x00000004   Zero   RW         1228    .bss                c_w.l(rt_ddtor_pointer_addr.o)
    0x100004d4   0x00000004   Zero   RW         1233    .bss                c_w.l(rt_errno_addr.o)
    0x100004d8   0x00000004   Zero   RW         1588    .bss                c_w.l(rt_heap_descriptor.o)
    0x100004dc   0x00000014   Zero   RW         1593    .bss                c_w.l(rt_locale.o)
    0x100004f0   0x00000004   Zero   RW         1829    .bss                c_w.l(rt_eh_globals_addr.o)
    0x100004f4   0x00000004   Zero   RW         1863    .bss                c_w.l(rt_fp_status_addr.o)


    Execution Region RW_IRAM2 (Base: 0x2007c000, Size: 0x00000000, Max: 0x00004000, ABSOLUTE)

    **** No section assigned to this execution region ****


    Execution Region RW_IRAM3 (Base: 0x20080000, Size: 0x00000000, Max: 0x00004000, ABSOLUTE)

    **** No section assigned to this execution region ****


    Execution Region RW_IRAM4 (Base: 0x40038000, Size: 0x00000000, Max: 0x00000800, ABSOLUTE)

    **** No section assigned to this execution region ****


==============================================================================

Image component sizes


      Code (inc. data)   RO Data    RW Data    ZI Data      Debug   Object Name

        56          4          0        196          0         72   cmsis_nvic.o
      4554        132        631          8        484      33682   main.o
        12          4          0          0          0         60   stackheap.o
        40         12        196          0          0        220   startup_LPC17xx.o
       120         10          0          4          0         60   system_LPC17xx.o

    ----------------------------------------------------------------------
      4784        162        862        208        484      34094   Object Totals
         0          0         32          0          0          0   (incl. Generated)
         2          0          3          0          0          2   (incl. Padding)

    ----------------------------------------------------------------------

      Code (inc. data)   RO Data    RW Data    ZI Data      Debug   Library Member Name

        44          6          0          0          0         84   __2sprintf.o
         8          0          0          0          0         68   __main.o
       412          4         17          0          0         92   __printf_flags_ss_wp.o
        52          8          0          0          0          0   __scatter.o
        26          0          0          0          0          0   __scatter_copy.o
        28          0          0          0          0          0   __scatter_zi.o
        32          0          0          0          0         68   _chval.o
        60          0          0          0          0         92   _mbrtowc.o
         6          0          0          0          0          0   _printf_a.o
         6          0          0          0          0          0   _printf_c.o
        44          0          0          0          0        108   _printf_char.o
        48          6          0          0          0         96   _printf_char_common.o
        36          4          0          0          0         80   _printf_char_file.o
        42          0          0          0          0         68   _printf_charcount.o
         6          0          0          0          0          0   _printf_d.o
       120         18          0          0          0         92   _printf_dec.o
         6          0          0          0          0          0   _printf_e.o
         6          0          0          0          0          0   _printf_f.o
      1050          0          0          0          0        216   _printf_fp_dec.o
       756          8         38          0          0        100   _printf_fp_hex.o
       124         16          0          0          0         84   _printf_fp_infnan.o
         6          0          0          0          0          0   _printf_g.o
       156          6         40          0          0        160   _printf_hex_int_ll_ptr.o
         6          0          0          0          0          0   _printf_i.o
       180          0          0          0          0         88   _printf_intcommon.o
        10          0          0          0          0          0   _printf_l.o
         6          0          0          0          0          0   _printf_lc.o
        10          0          0          0          0          0   _printf_ll.o
         6          0          0          0          0          0   _printf_lld.o
         6          0          0          0          0          0   _printf_lli.o
         6          0          0          0          0          0   _printf_llo.o
         6          0          0          0          0          0   _printf_llu.o
         6          0          0          0          0          0   _printf_llx.o
       120         16          0          0          0         92   _printf_longlong_dec.o
         6          0          0          0          0          0   _printf_ls.o
         6          0          0          0          0          0   _printf_n.o
         6          0          0          0          0          0   _printf_o.o
       120          8          0          0          0        124   _printf_oct_int_ll.o
         6          0          0          0          0          0   _printf_p.o
        80          0          0          0          0        108   _printf_pad.o
         0          0          0          0          0          0   _printf_percent.o
         4          0          0          0          0          0   _printf_percent_end.o
         6          0          0          0          0          0   _printf_s.o
        82          0          0          0          0         80   _printf_str.o
        36          0          0          0          0         84   _printf_truncate.o
         6          0          0          0          0          0   _printf_u.o
        44          0          0          0          0        108   _printf_wchar.o
       188          6          8          0          0         92   _printf_wctomb.o
         6          0          0          0          0          0   _printf_x.o
        22          0          0          0          0        100   _rserrno.o
       904          4          0          0          0        100   _scanf.o
       334          0          0          0          0         96   _scanf_int.o
       358          0          0          0          0        100   _scanf_longlong.o
       284          0          0          0          0        100   _scanf_mbtowc.o
       216          0          0          0          0         96   _scanf_str.o
        30          0          0          0          0         76   _scanf_wcharmap.o
       232          0          0          0          0        100   _scanf_wctomb.o
       202          0          0          0          0         96   _scanf_wstr.o
        64          0          0          0          0         84   _sgetc.o
        10          0          0          0          0         68   _sputc.o
        64          0          0          0          0         92   _wcrtomb.o
        16          0          0          0          0         68   abort.o
       124         40          0          0          0         76   assert.o
        24          6          0          0          0         80   assert_stdio.o
       236          6        148          0          0         96   bigflt0.o
      2074        132          0          0          0        940   btod.o
        48         34          0          0          0         76   defsig_abrt_inner.o
        14          0          0          0          0         80   defsig_abrt_outer.o
        10          0          0          0          0         68   defsig_exit.o
        50          0          0          0          0         88   defsig_general.o
        48         34          0          0          0         76   defsig_pvfn_inner.o
        14          0          0          0          0         80   defsig_pvfn_outer.o
        76         56          0          0          0         76   defsig_rtmem_inner.o
        14          0          0          0          0         80   defsig_rtmem_outer.o
        52         38          0          0          0         76   defsig_rtred_inner.o
        14          0          0          0          0         80   defsig_rtred_outer.o
        76          0          0          0          0         88   fclose.o
         8          0          0          0          0         68   ferror.o
       100          4          0          0          0        120   fflush.o
       578          0          0          0          0        132   filbuf.o
       472          0          0          0          0         88   flsbuf.o
        52          4          0          0          0         80   flushlinebuffered.o
       236          4          0          0          0        128   fopen.o
        20          0          0          0          0         84   fprintf.o
        26          0          0          0          0         68   fputc.o
        34          0          0          0          0         80   fputs.o
       284          0          0          0          0         96   freadfast.o
       248          4          0          0          0         84   fseek.o
        70          0          0          0          0         76   ftell.o
        94          0          0          0          0         80   h1_alloc.o
        50          0          0          0          0         68   h1_extend.o
        78          0          0          0          0         80   h1_free.o
        14          0          0          0          0         84   h1_init.o
        76          4          0          4          0         96   heapauxa.o
         4          0          0          0          0        136   hguard.o
        36         10          0          0          0         80   init_aeabi.o
       138          0          0          0          0        168   init_alloc.o
       312         46          0          0          0        112   initio.o
        18          0          0          0          0         76   isspace.o
        44         10        272          0          0         76   lc_ctype_c.o
        44         10         28          0          0         76   lc_numeric_c.o
         6          0          0          0          0          0   libinit.o
        46          0          0          0          0          0   libinit2.o
         6          0          0          0          0          0   libshutdown2.o
        38          0          0          0          0         68   llshl.o
       138          0          0          0          0         80   lludiv10.o
         0          0          0          0          0         68   maybetermalloc1.o
        16          4          0          0          0         76   rt_ctype_table.o
         8          4          0          0          4         68   rt_ddtor_pointer_addr.o
         8          4          0          0          4         68   rt_eh_globals_addr.o
         8          4          0          0          4         68   rt_errno_addr.o
         8          4          0          0          4         68   rt_fp_status_addr.o
         8          4          0          0          4         68   rt_heap_descriptor.o
         8          4          0          0         20         68   rt_locale.o
        78          0          0          0          0         80   rt_memclr_w.o
       138          0          0          0          0         68   rt_memcpy_v6.o
       100          0          0          0          0         80   rt_memcpy_w.o
         8          4          0          0          4         68   rt_new_handler_addr.o
         0          0          0          0          0          0   rtentry.o
        12          0          0          0          0          0   rtentry2.o
         6          0          0          0          0          0   rtentry4.o
        48         10          0          0          0         84   scanf_char.o
      1188         10          0          0          0        148   scanf_fp.o
       780         14          0          0          0        100   scanf_hexfp.o
       316         18          0          0          0        100   scanf_infnan.o
        16          0          0          0          0         68   setbuf.o
        70          0          0          0          0         80   setvbuf.o
        44          6          0          0          0         84   sprintf.o
        60          8          0          0          0         84   sscanf.o
       240          6          0          0          0        156   stdio.o
         0          0          0         12        240          0   stdio_streams.o
       128          0          0          0          0         68   strcmpv7m.o
        62          0          0          0          0         76   strlen.o
       140          0          0          0          0         80   strncmp.o
        12          4          0          0          0         68   sys_exit.o
        14          0          0          0          0         76   sys_wrch.o
         2          0          0          0          0         68   use_no_semi.o
        22          0          0          0          0         76   exit.c.lpc1768.arm.o
       144          0          0          0          0        264   gpio_api.c.lpc1768.arm.o
       528        144          0          0          0        300   gpio_irq_api.c.lpc1768.arm.o
       424        100          0          0          0        332   pinmap.c.lpc1768.arm.o
       124          0          0          0          0        560   semihost_api.c.lpc1768.arm.o
       656        110        340          0          0        340   serial_api.c.lpc1768.arm.o
       148         16          0          0          0        240   timer_api.c.lpc1768.arm.o
        56         12          0          4          0         80   us_ticker_api.c.lpc1768.arm.o
       120          6          0          0          0         76   utils_api.c.lpc1768.arm.o
        50          0          0          0          0        144   wait_api.c.lpc1768.arm.o
        48          0          0          0          0         84   aeabi_atexit.o
         4          0          0          0          0         68   arm_bad_typeid_noexceptions.o
        80         14          0          0          0         96   arm_exceptions_globs.o
        60          0          0          0          0        108   arm_exceptions_mem.o
        26          0          0          0          0         76   arm_exceptions_terminate.o
         4          0          0          0          0         68   arm_newhandler_noexceptions.o
         8          0          0          0          0         76   array_del.o
        66          0          0          0          0         84   cxa_finalize.o
         8          0          0          0          0         76   delete.o
         0          0        193          0          0          0   lib_rtti_impl.o
        40          6          0          0          0         76   new.o
         6          0          0          0          0         68   pure_virt.o
      1252         40          0          0          0        716   rtti.o
         0          0         21          0          0          0   type_info_dtor.o
        32          0          0          0          0         80   type_info_eq.o
        98          4          0          0          0         92   d2f.o
        16          4          0          0          0         68   dcheck1.o
        24          0          0          0          0         68   dcmpi.o
       120          4          0          0          0         92   deqf.o
       120          4          0          0          0         92   dleqf.o
       156          4          0          0          0         92   dnaninf.o
       108          0          0          0          0         80   drleqf.o
       430          8          0          0          0        168   faddsub_clz.o
        12          4          0          0          0         68   fcheck1.o
       388         76          0          0          0         96   fdiv.o
        54          4          0          0          0         84   ffix.o
        86          0          0          0          0        136   fflt_clz.o
       258          4          0          0          0         84   fmul.o
       140          4          0          0          0         84   fnaninf.o
         0          0          8          0          0          0   fpconst.o
        14          0          0          0          0         76   fpinit.o
        10          0          0          0          0         68   fretinf.o
         4          0          0          0          0         68   printf1.o
         4          0          0          0          0         68   printf2.o
       100          0          0          0          0         68   retnan.o
        96          0          0          0          0         68   scalbn.o
        80          0          0          0          0         68   scalbnf.o
         4          0          0          0          0         68   scanf1.o
         8          0          0          0          0         84   scanf2.o
        48          0          0          0          0         68   trapv.o
         0          0          0          0          0          0   usenofp.o
        16          6          0          0          0         68   dunder.o
        40          0          0          0          0         68   fpclassify.o
        88          8          0          0          0         76   frexp.o
       148          0          0          0          0        160   ldexp.o
       152          4          0          0          0        160   narrow.o
       312         46         88         20          0        396   Base.cpp.lpc1768.arm.o
       344         16         53          0          0        536   BusInOut.cpp.lpc1768.arm.o
        52          4         54          0          0        204   DigitalIn.cpp.lpc1768.arm.o
        70          4         58          0          0        384   DigitalInOut.cpp.lpc1768.arm.o
        70          4         56          0          0        332   DigitalOut.cpp.lpc1768.arm.o
        42          0          0          0          0        180   FunctionPointer.cpp.lpc1768.arm.o
       396        110         57          0        192        392   InterruptIn.cpp.lpc1768.arm.o
       244          4        181          0          0        548   LocalFileSystem.cpp.lpc1768.arm.o
       236         22        123          0          0        612   Stream.cpp.lpc1768.arm.o
       874         94        132          0         64        692   stdio.cpp.lpc1768.arm.o

    ----------------------------------------------------------------------
     25858       1552       1920         40        540      20896   Library Totals
        52          2          5          0          0          0   (incl. Padding)

    ----------------------------------------------------------------------

      Code (inc. data)   RO Data    RW Data    ZI Data      Debug   Library Name

     16438        660        551         16        284       9992   c_w.l
      2272        388        340          4          0       2412   capi.ar
      1634         60        214          0          0       1676   cpprt_w.l
      2378        120          8          0          0       2008   fz_ws.l
       444         18          0          0          0        532   m_ws.l
      2640        304        802         20        256       4276   mbed.ar

    ----------------------------------------------------------------------
     25858       1552       1920         40        540      20896   Library Totals

    ----------------------------------------------------------------------

==============================================================================


      Code (inc. data)   RO Data    RW Data    ZI Data      Debug   

     30642       1714       2782        248       1024      41980   Grand Totals
     30642       1714       2782        248       1024      41980   ELF Image Totals
     30642       1714       2782        248          0          0   ROM Totals

==============================================================================

    Total RO  Size (Code + RO Data)                33424 (  32.64kB)
    Total RW  Size (RW Data + ZI Data)              1272 (   1.24kB)
    Total ROM Size (Code + RO Data + RW Data)      33672 (  32.88kB)

==============================================================================

