ARM Linker, 4.1 [Build 567] [Professional]

==============================================================================

Section Cross References

    startup.o(STACK) refers (Special) to heapauxi.o(.text) for __use_two_region_memory
    startup.o(HEAP) refers (Special) to heapauxi.o(.text) for __use_two_region_memory
    startup.o(RESET) refers (Special) to heapauxi.o(.text) for __use_two_region_memory
    startup.o(RESET) refers to startup.o(STACK) for StackMem
    startup.o(RESET) refers to __main.o(!!!main) for __main
    startup.o(.text) refers (Special) to heapauxi.o(.text) for __use_two_region_memory
    startup.o(.text) refers to startup.o(HEAP) for HeapMem
    startup.o(.text) refers to startup.o(STACK) for StackMem
    arm_hello.o(.text) refers to noretval__2printf.o(.text) for __2printf
    __2printf.o(.text) refers to _printf_char_file.o(.text) for _printf_char_file
    __2printf.o(.text) refers to stdio_streams.o(.bss) for __stdout
    noretval__2printf.o(.text) refers to _printf_char_file.o(.text) for _printf_char_file
    noretval__2printf.o(.text) refers to stdio_streams.o(.bss) for __stdout
    __main.o(!!!main) refers to rtentry.o(.ARM.Collect$$rtentry$$00000000) for __rt_entry
    rtentry.o(.ARM.Collect$$rtentry$$00000000) refers (Special) to rtentry2.o(.ARM.Collect$$rtentry$$0000000A) for __rt_entry_li
    rtentry.o(.ARM.Collect$$rtentry$$00000000) refers (Special) to rtentry2.o(.ARM.Collect$$rtentry$$0000000D) for __rt_entry_main
    rtentry.o(.ARM.Collect$$rtentry$$00000000) refers (Special) to rtentry2.o(.ARM.Collect$$rtentry$$0000000C) for __rt_entry_postli_1
    rtentry.o(.ARM.Collect$$rtentry$$00000000) refers (Special) to rtentry2.o(.ARM.Collect$$rtentry$$00000009) for __rt_entry_postsh_1
    rtentry.o(.ARM.Collect$$rtentry$$00000000) refers (Special) to rtentry2.o(.ARM.Collect$$rtentry$$00000002) for __rt_entry_presh_1
    rtentry.o(.ARM.Collect$$rtentry$$00000000) refers (Special) to rtentry4.o(.ARM.Collect$$rtentry$$00000004) for __rt_entry_sh
    rtentry.o(.ARM.exidx) refers (Special) to rtentry2.o(.ARM.Collect$$rtentry$$0000000A) for __rt_entry_li
    rtentry.o(.ARM.exidx) refers (Special) to rtentry2.o(.ARM.Collect$$rtentry$$0000000D) for __rt_entry_main
    rtentry.o(.ARM.exidx) refers (Special) to rtentry2.o(.ARM.Collect$$rtentry$$0000000C) for __rt_entry_postli_1
    rtentry.o(.ARM.exidx) refers (Special) to rtentry2.o(.ARM.Collect$$rtentry$$00000009) for __rt_entry_postsh_1
    rtentry.o(.ARM.exidx) refers (Special) to rtentry2.o(.ARM.Collect$$rtentry$$00000002) for __rt_entry_presh_1
    rtentry.o(.ARM.exidx) refers (Special) to rtentry4.o(.ARM.Collect$$rtentry$$00000004) for __rt_entry_sh
    rtentry.o(.ARM.exidx) refers to rtentry.o(.ARM.Collect$$rtentry$$00000000) for .ARM.Collect$$rtentry$$00000000
    _printf_char_file.o(.text) refers to _printf_char_common.o(.text) for _printf_char_common
    _printf_char_file.o(.text) refers to ferror.o(.text) for ferror
    _printf_char_file.o(.text) refers to fputc.o(i.fputc) for fputc
    stdio_streams.o(.bss) refers (Special) to initio.o(.text) for _initio
    stdio_streams.o(.bss) refers (Special) to initio.o(.text) for _initio
    stdio_streams.o(.bss) refers (Special) to initio.o(.text) for _initio
    stdio_streams.o(.data) refers (Special) to initio.o(.text) for _initio
    stdio_streams.o(.data) refers (Special) to initio.o(.text) for _initio
    stdio_streams.o(.data) refers (Special) to initio.o(.text) for _initio
    rtentry2.o(.ARM.Collect$$rtentry$$00000008) refers to boardinit2.o(.text) for _platform_post_stackheap_init
    rtentry2.o(.ARM.Collect$$rtentry$$0000000A) refers to libinit.o(.ARM.Collect$$libinit$$00000000) for __rt_lib_init
    rtentry2.o(.ARM.Collect$$rtentry$$0000000B) refers to boardinit3.o(.text) for _platform_post_lib_init
    rtentry2.o(.ARM.Collect$$rtentry$$0000000D) refers to arm_hello.o(.text) for main
    rtentry2.o(.ARM.Collect$$rtentry$$0000000D) refers to exit.o(.text) for exit
    rtentry2.o(.ARM.exidx) refers to rtentry2.o(.ARM.Collect$$rtentry$$00000001) for .ARM.Collect$$rtentry$$00000001
    rtentry2.o(.ARM.exidx) refers to rtentry2.o(.ARM.Collect$$rtentry$$00000002) for .ARM.Collect$$rtentry$$00000002
    rtentry2.o(.ARM.exidx) refers to rtentry2.o(.ARM.Collect$$rtentry$$00000008) for .ARM.Collect$$rtentry$$00000008
    rtentry2.o(.ARM.exidx) refers to rtentry2.o(.ARM.Collect$$rtentry$$00000009) for .ARM.Collect$$rtentry$$00000009
    rtentry2.o(.ARM.exidx) refers to rtentry2.o(.ARM.Collect$$rtentry$$0000000A) for .ARM.Collect$$rtentry$$0000000A
    rtentry2.o(.ARM.exidx) refers to rtentry2.o(.ARM.Collect$$rtentry$$0000000B) for .ARM.Collect$$rtentry$$0000000B
    rtentry2.o(.ARM.exidx) refers to rtentry2.o(.ARM.Collect$$rtentry$$0000000C) for .ARM.Collect$$rtentry$$0000000C
    rtentry2.o(.ARM.exidx) refers to rtentry2.o(.ARM.Collect$$rtentry$$0000000D) for .ARM.Collect$$rtentry$$0000000D
    rtentry4.o(.ARM.Collect$$rtentry$$00000004) refers to sys_stackheap_outer.o(.text) for __user_setup_stackheap
    rtentry4.o(.ARM.exidx) refers to rtentry4.o(.ARM.Collect$$rtentry$$00000004) for .ARM.Collect$$rtentry$$00000004
    _printf_char_common.o(.text) refers to __printf_nopercent.o(.text) for __printf
    fputc.o(i.fputc) refers to flsbuf.o(.text) for __flsbuf_byte
    initio.o(.text) refers (Special) to libinit2.o(.ARM.Collect$$libinit$$00000020) for __rt_lib_init_stdio_2
    initio.o(.text) refers (Special) to libshutdown2.o(.ARM.Collect$$libshutdown$$00000002) for __rt_lib_shutdown_stdio_2
    initio.o(.text) refers to rt_memclr_w.o(.text) for __aeabi_memclr4
    initio.o(.text) refers to fopen.o(.text) for freopen
    initio.o(.text) refers to defsig_rtred_outer.o(.text) for __rt_SIGRTRED
    initio.o(.text) refers to setvbuf.o(.text) for setvbuf
    initio.o(.text) refers to fclose.o(.text) for _fclose_internal
    initio.o(.text) refers to h1_free.o(.text) for free
    initio.o(.text) refers to stdio_streams.o(.bss) for __stdin
    initio.o(.text) refers to stdio_streams.o(.bss) for __stdout
    initio.o(.text) refers to stdio_streams.o(.bss) for __stderr
    initio.o(.text) refers to stdio_streams.o(.data) for __aeabi_stdin
    initio.o(.text) refers to stdio_streams.o(.data) for __aeabi_stdout
    initio.o(.text) refers to stdio_streams.o(.data) for __aeabi_stderr
    initio.o(.text) refers to sys_io.o(.constdata) for __stdin_name
    initio.o(.text) refers to sys_io.o(.constdata) for __stdout_name
    initio.o(.text) refers to sys_io.o(.constdata) for __stderr_name
    initio_locked.o(.text) refers (Special) to libinit2.o(.ARM.Collect$$libinit$$00000020) for __rt_lib_init_stdio_2
    initio_locked.o(.text) refers (Special) to libshutdown2.o(.ARM.Collect$$libshutdown$$00000002) for __rt_lib_shutdown_stdio_2
    initio_locked.o(.text) refers to rt_memclr_w.o(.text) for __aeabi_memclr4
    initio_locked.o(.text) refers to fopen.o(.text) for freopen
    initio_locked.o(.text) refers to defsig_rtred_outer.o(.text) for __rt_SIGRTRED
    initio_locked.o(.text) refers to setvbuf.o(.text) for setvbuf
    initio_locked.o(.text) refers to fclose.o(.text) for _fclose_internal
    initio_locked.o(.text) refers to h1_free.o(.text) for free
    initio_locked.o(.text) refers to stdio_streams.o(.bss) for __stdin
    initio_locked.o(.text) refers to stdio_streams.o(.bss) for __stdout
    initio_locked.o(.text) refers to stdio_streams.o(.bss) for __stderr
    initio_locked.o(.text) refers to stdio_streams.o(.data) for __aeabi_stdin
    initio_locked.o(.text) refers to stdio_streams.o(.data) for __aeabi_stdout
    initio_locked.o(.text) refers to stdio_streams.o(.data) for __aeabi_stderr
    initio_locked.o(.text) refers to streamlock.o(.data) for _stream_list_lock
    initio_locked.o(.text) refers to sys_io.o(.constdata) for __stdin_name
    initio_locked.o(.text) refers to sys_io.o(.constdata) for __stdout_name
    initio_locked.o(.text) refers to sys_io.o(.constdata) for __stderr_name
    sys_io.o(.text) refers (Special) to use_no_semi.o(.text) for __I$use$semihosting
    sys_io.o(.text) refers to strlen.o(.text) for strlen
    sys_io.o(.constdata) refers (Special) to use_no_semi.o(.text) for __I$use$semihosting
    sys_io.o(.constdata) refers (Special) to use_no_semi.o(.text) for __I$use$semihosting
    sys_io.o(.constdata) refers (Special) to use_no_semi.o(.text) for __I$use$semihosting
    sys_stackheap_outer.o(.text) refers to libspace.o(.text) for __user_perproc_libspace
    sys_stackheap_outer.o(.text) refers to startup.o(.text) for __user_initial_stackheap
    free.o(.text) refers (Special) to hguard.o(.text) for __heap$guard
    free.o(.text) refers to rt_heap_descriptor_intlibspace.o(.text) for __rt_heap_descriptor
    free.o(.text) refers to heapstubs.o(.text) for __Heap_Free
    h1_free.o(.text) refers to rt_heap_descriptor_intlibspace.o(.text) for __rt_heap_descriptor
    h1_free_mt.o(.text) refers to rt_heap_descriptor_intlibspace.o(.text) for __rt_heap_descriptor
    heap2.o(i._FDIterate) refers to heap2.o(.constdata) for .constdata
    heap2.o(i.___Heap_ProvideMemory$realtime) refers to fdtree.o(i._FDTree_Delete) for _FDTree_Delete
    heap2.o(i.___Heap_ProvideMemory$realtime) refers to fdtree.o(i._FDTree_Insert) for _FDTree_Insert
    heap2.o(i.___Heap_Stats$realtime) refers to heap2.o(i._Heap2_StatsIterate) for _Heap2_StatsIterate
    heap2.o(i.___Heap_Valid$realtime) refers to heap2.o(i._FDIterate) for _FDIterate
    heap2.o(i.___Heap_Valid$realtime) refers to heap2.o(.constdata) for .constdata
    heap2.o(i._free$realtime) refers to rt_heap_descriptor_intlibspace.o(.text) for __rt_heap_descriptor
    heap2.o(i._free$realtime) refers to fdtree.o(i._FDTree_Delete) for _FDTree_Delete
    heap2.o(i._free$realtime) refers to fdtree.o(i._FDTree_Insert) for _FDTree_Insert
    heap2.o(i._malloc$realtime) refers to rt_heap_descriptor_intlibspace.o(.text) for __rt_heap_descriptor
    heap2.o(i._malloc$realtime) refers to fdtree.o(i._FDTree_FindFirst) for _FDTree_FindFirst
    heap2.o(i._malloc$realtime) refers to init_alloc.o(.text) for __Heap_Full
    heap2.o(i._malloc$realtime) refers to fdtree.o(i._FDTree_RemoveNode) for _FDTree_RemoveNode
    heap2.o(i._malloc$realtime) refers to fdtree.o(i._FDTree_Insert) for _FDTree_Insert
    heap2.o(i._posix_memalign$realtime) refers to rt_heap_descriptor_intlibspace.o(.text) for __rt_heap_descriptor
    heap2.o(i._posix_memalign$realtime) refers to fdtree.o(i._FDTree_FindFirst) for _FDTree_FindFirst
    heap2.o(i._posix_memalign$realtime) refers to init_alloc.o(.text) for __Heap_Full
    heap2.o(i._posix_memalign$realtime) refers to fdtree.o(i._FDTree_RemoveNode) for _FDTree_RemoveNode
    heap2.o(i._posix_memalign$realtime) refers to fdtree.o(i._FDTree_Insert) for _FDTree_Insert
    heap2.o(i._realloc$realtime) refers to rt_heap_descriptor_intlibspace.o(.text) for __rt_heap_descriptor
    heap2.o(i._realloc$realtime) refers to h1_free.o(.text) for free
    heap2.o(i._realloc$realtime) refers to h1_alloc.o(.text) for malloc
    heap2.o(i._realloc$realtime) refers to fdtree.o(i._FDTree_Delete) for _FDTree_Delete
    heap2.o(i._realloc$realtime) refers to fdtree.o(i._FDTree_Insert) for _FDTree_Insert
    heap2.o(i._realloc$realtime) refers to rt_memcpy_w.o(.text) for __aeabi_memcpy4
    heap2mt.o(i._FDIterate) refers to heap2mt.o(.constdata) for .constdata
    heap2mt.o(i.___Heap_Initialize$realtime$concurrent) refers to mutex_dummy.o(.text) for _mutex_initialize
    heap2mt.o(i.___Heap_ProvideMemory$realtime$concurrent) refers to fdtree.o(i._FDTree_Delete) for _FDTree_Delete
    heap2mt.o(i.___Heap_ProvideMemory$realtime$concurrent) refers to fdtree.o(i._FDTree_Insert) for _FDTree_Insert
    heap2mt.o(i.___Heap_Stats$realtime$concurrent) refers to heap2mt.o(i._Heap2_StatsIterate) for _Heap2_StatsIterate
    heap2mt.o(i.___Heap_Valid$realtime$concurrent) refers to heap2mt.o(i._FDIterate) for _FDIterate
    heap2mt.o(i.___Heap_Valid$realtime$concurrent) refers to heap2mt.o(.constdata) for .constdata
    heap2mt.o(i._free$realtime$concurrent) refers to rt_heap_descriptor_intlibspace.o(.text) for __rt_heap_descriptor
    heap2mt.o(i._free$realtime$concurrent) refers to fdtree.o(i._FDTree_Delete) for _FDTree_Delete
    heap2mt.o(i._free$realtime$concurrent) refers to fdtree.o(i._FDTree_Insert) for _FDTree_Insert
    heap2mt.o(i._malloc$realtime$concurrent) refers to rt_heap_descriptor_intlibspace.o(.text) for __rt_heap_descriptor
    heap2mt.o(i._malloc$realtime$concurrent) refers to fdtree.o(i._FDTree_FindFirst) for _FDTree_FindFirst
    heap2mt.o(i._malloc$realtime$concurrent) refers to init_alloc.o(.text) for __Heap_Full
    heap2mt.o(i._malloc$realtime$concurrent) refers to fdtree.o(i._FDTree_RemoveNode) for _FDTree_RemoveNode
    heap2mt.o(i._malloc$realtime$concurrent) refers to fdtree.o(i._FDTree_Insert) for _FDTree_Insert
    heap2mt.o(i._posix_memalign$realtime$concurrent) refers to rt_heap_descriptor_intlibspace.o(.text) for __rt_heap_descriptor
    heap2mt.o(i._posix_memalign$realtime$concurrent) refers to fdtree.o(i._FDTree_FindFirst) for _FDTree_FindFirst
    heap2mt.o(i._posix_memalign$realtime$concurrent) refers to init_alloc.o(.text) for __Heap_Full
    heap2mt.o(i._posix_memalign$realtime$concurrent) refers to fdtree.o(i._FDTree_RemoveNode) for _FDTree_RemoveNode
    heap2mt.o(i._posix_memalign$realtime$concurrent) refers to fdtree.o(i._FDTree_Insert) for _FDTree_Insert
    heap2mt.o(i._realloc$realtime$concurrent) refers to rt_heap_descriptor_intlibspace.o(.text) for __rt_heap_descriptor
    heap2mt.o(i._realloc$realtime$concurrent) refers to h1_free.o(.text) for free
    heap2mt.o(i._realloc$realtime$concurrent) refers to h1_alloc.o(.text) for malloc
    heap2mt.o(i._realloc$realtime$concurrent) refers to fdtree.o(i._FDTree_Delete) for _FDTree_Delete
    heap2mt.o(i._realloc$realtime$concurrent) refers to fdtree.o(i._FDTree_Insert) for _FDTree_Insert
    heap2mt.o(i._realloc$realtime$concurrent) refers to rt_memcpy_w.o(.text) for __aeabi_memcpy4
    flsbuf.o(.text) refers to stdio.o(.text) for _deferredlazyseek
    flsbuf.o(.text) refers to sys_io.o(.text) for _sys_flen
    flsbuf.o(.text) refers to h1_alloc.o(.text) for malloc
    streamlock.o(.data) refers (Special) to initio.o(.text) for _initio
    fopen.o(.text) refers to fclose.o(.text) for _fclose_internal
    fopen.o(.text) refers to sys_io.o(.text) for _sys_open
    fopen.o(.text) refers to fseek.o(.text) for _fseek
    fopen.o(.text) refers to h1_alloc.o(.text) for malloc
    fopen.o(.text) refers to rt_memclr_w.o(.text) for __aeabi_memclr4
    fopen.o(.text) refers to stdio_streams.o(.bss) for __stdin
    fclose.o(.text) refers to stdio.o(.text) for _fflush
    fclose.o(.text) refers to sys_io.o(.text) for _sys_close
    fclose.o(.text) refers to h1_free.o(.text) for free
    fclose.o(.text) refers to rt_memclr_w.o(.text) for __aeabi_memclr4
    fopen_locked.o(.text) refers to fclose.o(.text) for _fclose_internal
    fopen_locked.o(.text) refers to sys_io.o(.text) for _sys_open
    fopen_locked.o(.text) refers to fseek.o(.text) for _fseek
    fopen_locked.o(.text) refers to h1_alloc.o(.text) for malloc
    fopen_locked.o(.text) refers to rt_memclr_w.o(.text) for __aeabi_memclr4
    fopen_locked.o(.text) refers to streamlock.o(.data) for _stream_list_lock
    fopen_locked.o(.text) refers to stdio_streams.o(.bss) for __stdin
    exit.o(.text) refers to rtexit.o(.ARM.Collect$$rtexit$$00000000) for __rt_exit
    defsig_rtred_outer.o(.text) refers to defsig_rtred_inner.o(.text) for __rt_SIGRTRED_inner
    defsig_rtred_outer.o(.text) refers to defsig_exit.o(.text) for __sig_exit
    defsig_rtred_formal.o(.text) refers to rt_raise.o(.text) for __rt_raise
    libinit.o(.ARM.Collect$$libinit$$00000000) refers (Special) to libinit2.o(.ARM.Collect$$libinit$$0000002A) for __rt_lib_init_alloca_1
    libinit.o(.ARM.Collect$$libinit$$00000000) refers (Special) to libinit2.o(.ARM.Collect$$libinit$$00000028) for __rt_lib_init_argv_1
    libinit.o(.ARM.Collect$$libinit$$00000000) refers (Special) to libinit2.o(.ARM.Collect$$libinit$$00000017) for __rt_lib_init_atexit_1
    libinit.o(.ARM.Collect$$libinit$$00000000) refers (Special) to libinit2.o(.ARM.Collect$$libinit$$0000001D) for __rt_lib_init_clock_1
    libinit.o(.ARM.Collect$$libinit$$00000000) refers (Special) to libinit2.o(.ARM.Collect$$libinit$$0000002E) for __rt_lib_init_cpp_1
    libinit.o(.ARM.Collect$$libinit$$00000000) refers (Special) to libinit2.o(.ARM.Collect$$libinit$$0000002C) for __rt_lib_init_exceptions_1
    libinit.o(.ARM.Collect$$libinit$$00000000) refers (Special) to libinit2.o(.ARM.Collect$$libinit$$0000001B) for __rt_lib_init_fp_trap_1
    libinit.o(.ARM.Collect$$libinit$$00000000) refers (Special) to libinit2.o(.ARM.Collect$$libinit$$0000001F) for __rt_lib_init_getenv_1
    libinit.o(.ARM.Collect$$libinit$$00000000) refers (Special) to libinit2.o(.ARM.Collect$$libinit$$00000006) for __rt_lib_init_heap_1
    libinit.o(.ARM.Collect$$libinit$$00000000) refers (Special) to libinit2.o(.ARM.Collect$$libinit$$0000000D) for __rt_lib_init_lc_collate_1
    libinit.o(.ARM.Collect$$libinit$$00000000) refers (Special) to libinit2.o(.ARM.Collect$$libinit$$0000000F) for __rt_lib_init_lc_ctype_1
    libinit.o(.ARM.Collect$$libinit$$00000000) refers (Special) to libinit2.o(.ARM.Collect$$libinit$$00000011) for __rt_lib_init_lc_monetary_1
    libinit.o(.ARM.Collect$$libinit$$00000000) refers (Special) to libinit2.o(.ARM.Collect$$libinit$$00000013) for __rt_lib_init_lc_numeric_1
    libinit.o(.ARM.Collect$$libinit$$00000000) refers (Special) to libinit2.o(.ARM.Collect$$libinit$$00000015) for __rt_lib_init_lc_time_1
    libinit.o(.ARM.Collect$$libinit$$00000000) refers (Special) to libinit2.o(.ARM.Collect$$libinit$$0000000A) for __rt_lib_init_rand_1
    libinit.o(.ARM.Collect$$libinit$$00000000) refers (Special) to libinit2.o(.ARM.Collect$$libinit$$0000002F) for __rt_lib_init_return
    libinit.o(.ARM.Collect$$libinit$$00000000) refers (Special) to libinit2.o(.ARM.Collect$$libinit$$00000019) for __rt_lib_init_signal_1
    libinit.o(.ARM.Collect$$libinit$$00000000) refers (Special) to libinit2.o(.ARM.Collect$$libinit$$00000021) for __rt_lib_init_stdio_1
    libinit.o(.ARM.Collect$$libinit$$00000000) refers (Special) to libinit2.o(.ARM.Collect$$libinit$$00000008) for __rt_lib_init_user_alloc_1
    libinit.o(.ARM.Collect$$libinit$$00000000) refers to fpinit.o(x$fpl$fpinit) for _fp_init
    libinit2.o(.ARM.Collect$$libinit$$00000001) refers (Weak) to init_alloc.o(.text) for _init_alloc
    libinit2.o(.ARM.Collect$$libinit$$0000000C) refers to libinit2.o(.ARM.Collect$$libinit$$0000000B) for .ARM.Collect$$libinit$$0000000B
    libinit2.o(.ARM.Collect$$libinit$$0000000E) refers to libinit2.o(.ARM.Collect$$libinit$$0000000B) for .ARM.Collect$$libinit$$0000000B
    libinit2.o(.ARM.Collect$$libinit$$00000010) refers to libinit2.o(.ARM.Collect$$libinit$$0000000B) for .ARM.Collect$$libinit$$0000000B
    libinit2.o(.ARM.Collect$$libinit$$00000012) refers to libinit2.o(.ARM.Collect$$libinit$$0000000B) for .ARM.Collect$$libinit$$0000000B
    libinit2.o(.ARM.Collect$$libinit$$00000014) refers to libinit2.o(.ARM.Collect$$libinit$$0000000B) for .ARM.Collect$$libinit$$0000000B
    libinit2.o(.ARM.Collect$$libinit$$00000020) refers (Weak) to initio.o(.text) for _initio
    libinit2.o(.ARM.Collect$$libinit$$00000022) refers to argv_veneer.o(.emb_text) for __ARM_argv_veneer
    libinit2.o(.ARM.Collect$$libinit$$00000023) refers to argv_veneer.o(.emb_text) for __ARM_argv_veneer
    libshutdown2.o(.ARM.Collect$$libshutdown$$00000002) refers (Weak) to initio.o(.text) for _terminateio
    libshutdown2.o(.ARM.Collect$$libshutdown$$0000000C) refers (Weak) to term_alloc.o(.text) for _terminate_alloc
    flsbuf_fwide.o(.text) refers to flsbuf.o(.text) for __flsbuf
    libspace.o(.text) refers to libspace.o(.bss) for __libspace_start
    rtexit.o(.ARM.Collect$$rtexit$$00000000) refers (Special) to rtexit2.o(.ARM.Collect$$rtexit$$00000004) for __rt_exit_exit
    rtexit.o(.ARM.Collect$$rtexit$$00000000) refers (Special) to rtexit2.o(.ARM.Collect$$rtexit$$00000003) for __rt_exit_ls
    rtexit.o(.ARM.Collect$$rtexit$$00000000) refers (Special) to rtexit2.o(.ARM.Collect$$rtexit$$00000002) for __rt_exit_prels_1
    rtexit.o(.ARM.exidx) refers (Special) to rtexit2.o(.ARM.Collect$$rtexit$$00000004) for __rt_exit_exit
    rtexit.o(.ARM.exidx) refers (Special) to rtexit2.o(.ARM.Collect$$rtexit$$00000003) for __rt_exit_ls
    rtexit.o(.ARM.exidx) refers (Special) to rtexit2.o(.ARM.Collect$$rtexit$$00000002) for __rt_exit_prels_1
    rtexit.o(.ARM.exidx) refers to rtexit.o(.ARM.Collect$$rtexit$$00000000) for .ARM.Collect$$rtexit$$00000000
    rt_raise.o(.text) refers to __raise.o(.text) for __raise
    rt_raise.o(.text) refers to sys_exit.o(.text) for _sys_exit
    rt_heap_descriptor.o(.text) refers to rt_heap_descriptor.o(.bss) for __rt_heap_descriptor_data
    rt_heap_descriptor_intlibspace.o(.text) refers to libspace.o(.bss) for __libspace_start
    init_alloc.o(.text) refers (Special) to hguard.o(.text) for __heap$guard
    init_alloc.o(.text) refers (Special) to libinit2.o(.ARM.Collect$$libinit$$00000001) for __rt_lib_init_heap_2
    init_alloc.o(.text) refers (Special) to maybetermalloc1.o(.emb_text) for _maybe_terminate_alloc
    init_alloc.o(.text) refers to h1_extend.o(.text) for __Heap_ProvideMemory
    init_alloc.o(.text) refers to defsig_rtmem_outer.o(.text) for __rt_SIGRTMEM
    init_alloc.o(.text) refers to rt_heap_descriptor_intlibspace.o(.text) for __rt_heap_descriptor
    init_alloc.o(.text) refers to h1_init.o(.text) for __Heap_Initialize
    malloc.o(.text) refers (Special) to hguard.o(.text) for __heap$guard
    malloc.o(.text) refers (Special) to init_alloc.o(.text) for _init_alloc
    malloc.o(.text) refers to rt_heap_descriptor_intlibspace.o(.text) for __rt_heap_descriptor
    malloc.o(.text) refers to heapstubs.o(.text) for __Heap_Alloc
    h1_alloc.o(.text) refers (Special) to h1_init.o(.text) for __Heap_Initialize
    h1_alloc.o(.text) refers to rt_heap_descriptor_intlibspace.o(.text) for __rt_heap_descriptor
    h1_alloc.o(.text) refers to init_alloc.o(.text) for __Heap_Full
    h1_alloc_mt.o(.text) refers (Special) to h1_init.o(.text) for __Heap_Initialize
    h1_alloc_mt.o(.text) refers to init_alloc.o(.text) for __Heap_Full
    h1_alloc_mt.o(.text) refers to rt_heap_descriptor_intlibspace.o(.text) for __rt_heap_descriptor
    _printf_char_file_locked.o(.text) refers to _printf_char_common.o(.text) for _printf_char_common
    _printf_char_file_locked.o(.text) refers to fputc.o(i._fputc$unlocked) for _fputc$unlocked
    fseek.o(.text) refers to sys_io.o(.text) for _sys_istty
    fseek.o(.text) refers to ftell.o(.text) for _ftell_internal
    fseek.o(.text) refers to stdio.o(.text) for _seterr
    stdio.o(.text) refers to sys_io.o(.text) for _sys_seek
    fwritefast.o(.text) refers to stdio.o(.text) for _writebuf
    fwritefast.o(.text) refers to flsbuf.o(.text) for __flsbuf_byte
    fwritefast.o(.text) refers to rt_memcpy_v6.o(.text) for __aeabi_memcpy
    fwritefast_locked.o(.text) refers to stdio.o(.text) for _writebuf
    fwritefast_locked.o(.text) refers to flsbuf.o(.text) for __flsbuf_byte
    fwritefast_locked.o(.text) refers to rt_memcpy_v6.o(.text) for __aeabi_memcpy
    defsig_exit.o(.text) refers to sys_exit.o(.text) for _sys_exit
    defsig_rtred_inner.o(.text) refers to defsig_general.o(.text) for __default_signal_display
    assert_stdio.o(.text) refers to fputs.o(.text) for fputs
    assert_stdio.o(.text) refers to fflush.o(.text) for fflush
    assert_stdio.o(.text) refers to stdio_streams.o(.bss) for __stderr
    argv_veneer.o(.emb_text) refers to no_argv.o(.text) for __ARM_get_argv
    fpinit.o(x$fpl$fpinit) refers to rt_fp_status_addr_intlibspace.o(.text) for __rt_fp_status_addr
    sys_exit.o(.text) refers (Special) to use_no_semi.o(.text) for __I$use$semihosting
    rtexit2.o(.ARM.Collect$$rtexit$$00000003) refers to libshutdown.o(.ARM.Collect$$libshutdown$$00000000) for __rt_lib_shutdown
    rtexit2.o(.ARM.Collect$$rtexit$$00000004) refers to sys_exit.o(.text) for _sys_exit
    rtexit2.o(.ARM.exidx) refers to rtexit2.o(.ARM.Collect$$rtexit$$00000001) for .ARM.Collect$$rtexit$$00000001
    rtexit2.o(.ARM.exidx) refers to rtexit2.o(.ARM.Collect$$rtexit$$00000002) for .ARM.Collect$$rtexit$$00000002
    rtexit2.o(.ARM.exidx) refers to rtexit2.o(.ARM.Collect$$rtexit$$00000003) for .ARM.Collect$$rtexit$$00000003
    rtexit2.o(.ARM.exidx) refers to rtexit2.o(.ARM.Collect$$rtexit$$00000004) for .ARM.Collect$$rtexit$$00000004
    rt_fp_status_addr.o(.text) refers to rt_fp_status_addr.o(.bss) for __rt_fp_status_addr_data
    rt_fp_status_addr_intlibspace.o(.text) refers to libspace.o(.bss) for __libspace_start
    maybetermalloc2.o(.emb_text) refers (Special) to term_alloc.o(.text) for _terminate_alloc
    h1_extend.o(.text) refers to h1_free.o(.text) for free
    h1_init_mt.o(.text) refers to mutex_dummy.o(.text) for _mutex_initialize
    h1_extend_mt.o(.text) refers to h1_free_mt.o(.text) for _free_internal
    fflush.o(.text) refers to stdio.o(.text) for _fflush
    fflush.o(.text) refers to fseek.o(.text) for _fseek
    fflush.o(.text) refers to stdio_streams.o(.bss) for __stdin
    fputs.o(.text) refers to fputc.o(i.fputc) for fputc
    ftell.o(.text) refers to rt_errno_addr_intlibspace.o(.text) for __aeabi_errno_addr
    fflush_locked.o(.text) refers to stdio.o(.text) for _fflush
    fflush_locked.o(.text) refers to fseek.o(.text) for _fseek
    fflush_locked.o(.text) refers to fflush.o(.text) for _do_fflush
    fflush_locked.o(.text) refers to streamlock.o(.data) for _stream_list_lock
    fflush_locked.o(.text) refers to stdio_streams.o(.bss) for __stdin
    __raise.o(.text) refers to defsig.o(CL$$defsig) for __default_signal_handler
    defsig_general.o(.text) refers to sys_wrch.o(.text) for _ttywrch
    defsig_rtmem_outer.o(.text) refers to defsig_rtmem_inner.o(.text) for __rt_SIGRTMEM_inner
    defsig_rtmem_outer.o(.text) refers to defsig_exit.o(.text) for __sig_exit
    defsig_rtmem_formal.o(.text) refers to rt_raise.o(.text) for __rt_raise
    rt_memcpy_v6.o(.text) refers to rt_memcpy_w.o(.text) for __aeabi_memcpy4
    heapauxa.o(.text) refers to heapauxa.o(.data) for .data
    _get_argv.o(.text) refers (Special) to hrguard.o(.text) for __heap_region$guard
    _get_argv.o(.text) refers to h1_alloc.o(.text) for malloc
    _get_argv.o(.text) refers to defsig_rtmem_outer.o(.text) for __rt_SIGRTMEM
    _get_argv.o(.text) refers to sys_command.o(.text) for _sys_command_string
    _get_argv_nomalloc.o(.text) refers (Special) to hrguard.o(.text) for __heap_region$guard
    _get_argv_nomalloc.o(.text) refers to defsig_rtmem_outer.o(.text) for __rt_SIGRTMEM
    _get_argv_nomalloc.o(.text) refers to sys_command.o(.text) for _sys_command_string
    sys_wrch.o(.text) refers (Special) to use_no_semi.o(.text) for __I$use$semihosting
    sys_command.o(.text) refers (Special) to use_no_semi.o(.text) for __I$use$semihosting
    rt_errno_addr.o(.text) refers to rt_errno_addr.o(.bss) for __aeabi_errno_addr_data
    rt_errno_addr_intlibspace.o(.text) refers to libspace.o(.bss) for __libspace_start
    term_alloc.o(.text) refers (Special) to libshutdown2.o(.ARM.Collect$$libshutdown$$0000000D) for __rt_lib_shutdown_heap_2
    term_alloc.o(.text) refers to rt_heap_descriptor_intlibspace.o(.text) for __rt_heap_descriptor
    term_alloc.o(.text) refers to h1_final.o(.text) for __Heap_Finalize
    defsig_rtmem_inner.o(.text) refers to defsig_general.o(.text) for __default_signal_display
    defsig.o(CL$$defsig) refers to defsig_rtred_inner.o(.text) for __rt_SIGRTRED_inner
    defsig.o(CL$$defsig) refers to defsig_rtmem_inner.o(.text) for __rt_SIGRTMEM_inner
    libshutdown.o(.ARM.Collect$$libshutdown$$00000000) refers (Special) to libshutdown2.o(.ARM.Collect$$libshutdown$$00000006) for __rt_lib_shutdown_fp_trap_1
    libshutdown.o(.ARM.Collect$$libshutdown$$00000000) refers (Special) to libshutdown2.o(.ARM.Collect$$libshutdown$$0000000E) for __rt_lib_shutdown_heap_1
    libshutdown.o(.ARM.Collect$$libshutdown$$00000000) refers (Special) to libshutdown2.o(.ARM.Collect$$libshutdown$$0000000F) for __rt_lib_shutdown_return
    libshutdown.o(.ARM.Collect$$libshutdown$$00000000) refers (Special) to libshutdown2.o(.ARM.Collect$$libshutdown$$00000009) for __rt_lib_shutdown_signal_1
    libshutdown.o(.ARM.Collect$$libshutdown$$00000000) refers (Special) to libshutdown2.o(.ARM.Collect$$libshutdown$$00000003) for __rt_lib_shutdown_stdio_1
    libshutdown.o(.ARM.Collect$$libshutdown$$00000000) refers (Special) to libshutdown2.o(.ARM.Collect$$libshutdown$$0000000B) for __rt_lib_shutdown_user_alloc_1
    defsig_abrt_inner.o(.text) refers to defsig_general.o(.text) for __default_signal_display
    defsig_fpe_inner.o(.text) refers to defsig_general.o(.text) for __default_signal_display
    defsig_stak_inner.o(.text) refers to defsig_general.o(.text) for __default_signal_display
    defsig_pvfn_inner.o(.text) refers to defsig_general.o(.text) for __default_signal_display
    defsig_cppl_inner.o(.text) refers to defsig_general.o(.text) for __default_signal_display
    defsig_segv_inner.o(.text) refers to defsig_general.o(.text) for __default_signal_display
    defsig_other.o(.text) refers to defsig_general.o(.text) for __default_signal_display


==============================================================================

Image Symbol Table

    Local Symbols

    Symbol Name                              Value     Ov Type        Size  Object(Section)

    RESET                                    0x00000000   Section      268  startup.o(RESET)
    ../../angel/boardlib.s                   0x00000000   Number         0  boardinit3.o ABSOLUTE
    ../../angel/boardlib.s                   0x00000000   Number         0  boardinit2.o ABSOLUTE
    ../../angel/boardlib.s                   0x00000000   Number         0  boardinit1.o ABSOLUTE
    ../../angel/boardlib.s                   0x00000000   Number         0  boardshut.o ABSOLUTE
    ../../angel/handlers.s                   0x00000000   Number         0  __scatter_copy.o ABSOLUTE
    ../../angel/handlers.s                   0x00000000   Number         0  __scatter_zi.o ABSOLUTE
    ../../angel/kernel.s                     0x00000000   Number         0  rtentry.o ABSOLUTE
    ../../angel/kernel.s                     0x00000000   Number         0  rtentry2.o ABSOLUTE
    ../../angel/kernel.s                     0x00000000   Number         0  rtexit2.o ABSOLUTE
    ../../angel/kernel.s                     0x00000000   Number         0  rtentry4.o ABSOLUTE
    ../../angel/kernel.s                     0x00000000   Number         0  rtexit.o ABSOLUTE
    ../../angel/rt.s                         0x00000000   Number         0  rt_fp_status_addr.o ABSOLUTE
    ../../angel/rt.s                         0x00000000   Number         0  rt_heap_descriptor.o ABSOLUTE
    ../../angel/rt.s                         0x00000000   Number         0  rt_heap_descriptor_intlibspace.o ABSOLUTE
    ../../angel/rt.s                         0x00000000   Number         0  rt_errno_addr_intlibspace.o ABSOLUTE
    ../../angel/rt.s                         0x00000000   Number         0  rt_errno_addr.o ABSOLUTE
    ../../angel/rt.s                         0x00000000   Number         0  rt_fp_status_addr_intlibspace.o ABSOLUTE
    ../../angel/rt.s                         0x00000000   Number         0  rt_raise.o ABSOLUTE
    ../../angel/scatter.s                    0x00000000   Number         0  __scatter.o ABSOLUTE
    ../../angel/startup.s                    0x00000000   Number         0  __main.o ABSOLUTE
    ../../angel/sys.s                        0x00000000   Number         0  use_no_semi.o ABSOLUTE
    ../../angel/sys.s                        0x00000000   Number         0  libspace.o ABSOLUTE
    ../../angel/sys.s                        0x00000000   Number         0  mutex_dummy.o ABSOLUTE
    ../../angel/sys.s                        0x00000000   Number         0  sys_stackheap_outer.o ABSOLUTE
    ../../angel/sysapp.c                     0x00000000   Number         0  sys_io.o ABSOLUTE
    ../../angel/sysapp.c                     0x00000000   Number         0  sys_exit.o ABSOLUTE
    ../../angel/sysapp.c                     0x00000000   Number         0  sys_wrch.o ABSOLUTE
    ../../angel/sysapp.c                     0x00000000   Number         0  sys_command.o ABSOLUTE
    ../../armsys.c                           0x00000000   Number         0  _get_argv_nomalloc.o ABSOLUTE
    ../../armsys.c                           0x00000000   Number         0  _get_argv.o ABSOLUTE
    ../../armsys.c                           0x00000000   Number         0  argv_veneer.o ABSOLUTE
    ../../armsys.c                           0x00000000   Number         0  argv_veneer.o ABSOLUTE
    ../../armsys.c                           0x00000000   Number         0  no_argv.o ABSOLUTE
    ../../assert.c                           0x00000000   Number         0  assert_stdio.o ABSOLUTE
    ../../fpinit.s                           0x00000000   Number         0  fpinit.o ABSOLUTE
    ../../heap1.c                            0x00000000   Number         0  h1_extend_mt.o ABSOLUTE
    ../../heap1.c                            0x00000000   Number         0  h1_alloc_mt.o ABSOLUTE
    ../../heap1.c                            0x00000000   Number         0  h1_alloc.o ABSOLUTE
    ../../heap1.c                            0x00000000   Number         0  h1_free_mt.o ABSOLUTE
    ../../heap1.c                            0x00000000   Number         0  h1_free.o ABSOLUTE
    ../../heap1.c                            0x00000000   Number         0  h1_final_mt.o ABSOLUTE
    ../../heap1.c                            0x00000000   Number         0  h1_final.o ABSOLUTE
    ../../heap1.c                            0x00000000   Number         0  h1_init_mt.o ABSOLUTE
    ../../heap1.c                            0x00000000   Number         0  h1_init.o ABSOLUTE
    ../../heap1.c                            0x00000000   Number         0  h1_extend.o ABSOLUTE
    ../../heap2.c                            0x00000000   Number         0  fdtree.o ABSOLUTE
    ../../heap2.c                            0x00000000   Number         0  heap2mt.o ABSOLUTE
    ../../heap2.c                            0x00000000   Number         0  heap2.o ABSOLUTE
    ../../heapalloc.c                        0x00000000   Number         0  maybetermalloc1.o ABSOLUTE
    ../../heapalloc.c                        0x00000000   Number         0  hguard.o ABSOLUTE
    ../../heapalloc.c                        0x00000000   Number         0  init_alloc.o ABSOLUTE
    ../../heapalloc.c                        0x00000000   Number         0  malloc.o ABSOLUTE
    ../../heapalloc.c                        0x00000000   Number         0  heapstubs.o ABSOLUTE
    ../../heapalloc.c                        0x00000000   Number         0  maybetermalloc1.o ABSOLUTE
    ../../heapalloc.c                        0x00000000   Number         0  free.o ABSOLUTE
    ../../heapalloc.c                        0x00000000   Number         0  maybetermalloc2.o ABSOLUTE
    ../../heapalloc.c                        0x00000000   Number         0  maybetermalloc2.o ABSOLUTE
    ../../heapalloc.c                        0x00000000   Number         0  hrguard.o ABSOLUTE
    ../../heapalloc.c                        0x00000000   Number         0  term_alloc.o ABSOLUTE
    ../../heapaux.c                          0x00000000   Number         0  heapauxi.o ABSOLUTE
    ../../heapaux.c                          0x00000000   Number         0  heapauxa.o ABSOLUTE
    ../../libinit.s                          0x00000000   Number         0  libshutdown.o ABSOLUTE
    ../../libinit.s                          0x00000000   Number         0  libshutdown2.o ABSOLUTE
    ../../libinit.s                          0x00000000   Number         0  libinit.o ABSOLUTE
    ../../libinit.s                          0x00000000   Number         0  libinit2.o ABSOLUTE
    ../../memcpset.s                         0x00000000   Number         0  rt_memclr_w.o ABSOLUTE
    ../../memcpset.s                         0x00000000   Number         0  rt_memcpy_w.o ABSOLUTE
    ../../memcpset.s                         0x00000000   Number         0  rt_memcpy_v6.o ABSOLUTE
    ../../printf.c                           0x00000000   Number         0  _printf_char_common.o ABSOLUTE
    ../../printf.c                           0x00000000   Number         0  _printf_char_file_locked.o ABSOLUTE
    ../../printf.c                           0x00000000   Number         0  __2printf.o ABSOLUTE
    ../../printf.c                           0x00000000   Number         0  noretval__2printf.o ABSOLUTE
    ../../printf.c                           0x00000000   Number         0  _printf_char_file.o ABSOLUTE
    ../../printf.c                           0x00000000   Number         0  __printf_nopercent.o ABSOLUTE
    ../../signal.c                           0x00000000   Number         0  defsig_stak_inner.o ABSOLUTE
    ../../signal.c                           0x00000000   Number         0  defsig_fpe_inner.o ABSOLUTE
    ../../signal.c                           0x00000000   Number         0  defsig_abrt_inner.o ABSOLUTE
    ../../signal.c                           0x00000000   Number         0  defsig_rtmem_outer.o ABSOLUTE
    ../../signal.c                           0x00000000   Number         0  defsig_rtred_outer.o ABSOLUTE
    ../../signal.c                           0x00000000   Number         0  defsig_general.o ABSOLUTE
    ../../signal.c                           0x00000000   Number         0  defsig_rtred_inner.o ABSOLUTE
    ../../signal.c                           0x00000000   Number         0  defsig_rtmem_inner.o ABSOLUTE
    ../../signal.c                           0x00000000   Number         0  defsig_exit.o ABSOLUTE
    ../../signal.c                           0x00000000   Number         0  defsig_rtred_formal.o ABSOLUTE
    ../../signal.c                           0x00000000   Number         0  defsig_rtmem_formal.o ABSOLUTE
    ../../signal.c                           0x00000000   Number         0  __raise.o ABSOLUTE
    ../../signal.c                           0x00000000   Number         0  defsig_other.o ABSOLUTE
    ../../signal.c                           0x00000000   Number         0  defsig_segv_inner.o ABSOLUTE
    ../../signal.c                           0x00000000   Number         0  defsig_cppl_inner.o ABSOLUTE
    ../../signal.c                           0x00000000   Number         0  defsig_pvfn_inner.o ABSOLUTE
    ../../signal.s                           0x00000000   Number         0  defsig.o ABSOLUTE
    ../../stdio.c                            0x00000000   Number         0  fputc.o ABSOLUTE
    ../../stdio.c                            0x00000000   Number         0  initio.o ABSOLUTE
    ../../stdio.c                            0x00000000   Number         0  fputc_locked.o ABSOLUTE
    ../../stdio.c                            0x00000000   Number         0  initio_locked.o ABSOLUTE
    ../../stdio.c                            0x00000000   Number         0  flsbuf.o ABSOLUTE
    ../../stdio.c                            0x00000000   Number         0  setvbuf.o ABSOLUTE
    ../../stdio.c                            0x00000000   Number         0  streamlock.o ABSOLUTE
    ../../stdio.c                            0x00000000   Number         0  fopen.o ABSOLUTE
    ../../stdio.c                            0x00000000   Number         0  fclose.o ABSOLUTE
    ../../stdio.c                            0x00000000   Number         0  setvbuf_locked.o ABSOLUTE
    ../../stdio.c                            0x00000000   Number         0  ferror_locked.o ABSOLUTE
    ../../stdio.c                            0x00000000   Number         0  fwritefast_locked.o ABSOLUTE
    ../../stdio.c                            0x00000000   Number         0  fwritefast.o ABSOLUTE
    ../../stdio.c                            0x00000000   Number         0  stdio.o ABSOLUTE
    ../../stdio.c                            0x00000000   Number         0  stdio_streams.o ABSOLUTE
    ../../stdio.c                            0x00000000   Number         0  fseek.o ABSOLUTE
    ../../stdio.c                            0x00000000   Number         0  fflush.o ABSOLUTE
    ../../stdio.c                            0x00000000   Number         0  fputs.o ABSOLUTE
    ../../stdio.c                            0x00000000   Number         0  ftell.o ABSOLUTE
    ../../stdio.c                            0x00000000   Number         0  fputs_locked.o ABSOLUTE
    ../../stdio.c                            0x00000000   Number         0  fflush_locked.o ABSOLUTE
    ../../stdio.c                            0x00000000   Number         0  fopen_locked.o ABSOLUTE
    ../../stdio.c                            0x00000000   Number         0  ferror.o ABSOLUTE
    ../../stdlib.c                           0x00000000   Number         0  exit.o ABSOLUTE
    ../../string.c                           0x00000000   Number         0  strlen.o ABSOLUTE
    ../../wchar.c                            0x00000000   Number         0  flsbuf_fwide.o ABSOLUTE
    Startup.s                                0x00000000   Number         0  startup.o ABSOLUTE
    arm_hello.c                              0x00000000   Number         0  arm_hello.o ABSOLUTE
    dc.s                                     0x00000000   Number         0  dc.o ABSOLUTE
    NmiSR                                    0x00000105   Thumb Code     0  startup.o(RESET)
    FaultISR                                 0x00000107   Thumb Code     0  startup.o(RESET)
    IntDefaultHandler                        0x00000109   Thumb Code     0  startup.o(RESET)
    !!!main                                  0x0000010c   Section        8  __main.o(!!!main)
    !!!scatter                               0x00000114   Section       52  __scatter.o(!!!scatter)
    !!handler_copy                           0x00000148   Section       26  __scatter_copy.o(!!handler_copy)
    !!handler_zi                             0x00000164   Section       28  __scatter_zi.o(!!handler_zi)
    .ARM.Collect$$libinit$$00000000          0x00000180   Section        6  libinit.o(.ARM.Collect$$libinit$$00000000)
    .ARM.Collect$$libinit$$00000001          0x00000186   Section        8  libinit2.o(.ARM.Collect$$libinit$$00000001)
    .ARM.Collect$$libinit$$00000006          0x0000018e   Section        0  libinit2.o(.ARM.Collect$$libinit$$00000006)
    .ARM.Collect$$libinit$$00000008          0x0000018e   Section        0  libinit2.o(.ARM.Collect$$libinit$$00000008)
    .ARM.Collect$$libinit$$0000000A          0x0000018e   Section        0  libinit2.o(.ARM.Collect$$libinit$$0000000A)
    .ARM.Collect$$libinit$$0000000D          0x0000018e   Section        0  libinit2.o(.ARM.Collect$$libinit$$0000000D)
    .ARM.Collect$$libinit$$0000000F          0x0000018e   Section        0  libinit2.o(.ARM.Collect$$libinit$$0000000F)
    .ARM.Collect$$libinit$$00000011          0x0000018e   Section        0  libinit2.o(.ARM.Collect$$libinit$$00000011)
    .ARM.Collect$$libinit$$00000013          0x0000018e   Section        0  libinit2.o(.ARM.Collect$$libinit$$00000013)
    .ARM.Collect$$libinit$$00000015          0x0000018e   Section        0  libinit2.o(.ARM.Collect$$libinit$$00000015)
    .ARM.Collect$$libinit$$00000017          0x0000018e   Section        0  libinit2.o(.ARM.Collect$$libinit$$00000017)
    .ARM.Collect$$libinit$$00000019          0x0000018e   Section        0  libinit2.o(.ARM.Collect$$libinit$$00000019)
    .ARM.Collect$$libinit$$0000001B          0x0000018e   Section        0  libinit2.o(.ARM.Collect$$libinit$$0000001B)
    .ARM.Collect$$libinit$$0000001D          0x0000018e   Section        0  libinit2.o(.ARM.Collect$$libinit$$0000001D)
    .ARM.Collect$$libinit$$0000001F          0x0000018e   Section        0  libinit2.o(.ARM.Collect$$libinit$$0000001F)
    .ARM.Collect$$libinit$$00000020          0x0000018e   Section        4  libinit2.o(.ARM.Collect$$libinit$$00000020)
    .ARM.Collect$$libinit$$00000021          0x00000192   Section        0  libinit2.o(.ARM.Collect$$libinit$$00000021)
    .ARM.Collect$$libinit$$00000028          0x00000192   Section        0  libinit2.o(.ARM.Collect$$libinit$$00000028)
    .ARM.Collect$$libinit$$0000002A          0x00000192   Section        0  libinit2.o(.ARM.Collect$$libinit$$0000002A)
    .ARM.Collect$$libinit$$0000002C          0x00000192   Section        0  libinit2.o(.ARM.Collect$$libinit$$0000002C)
    .ARM.Collect$$libinit$$0000002E          0x00000192   Section        0  libinit2.o(.ARM.Collect$$libinit$$0000002E)
    .ARM.Collect$$libinit$$0000002F          0x00000192   Section        2  libinit2.o(.ARM.Collect$$libinit$$0000002F)
    .ARM.Collect$$libshutdown$$00000000      0x00000194   Section        2  libshutdown.o(.ARM.Collect$$libshutdown$$00000000)
    .ARM.Collect$$libshutdown$$00000002      0x00000196   Section        4  libshutdown2.o(.ARM.Collect$$libshutdown$$00000002)
    .ARM.Collect$$libshutdown$$00000003      0x0000019a   Section        0  libshutdown2.o(.ARM.Collect$$libshutdown$$00000003)
    .ARM.Collect$$libshutdown$$00000006      0x0000019a   Section        0  libshutdown2.o(.ARM.Collect$$libshutdown$$00000006)
    .ARM.Collect$$libshutdown$$00000009      0x0000019a   Section        0  libshutdown2.o(.ARM.Collect$$libshutdown$$00000009)
    .ARM.Collect$$libshutdown$$0000000B      0x0000019a   Section        0  libshutdown2.o(.ARM.Collect$$libshutdown$$0000000B)
    .ARM.Collect$$libshutdown$$0000000E      0x0000019a   Section        0  libshutdown2.o(.ARM.Collect$$libshutdown$$0000000E)
    .ARM.Collect$$libshutdown$$0000000F      0x0000019a   Section        2  libshutdown2.o(.ARM.Collect$$libshutdown$$0000000F)
    .ARM.Collect$$rtentry$$00000000          0x0000019c   Section        0  rtentry.o(.ARM.Collect$$rtentry$$00000000)
    .ARM.Collect$$rtentry$$00000002          0x0000019c   Section        0  rtentry2.o(.ARM.Collect$$rtentry$$00000002)
    .ARM.Collect$$rtentry$$00000004          0x0000019c   Section        6  rtentry4.o(.ARM.Collect$$rtentry$$00000004)
    .ARM.Collect$$rtentry$$00000009          0x000001a2   Section        0  rtentry2.o(.ARM.Collect$$rtentry$$00000009)
    .ARM.Collect$$rtentry$$0000000A          0x000001a2   Section        4  rtentry2.o(.ARM.Collect$$rtentry$$0000000A)
    .ARM.Collect$$rtentry$$0000000C          0x000001a6   Section        0  rtentry2.o(.ARM.Collect$$rtentry$$0000000C)
    .ARM.Collect$$rtentry$$0000000D          0x000001a6   Section        8  rtentry2.o(.ARM.Collect$$rtentry$$0000000D)
    .ARM.Collect$$rtexit$$00000000           0x000001ae   Section        2  rtexit.o(.ARM.Collect$$rtexit$$00000000)
    .ARM.Collect$$rtexit$$00000002           0x000001b0   Section        0  rtexit2.o(.ARM.Collect$$rtexit$$00000002)
    .ARM.Collect$$rtexit$$00000003           0x000001b0   Section        4  rtexit2.o(.ARM.Collect$$rtexit$$00000003)
    .ARM.Collect$$rtexit$$00000004           0x000001b4   Section        6  rtexit2.o(.ARM.Collect$$rtexit$$00000004)
    .emb_text                                0x000001bc   Section        0  maybetermalloc1.o(.emb_text)
    .text                                    0x000001bc   Section       24  startup.o(.text)
    .text                                    0x000001d4   Section        0  arm_hello.o(.text)
    .text                                    0x000001e8   Section        0  noretval__2printf.o(.text)
    .text                                    0x00000200   Section        0  heapauxi.o(.text)
    .text                                    0x00000208   Section        0  _printf_char_file.o(.text)
    .text                                    0x0000022c   Section        0  _printf_char_common.o(.text)
    _printf_input_char                       0x0000022d   Thumb Code    10  _printf_char_common.o(.text)
    .text                                    0x0000025c   Section        0  ferror.o(.text)
    .text                                    0x00000264   Section        0  initio.o(.text)
    .text                                    0x0000039c   Section        0  sys_io.o(.text)
    .text                                    0x00000402   Section       74  sys_stackheap_outer.o(.text)
    .text                                    0x0000044c   Section        0  h1_free.o(.text)
    .text                                    0x0000049a   Section        0  __printf_nopercent.o(.text)
    .text                                    0x000004c0   Section        0  flsbuf.o(.text)
    .text                                    0x00000698   Section        0  setvbuf.o(.text)
    .text                                    0x000006e0   Section        0  fopen.o(.text)
    _freopen_locked                          0x000006e1   Thumb Code     0  fopen.o(.text)
    .text                                    0x000007cc   Section        0  fclose.o(.text)
    .text                                    0x00000818   Section        0  exit.o(.text)
    .text                                    0x00000824   Section        0  defsig_rtred_outer.o(.text)
    .text                                    0x00000832   Section       78  rt_memclr_w.o(.text)
    .text                                    0x00000880   Section        8  libspace.o(.text)
    .text                                    0x00000888   Section        2  use_no_semi.o(.text)
    .text                                    0x0000088c   Section        8  rt_heap_descriptor_intlibspace.o(.text)
    .text                                    0x00000894   Section        0  hguard.o(.text)
    .text                                    0x00000898   Section        0  init_alloc.o(.text)
    .text                                    0x00000922   Section        0  h1_alloc.o(.text)
    .text                                    0x00000980   Section        0  fseek.o(.text)
    .text                                    0x00000a78   Section        0  stdio.o(.text)
    .text                                    0x00000b68   Section        0  defsig_exit.o(.text)
    .text                                    0x00000b74   Section        0  defsig_rtred_inner.o(.text)
    .text                                    0x00000ba8   Section        0  strlen.o(.text)
    .text                                    0x00000be8   Section        0  sys_exit.o(.text)
    .text                                    0x00000bf4   Section        8  rt_fp_status_addr_intlibspace.o(.text)
    .text                                    0x00000bfc   Section        0  h1_init.o(.text)
    .text                                    0x00000c0a   Section        0  h1_extend.o(.text)
    .text                                    0x00000c3c   Section        0  ftell.o(.text)
    .text                                    0x00000c82   Section        0  defsig_general.o(.text)
    .text                                    0x00000cb4   Section        0  defsig_rtmem_outer.o(.text)
    .text                                    0x00000cc2   Section        0  sys_wrch.o(.text)
    .text                                    0x00000cd0   Section        8  rt_errno_addr_intlibspace.o(.text)
    .text                                    0x00000cd8   Section        0  defsig_rtmem_inner.o(.text)
    i.fputc                                  0x00000d24   Section        0  fputc.o(i.fputc)
    x$fpl$fpinit                             0x00000d3e   Section       14  fpinit.o(x$fpl$fpinit)
    .constdata                               0x00000d4c   Section        4  sys_io.o(.constdata)
    .constdata                               0x00000d50   Section        4  sys_io.o(.constdata)
    .constdata                               0x00000d54   Section        4  sys_io.o(.constdata)
    .data                                    0x20000000   Section        4  stdio_streams.o(.data)
    .data                                    0x20000004   Section        4  stdio_streams.o(.data)
    .data                                    0x20000008   Section        4  stdio_streams.o(.data)
    .bss                                     0x2000000c   Section       80  stdio_streams.o(.bss)
    .bss                                     0x2000005c   Section       80  stdio_streams.o(.bss)
    .bss                                     0x200000ac   Section       80  stdio_streams.o(.bss)
    .bss                                     0x200000fc   Section       96  libspace.o(.bss)
    HEAP                                     0x20000160   Section        0  startup.o(HEAP)
    STACK                                    0x20000160   Section      256  startup.o(STACK)
    HeapMem                                  0x20000160   Data           0  startup.o(HEAP)
    StackMem                                 0x20000160   Data           0  startup.o(STACK)

    Global Symbols

    Symbol Name                              Value     Ov Type        Size  Object(Section)

    BuildAttributes$$THM_ISAv4$P$D$K$B$S$PE$A:L22UL41UL21$X:L11$S22US41US21$IEEE1$IW$USESV6$~STKCKD$USESV7$~SHL$OTIME$ROPI$EBA8$UX$STANDARDLIB$REQ8$PRES8$EABIv2 0x00000000   Number         0  anon$$obj.o ABSOLUTE
    __ARM_use_no_argv                        0x00000000   Number         0  arm_hello.o ABSOLUTE
    __Vectors                                0x00000000   Data           0  startup.o(RESET)
    __ARM_exceptions_init                     - Undefined Weak Reference
    __alloca_initialize                       - Undefined Weak Reference
    __cpp_initialize__aeabi_                  - Undefined Weak Reference
    __cxa_finalize                            - Undefined Weak Reference
    __rt_locale                               - Undefined Weak Reference
    __sigvec_lookup                           - Undefined Weak Reference
    __user_heap_extent                        - Undefined Weak Reference
    _atexit_init                              - Undefined Weak Reference
    _call_atexit_fns                          - Undefined Weak Reference
    _clock_init                               - Undefined Weak Reference
    _fp_trap_init                             - Undefined Weak Reference
    _fp_trap_shutdown                         - Undefined Weak Reference
    _get_lc_collate                           - Undefined Weak Reference
    _get_lc_ctype                             - Undefined Weak Reference
    _get_lc_monetary                          - Undefined Weak Reference
    _get_lc_numeric                           - Undefined Weak Reference
    _get_lc_time                              - Undefined Weak Reference
    _getenv_init                              - Undefined Weak Reference
    _handle_redirection                       - Undefined Weak Reference
    _mutex_acquire                            - Undefined Weak Reference
    _mutex_free                               - Undefined Weak Reference
    _mutex_release                            - Undefined Weak Reference
    _rand_init                                - Undefined Weak Reference
    _signal_finish                            - Undefined Weak Reference
    _signal_init                              - Undefined Weak Reference
    Reset_Handler                            0x00000101   Thumb Code     0  startup.o(RESET)
    __main                                   0x0000010d   Thumb Code     8  __main.o(!!!main)
    __scatterload                            0x00000115   Thumb Code     0  __scatter.o(!!!scatter)
    __scatterload_rt2                        0x00000115   Thumb Code    44  __scatter.o(!!!scatter)
    __scatterload_rt2_thumb_only             0x00000115   Thumb Code     0  __scatter.o(!!!scatter)
    __scatterload_null                       0x00000123   Thumb Code     0  __scatter.o(!!!scatter)
    __scatterload_copy                       0x00000149   Thumb Code    26  __scatter_copy.o(!!handler_copy)
    __scatterload_zeroinit                   0x00000165   Thumb Code    28  __scatter_zi.o(!!handler_zi)
    __rt_lib_init                            0x00000181   Thumb Code     0  libinit.o(.ARM.Collect$$libinit$$00000000)
    __rt_lib_init_heap_2                     0x00000187   Thumb Code     0  libinit2.o(.ARM.Collect$$libinit$$00000001)
    __rt_lib_init_atexit_1                   0x0000018f   Thumb Code     0  libinit2.o(.ARM.Collect$$libinit$$00000017)
    __rt_lib_init_clock_1                    0x0000018f   Thumb Code     0  libinit2.o(.ARM.Collect$$libinit$$0000001D)
    __rt_lib_init_fp_trap_1                  0x0000018f   Thumb Code     0  libinit2.o(.ARM.Collect$$libinit$$0000001B)
    __rt_lib_init_getenv_1                   0x0000018f   Thumb Code     0  libinit2.o(.ARM.Collect$$libinit$$0000001F)
    __rt_lib_init_heap_1                     0x0000018f   Thumb Code     0  libinit2.o(.ARM.Collect$$libinit$$00000006)
    __rt_lib_init_lc_collate_1               0x0000018f   Thumb Code     0  libinit2.o(.ARM.Collect$$libinit$$0000000D)
    __rt_lib_init_lc_ctype_1                 0x0000018f   Thumb Code     0  libinit2.o(.ARM.Collect$$libinit$$0000000F)
    __rt_lib_init_lc_monetary_1              0x0000018f   Thumb Code     0  libinit2.o(.ARM.Collect$$libinit$$00000011)
    __rt_lib_init_lc_numeric_1               0x0000018f   Thumb Code     0  libinit2.o(.ARM.Collect$$libinit$$00000013)
    __rt_lib_init_lc_time_1                  0x0000018f   Thumb Code     0  libinit2.o(.ARM.Collect$$libinit$$00000015)
    __rt_lib_init_rand_1                     0x0000018f   Thumb Code     0  libinit2.o(.ARM.Collect$$libinit$$0000000A)
    __rt_lib_init_signal_1                   0x0000018f   Thumb Code     0  libinit2.o(.ARM.Collect$$libinit$$00000019)
    __rt_lib_init_stdio_2                    0x0000018f   Thumb Code     0  libinit2.o(.ARM.Collect$$libinit$$00000020)
    __rt_lib_init_user_alloc_1               0x0000018f   Thumb Code     0  libinit2.o(.ARM.Collect$$libinit$$00000008)
    __rt_lib_init_alloca_1                   0x00000193   Thumb Code     0  libinit2.o(.ARM.Collect$$libinit$$0000002A)
    __rt_lib_init_argv_1                     0x00000193   Thumb Code     0  libinit2.o(.ARM.Collect$$libinit$$00000028)
    __rt_lib_init_cpp_1                      0x00000193   Thumb Code     0  libinit2.o(.ARM.Collect$$libinit$$0000002E)
    __rt_lib_init_exceptions_1               0x00000193   Thumb Code     0  libinit2.o(.ARM.Collect$$libinit$$0000002C)
    __rt_lib_init_return                     0x00000193   Thumb Code     0  libinit2.o(.ARM.Collect$$libinit$$0000002F)
    __rt_lib_init_stdio_1                    0x00000193   Thumb Code     0  libinit2.o(.ARM.Collect$$libinit$$00000021)
    __rt_lib_shutdown                        0x00000195   Thumb Code     0  libshutdown.o(.ARM.Collect$$libshutdown$$00000000)
    __rt_lib_shutdown_stdio_2                0x00000197   Thumb Code     0  libshutdown2.o(.ARM.Collect$$libshutdown$$00000002)
    __rt_lib_shutdown_fp_trap_1              0x0000019b   Thumb Code     0  libshutdown2.o(.ARM.Collect$$libshutdown$$00000006)
    __rt_lib_shutdown_heap_1                 0x0000019b   Thumb Code     0  libshutdown2.o(.ARM.Collect$$libshutdown$$0000000E)
    __rt_lib_shutdown_return                 0x0000019b   Thumb Code     0  libshutdown2.o(.ARM.Collect$$libshutdown$$0000000F)
    __rt_lib_shutdown_signal_1               0x0000019b   Thumb Code     0  libshutdown2.o(.ARM.Collect$$libshutdown$$00000009)
    __rt_lib_shutdown_stdio_1                0x0000019b   Thumb Code     0  libshutdown2.o(.ARM.Collect$$libshutdown$$00000003)
    __rt_lib_shutdown_user_alloc_1           0x0000019b   Thumb Code     0  libshutdown2.o(.ARM.Collect$$libshutdown$$0000000B)
    __rt_entry                               0x0000019d   Thumb Code     0  rtentry.o(.ARM.Collect$$rtentry$$00000000)
    __rt_entry_presh_1                       0x0000019d   Thumb Code     0  rtentry2.o(.ARM.Collect$$rtentry$$00000002)
    __rt_entry_sh                            0x0000019d   Thumb Code     0  rtentry4.o(.ARM.Collect$$rtentry$$00000004)
    __rt_entry_li                            0x000001a3   Thumb Code     0  rtentry2.o(.ARM.Collect$$rtentry$$0000000A)
    __rt_entry_postsh_1                      0x000001a3   Thumb Code     0  rtentry2.o(.ARM.Collect$$rtentry$$00000009)
    __rt_entry_main                          0x000001a7   Thumb Code     0  rtentry2.o(.ARM.Collect$$rtentry$$0000000D)
    __rt_entry_postli_1                      0x000001a7   Thumb Code     0  rtentry2.o(.ARM.Collect$$rtentry$$0000000C)
    __rt_exit                                0x000001af   Thumb Code     0  rtexit.o(.ARM.Collect$$rtexit$$00000000)
    __rt_exit_ls                             0x000001b1   Thumb Code     0  rtexit2.o(.ARM.Collect$$rtexit$$00000003)
    __rt_exit_prels_1                        0x000001b1   Thumb Code     0  rtexit2.o(.ARM.Collect$$rtexit$$00000002)
    __rt_exit_exit                           0x000001b5   Thumb Code     0  rtexit2.o(.ARM.Collect$$rtexit$$00000004)
    __user_initial_stackheap                 0x000001bd   Thumb Code     0  startup.o(.text)
    _maybe_terminate_alloc                   0x000001bd   Thumb Code     0  maybetermalloc1.o(.emb_text)
    main                                     0x000001d5   Thumb Code    12  arm_hello.o(.text)
    __2printf                                0x000001e9   Thumb Code    20  noretval__2printf.o(.text)
    __use_two_region_memory                  0x00000201   Thumb Code     2  heapauxi.o(.text)
    __rt_heap_escrow                         0x00000203   Thumb Code     2  heapauxi.o(.text)
    __rt_heap_expand                         0x00000205   Thumb Code     2  heapauxi.o(.text)
    _printf_char_file                        0x00000209   Thumb Code    32  _printf_char_file.o(.text)
    _printf_char_common                      0x00000237   Thumb Code    32  _printf_char_common.o(.text)
    ferror                                   0x0000025d   Thumb Code     8  ferror.o(.text)
    _initio                                  0x00000265   Thumb Code   210  initio.o(.text)
    _terminateio                             0x00000337   Thumb Code    56  initio.o(.text)
    _sys_open                                0x0000039d   Thumb Code    20  sys_io.o(.text)
    _sys_close                               0x000003b1   Thumb Code    12  sys_io.o(.text)
    _sys_write                               0x000003bd   Thumb Code    16  sys_io.o(.text)
    _sys_read                                0x000003cd   Thumb Code    14  sys_io.o(.text)
    _sys_istty                               0x000003db   Thumb Code    12  sys_io.o(.text)
    _sys_seek                                0x000003e7   Thumb Code    14  sys_io.o(.text)
    _sys_ensure                              0x000003f5   Thumb Code     2  sys_io.o(.text)
    _sys_flen                                0x000003f7   Thumb Code    12  sys_io.o(.text)
    __user_setup_stackheap                   0x00000403   Thumb Code    74  sys_stackheap_outer.o(.text)
    free                                     0x0000044d   Thumb Code    78  h1_free.o(.text)
    __printf                                 0x0000049b   Thumb Code    38  __printf_nopercent.o(.text)
    __flsbuf                                 0x000004c1   Thumb Code   472  flsbuf.o(.text)
    __flsbuf_byte                            0x000004c1   Thumb Code     0  flsbuf.o(.text)
    __flsbuf_wide                            0x000004c1   Thumb Code     0  flsbuf.o(.text)
    setvbuf                                  0x00000699   Thumb Code    70  setvbuf.o(.text)
    freopen                                  0x000006e1   Thumb Code   158  fopen.o(.text)
    fopen                                    0x0000077f   Thumb Code    74  fopen.o(.text)
    _fclose_internal                         0x000007cd   Thumb Code    76  fclose.o(.text)
    fclose                                   0x000007cd   Thumb Code     0  fclose.o(.text)
    exit                                     0x00000819   Thumb Code    12  exit.o(.text)
    __rt_SIGRTRED                            0x00000825   Thumb Code    14  defsig_rtred_outer.o(.text)
    __aeabi_memclr4                          0x00000833   Thumb Code     0  rt_memclr_w.o(.text)
    __aeabi_memclr8                          0x00000833   Thumb Code     0  rt_memclr_w.o(.text)
    __rt_memclr_w                            0x00000833   Thumb Code    78  rt_memclr_w.o(.text)
    _memset_w                                0x00000837   Thumb Code     0  rt_memclr_w.o(.text)
    __user_libspace                          0x00000881   Thumb Code     8  libspace.o(.text)
    __user_perproc_libspace                  0x00000881   Thumb Code     0  libspace.o(.text)
    __user_perthread_libspace                0x00000881   Thumb Code     0  libspace.o(.text)
    __I$use$semihosting                      0x00000889   Thumb Code     0  use_no_semi.o(.text)
    __use_no_semihosting_swi                 0x00000889   Thumb Code     2  use_no_semi.o(.text)
    __rt_heap_descriptor                     0x0000088d   Thumb Code     8  rt_heap_descriptor_intlibspace.o(.text)
    __use_no_heap                            0x00000895   Thumb Code     2  hguard.o(.text)
    __heap$guard                             0x00000897   Thumb Code     2  hguard.o(.text)
    _terminate_user_alloc                    0x00000899   Thumb Code     2  init_alloc.o(.text)
    _init_user_alloc                         0x0000089b   Thumb Code     2  init_alloc.o(.text)
    __Heap_Full                              0x0000089d   Thumb Code    34  init_alloc.o(.text)
    __Heap_Broken                            0x000008bf   Thumb Code     6  init_alloc.o(.text)
    _init_alloc                              0x000008c5   Thumb Code    94  init_alloc.o(.text)
    malloc                                   0x00000923   Thumb Code    94  h1_alloc.o(.text)
    _fseek                                   0x00000981   Thumb Code   244  fseek.o(.text)
    fseek                                    0x00000981   Thumb Code     0  fseek.o(.text)
    _seterr                                  0x00000a79   Thumb Code    20  stdio.o(.text)
    _writebuf                                0x00000a8d   Thumb Code    84  stdio.o(.text)
    _fflush                                  0x00000ae1   Thumb Code    70  stdio.o(.text)
    _deferredlazyseek                        0x00000b27   Thumb Code    60  stdio.o(.text)
    __sig_exit                               0x00000b69   Thumb Code    10  defsig_exit.o(.text)
    __rt_SIGRTRED_inner                      0x00000b75   Thumb Code    14  defsig_rtred_inner.o(.text)
    strlen                                   0x00000ba9   Thumb Code    62  strlen.o(.text)
    _sys_exit                                0x00000be9   Thumb Code     8  sys_exit.o(.text)
    __rt_fp_status_addr                      0x00000bf5   Thumb Code     8  rt_fp_status_addr_intlibspace.o(.text)
    __Heap_Initialize                        0x00000bfd   Thumb Code    10  h1_init.o(.text)
    __Heap_DescSize                          0x00000c07   Thumb Code     4  h1_init.o(.text)
    __Heap_ProvideMemory                     0x00000c0b   Thumb Code    50  h1_extend.o(.text)
    _ftell_internal                          0x00000c3d   Thumb Code    70  ftell.o(.text)
    ftell                                    0x00000c3d   Thumb Code     0  ftell.o(.text)
    __default_signal_display                 0x00000c83   Thumb Code    50  defsig_general.o(.text)
    __rt_SIGRTMEM                            0x00000cb5   Thumb Code    14  defsig_rtmem_outer.o(.text)
    _ttywrch                                 0x00000cc3   Thumb Code    14  sys_wrch.o(.text)
    __aeabi_errno_addr                       0x00000cd1   Thumb Code     8  rt_errno_addr_intlibspace.o(.text)
    __errno$intlibspace                      0x00000cd1   Thumb Code     0  rt_errno_addr_intlibspace.o(.text)
    __rt_errno_addr$intlibspace              0x00000cd1   Thumb Code     0  rt_errno_addr_intlibspace.o(.text)
    __rt_SIGRTMEM_inner                      0x00000cd9   Thumb Code    20  defsig_rtmem_inner.o(.text)
    fputc                                    0x00000d25   Thumb Code    26  fputc.o(i.fputc)
    _fp_init                                 0x00000d3f   Thumb Code    14  fpinit.o(x$fpl$fpinit)
    __fplib_config_pureend_doubles           0x00000d4b   Thumb Code     0  fpinit.o(x$fpl$fpinit)
    __stdin_name                             0x00000d4c   Data           4  sys_io.o(.constdata)
    __stdout_name                            0x00000d50   Data           4  sys_io.o(.constdata)
    __stderr_name                            0x00000d54   Data           4  sys_io.o(.constdata)
    Region$$Table$$Base                      0x00000d58   Number         0  anon$$obj.o(Region$$Table)
    Region$$Table$$Limit                     0x00000d78   Number         0  anon$$obj.o(Region$$Table)
    __aeabi_stdin                            0x20000000   Data           4  stdio_streams.o(.data)
    __aeabi_stdout                           0x20000004   Data           4  stdio_streams.o(.data)
    __aeabi_stderr                           0x20000008   Data           4  stdio_streams.o(.data)
    __stdin                                  0x2000000c   Data          80  stdio_streams.o(.bss)
    __stdout                                 0x2000005c   Data          80  stdio_streams.o(.bss)
    __stderr                                 0x200000ac   Data          80  stdio_streams.o(.bss)
    __libspace_start                         0x200000fc   Data          96  libspace.o(.bss)
    __temporary_stack_top$libspace           0x2000015c   Data           0  libspace.o(.bss)



==============================================================================

Memory Map of the image

  Image Entry point : 0x0000010d

  Load Region LR_IROM1 (Base: 0x00000000, Size: 0x00000d84, Max: 0x00004000, ABSOLUTE)

    Execution Region ER_IROM1 (Base: 0x00000000, Size: 0x00000d78, Max: 0x00004000, ABSOLUTE)

    Base Addr    Size         Type   Attr      Idx    E Section Name        Object

    0x00000000   0x0000010c   Code   RO            3    RESET               startup.o
    0x0000010c   0x00000008   Code   RO           29  * !!!main             c_w.l(__main.o)
    0x00000114   0x00000034   Code   RO          384    !!!scatter          c_w.l(__scatter.o)
    0x00000148   0x0000001a   Code   RO          386    !!handler_copy      c_w.l(__scatter_copy.o)
    0x00000162   0x00000002   PAD
    0x00000164   0x0000001c   Code   RO          388    !!handler_zi        c_w.l(__scatter_zi.o)
    0x00000180   0x00000006   Code   RO          169    .ARM.Collect$$libinit$$00000000  c_w.l(libinit.o)
    0x00000186   0x00000008   Code   RO          170    .ARM.Collect$$libinit$$00000001  c_w.l(libinit2.o)
    0x0000018e   0x00000000   Code   RO          172    .ARM.Collect$$libinit$$00000006  c_w.l(libinit2.o)
    0x0000018e   0x00000000   Code   RO          174    .ARM.Collect$$libinit$$00000008  c_w.l(libinit2.o)
    0x0000018e   0x00000000   Code   RO          176    .ARM.Collect$$libinit$$0000000A  c_w.l(libinit2.o)
    0x0000018e   0x00000000   Code   RO          179    .ARM.Collect$$libinit$$0000000D  c_w.l(libinit2.o)
    0x0000018e   0x00000000   Code   RO          181    .ARM.Collect$$libinit$$0000000F  c_w.l(libinit2.o)
    0x0000018e   0x00000000   Code   RO          183    .ARM.Collect$$libinit$$00000011  c_w.l(libinit2.o)
    0x0000018e   0x00000000   Code   RO          185    .ARM.Collect$$libinit$$00000013  c_w.l(libinit2.o)
    0x0000018e   0x00000000   Code   RO          187    .ARM.Collect$$libinit$$00000015  c_w.l(libinit2.o)
    0x0000018e   0x00000000   Code   RO          189    .ARM.Collect$$libinit$$00000017  c_w.l(libinit2.o)
    0x0000018e   0x00000000   Code   RO          191    .ARM.Collect$$libinit$$00000019  c_w.l(libinit2.o)
    0x0000018e   0x00000000   Code   RO          193    .ARM.Collect$$libinit$$0000001B  c_w.l(libinit2.o)
    0x0000018e   0x00000000   Code   RO          195    .ARM.Collect$$libinit$$0000001D  c_w.l(libinit2.o)
    0x0000018e   0x00000000   Code   RO          197    .ARM.Collect$$libinit$$0000001F  c_w.l(libinit2.o)
    0x0000018e   0x00000004   Code   RO          198    .ARM.Collect$$libinit$$00000020  c_w.l(libinit2.o)
    0x00000192   0x00000000   Code   RO          199    .ARM.Collect$$libinit$$00000021  c_w.l(libinit2.o)
    0x00000192   0x00000000   Code   RO          203    .ARM.Collect$$libinit$$00000028  c_w.l(libinit2.o)
    0x00000192   0x00000000   Code   RO          205    .ARM.Collect$$libinit$$0000002A  c_w.l(libinit2.o)
    0x00000192   0x00000000   Code   RO          207    .ARM.Collect$$libinit$$0000002C  c_w.l(libinit2.o)
    0x00000192   0x00000000   Code   RO          209    .ARM.Collect$$libinit$$0000002E  c_w.l(libinit2.o)
    0x00000192   0x00000002   Code   RO          210    .ARM.Collect$$libinit$$0000002F  c_w.l(libinit2.o)
    0x00000194   0x00000002   Code   RO          363    .ARM.Collect$$libshutdown$$00000000  c_w.l(libshutdown.o)
    0x00000196   0x00000004   Code   RO          212    .ARM.Collect$$libshutdown$$00000002  c_w.l(libshutdown2.o)
    0x0000019a   0x00000000   Code   RO          213    .ARM.Collect$$libshutdown$$00000003  c_w.l(libshutdown2.o)
    0x0000019a   0x00000000   Code   RO          216    .ARM.Collect$$libshutdown$$00000006  c_w.l(libshutdown2.o)
    0x0000019a   0x00000000   Code   RO          219    .ARM.Collect$$libshutdown$$00000009  c_w.l(libshutdown2.o)
    0x0000019a   0x00000000   Code   RO          221    .ARM.Collect$$libshutdown$$0000000B  c_w.l(libshutdown2.o)
    0x0000019a   0x00000000   Code   RO          224    .ARM.Collect$$libshutdown$$0000000E  c_w.l(libshutdown2.o)
    0x0000019a   0x00000002   Code   RO          225    .ARM.Collect$$libshutdown$$0000000F  c_w.l(libshutdown2.o)
    0x0000019c   0x00000000   Code   RO           31    .ARM.Collect$$rtentry$$00000000  c_w.l(rtentry.o)
    0x0000019c   0x00000000   Code   RO           42    .ARM.Collect$$rtentry$$00000002  c_w.l(rtentry2.o)
    0x0000019c   0x00000006   Code   RO           57    .ARM.Collect$$rtentry$$00000004  c_w.l(rtentry4.o)
    0x000001a2   0x00000000   Code   RO           44    .ARM.Collect$$rtentry$$00000009  c_w.l(rtentry2.o)
    0x000001a2   0x00000004   Code   RO           45    .ARM.Collect$$rtentry$$0000000A  c_w.l(rtentry2.o)
    0x000001a6   0x00000000   Code   RO           47    .ARM.Collect$$rtentry$$0000000C  c_w.l(rtentry2.o)
    0x000001a6   0x00000008   Code   RO           48    .ARM.Collect$$rtentry$$0000000D  c_w.l(rtentry2.o)
    0x000001ae   0x00000002   Code   RO          233    .ARM.Collect$$rtexit$$00000000  c_w.l(rtexit.o)
    0x000001b0   0x00000000   Code   RO          291    .ARM.Collect$$rtexit$$00000002  c_w.l(rtexit2.o)
    0x000001b0   0x00000004   Code   RO          292    .ARM.Collect$$rtexit$$00000003  c_w.l(rtexit2.o)
    0x000001b4   0x00000006   Code   RO          293    .ARM.Collect$$rtexit$$00000004  c_w.l(rtexit2.o)
    0x000001ba   0x00000002   PAD
    0x000001bc   0x00000000   Code   RO          303    .emb_text           c_w.l(maybetermalloc1.o)
    0x000001bc   0x00000018   Code   RO            4    .text               startup.o
    0x000001d4   0x00000014   Code   RO           11    .text               arm_hello.o
    0x000001e8   0x00000018   Code   RO           25    .text               c_w.l(noretval__2printf.o)
    0x00000200   0x00000006   Code   RO           27    .text               c_w.l(heapauxi.o)
    0x00000206   0x00000002   PAD
    0x00000208   0x00000024   Code   RO           33    .text               c_w.l(_printf_char_file.o)
    0x0000022c   0x00000030   Code   RO           59    .text               c_w.l(_printf_char_common.o)
    0x0000025c   0x00000008   Code   RO           61    .text               c_w.l(ferror.o)
    0x00000264   0x00000138   Code   RO           67    .text               c_w.l(initio.o)
    0x0000039c   0x00000066   Code   RO           75    .text               c_w.l(sys_io.o)
    0x00000402   0x0000004a   Code   RO           82    .text               c_w.l(sys_stackheap_outer.o)
    0x0000044c   0x0000004e   Code   RO           86    .text               c_w.l(h1_free.o)
    0x0000049a   0x00000026   Code   RO          140    .text               c_w.l(__printf_nopercent.o)
    0x000004c0   0x000001d8   Code   RO          142    .text               c_w.l(flsbuf.o)
    0x00000698   0x00000046   Code   RO          144    .text               c_w.l(setvbuf.o)
    0x000006de   0x00000002   PAD
    0x000006e0   0x000000ec   Code   RO          147    .text               c_w.l(fopen.o)
    0x000007cc   0x0000004c   Code   RO          149    .text               c_w.l(fclose.o)
    0x00000818   0x0000000c   Code   RO          155    .text               c_w.l(exit.o)
    0x00000824   0x0000000e   Code   RO          157    .text               c_w.l(defsig_rtred_outer.o)
    0x00000832   0x0000004e   Code   RO          161    .text               c_w.l(rt_memclr_w.o)
    0x00000880   0x00000008   Code   RO          228    .text               c_w.l(libspace.o)
    0x00000888   0x00000002   Code   RO          231    .text               c_w.l(use_no_semi.o)
    0x0000088a   0x00000002   PAD
    0x0000088c   0x00000008   Code   RO          240    .text               c_w.l(rt_heap_descriptor_intlibspace.o)
    0x00000894   0x00000004   Code   RO          242    .text               c_w.l(hguard.o)
    0x00000898   0x0000008a   Code   RO          244    .text               c_w.l(init_alloc.o)
    0x00000922   0x0000005e   Code   RO          250    .text               c_w.l(h1_alloc.o)
    0x00000980   0x000000f8   Code   RO          266    .text               c_w.l(fseek.o)
    0x00000a78   0x000000f0   Code   RO          268    .text               c_w.l(stdio.o)
    0x00000b68   0x0000000a   Code   RO          274    .text               c_w.l(defsig_exit.o)
    0x00000b72   0x00000002   PAD
    0x00000b74   0x00000034   Code   RO          276    .text               c_w.l(defsig_rtred_inner.o)
    0x00000ba8   0x0000003e   Code   RO          280    .text               c_w.l(strlen.o)
    0x00000be6   0x00000002   PAD
    0x00000be8   0x0000000c   Code   RO          288    .text               c_w.l(sys_exit.o)
    0x00000bf4   0x00000008   Code   RO          301    .text               c_w.l(rt_fp_status_addr_intlibspace.o)
    0x00000bfc   0x0000000e   Code   RO          307    .text               c_w.l(h1_init.o)
    0x00000c0a   0x00000032   Code   RO          309    .text               c_w.l(h1_extend.o)
    0x00000c3c   0x00000046   Code   RO          319    .text               c_w.l(ftell.o)
    0x00000c82   0x00000032   Code   RO          327    .text               c_w.l(defsig_general.o)
    0x00000cb4   0x0000000e   Code   RO          329    .text               c_w.l(defsig_rtmem_outer.o)
    0x00000cc2   0x0000000e   Code   RO          344    .text               c_w.l(sys_wrch.o)
    0x00000cd0   0x00000008   Code   RO          351    .text               c_w.l(rt_errno_addr_intlibspace.o)
    0x00000cd8   0x0000004c   Code   RO          357    .text               c_w.l(defsig_rtmem_inner.o)
    0x00000d24   0x0000001a   Code   RO           64    i.fputc             c_w.l(fputc.o)
    0x00000d3e   0x0000000e   Code   RO          286    x$fpl$fpinit        fz_ws.l(fpinit.o)
    0x00000d4c   0x00000004   Data   RO           76    .constdata          c_w.l(sys_io.o)
    0x00000d50   0x00000004   Data   RO           77    .constdata          c_w.l(sys_io.o)
    0x00000d54   0x00000004   Data   RO           78    .constdata          c_w.l(sys_io.o)
    0x00000d58   0x00000020   Data   RO          382    Region$$Table       anon$$obj.o


    Execution Region RW_IRAM1 (Base: 0x20000000, Size: 0x00000260, Max: 0x00001000, ABSOLUTE)

    Base Addr    Size         Type   Attr      Idx    E Section Name        Object

    0x20000000   0x00000004   Data   RW           38    .data               c_w.l(stdio_streams.o)
    0x20000004   0x00000004   Data   RW           39    .data               c_w.l(stdio_streams.o)
    0x20000008   0x00000004   Data   RW           40    .data               c_w.l(stdio_streams.o)
    0x2000000c   0x00000050   Zero   RW           35    .bss                c_w.l(stdio_streams.o)
    0x2000005c   0x00000050   Zero   RW           36    .bss                c_w.l(stdio_streams.o)
    0x200000ac   0x00000050   Zero   RW           37    .bss                c_w.l(stdio_streams.o)
    0x200000fc   0x00000060   Zero   RW          229    .bss                c_w.l(libspace.o)
    0x2000015c   0x00000004   PAD
    0x20000160   0x00000000   Zero   RW            2    HEAP                startup.o
    0x20000160   0x00000100   Zero   RW            1    STACK               startup.o


==============================================================================

Image component sizes


      Code (inc. data)   RO Data    RW Data    ZI Data      Debug   Object Name

        20          8          0          0          0       1835   arm_hello.o
       292        272          0          0        256        412   startup.o

    ----------------------------------------------------------------------
       312        280         32          0        256       2247   Object Totals
         0          0         32          0          0          0   (incl. Generated)
         0          0          0          0          0          1   (incl. Padding)

    ----------------------------------------------------------------------

      Code (inc. data)   RO Data    RW Data    ZI Data      Debug   Library Member Name

         8          0          0          0          0         68   __main.o
        38          0          0          0          0         84   __printf_nopercent.o
        52          8          0          0          0          0   __scatter.o
        26          0          0          0          0          0   __scatter_copy.o
        28          0          0          0          0          0   __scatter_zi.o
        48          6          0          0          0         96   _printf_char_common.o
        36          4          0          0          0         80   _printf_char_file.o
        10          0          0          0          0         68   defsig_exit.o
        50          0          0          0          0         88   defsig_general.o
        76         56          0          0          0         76   defsig_rtmem_inner.o
        14          0          0          0          0         80   defsig_rtmem_outer.o
        52         38          0          0          0         76   defsig_rtred_inner.o
        14          0          0          0          0         80   defsig_rtred_outer.o
        12          0          0          0          0         68   exit.o
        76          0          0          0          0         88   fclose.o
         8          0          0          0          0         68   ferror.o
       472          0          0          0          0         88   flsbuf.o
       236          4          0          0          0        128   fopen.o
        26          0          0          0          0         68   fputc.o
       248          4          0          0          0         84   fseek.o
        70          0          0          0          0         76   ftell.o
        94          0          0          0          0         80   h1_alloc.o
        50          0          0          0          0         68   h1_extend.o
        78          0          0          0          0         80   h1_free.o
        14          0          0          0          0         84   h1_init.o
         6          0          0          0          0        152   heapauxi.o
         4          0          0          0          0        136   hguard.o
       138          0          0          0          0        168   init_alloc.o
       312         46          0          0          0        112   initio.o
         6          0          0          0          0          0   libinit.o
        14          0          0          0          0          0   libinit2.o
         2          0          0          0          0          0   libshutdown.o
         6          0          0          0          0          0   libshutdown2.o
         8          4          0          0         96         68   libspace.o
         0          0          0          0          0         68   maybetermalloc1.o
        24          4          0          0          0         84   noretval__2printf.o
         8          4          0          0          0         68   rt_errno_addr_intlibspace.o
         8          4          0          0          0         68   rt_fp_status_addr_intlibspace.o
         8          4          0          0          0         68   rt_heap_descriptor_intlibspace.o
        78          0          0          0          0         80   rt_memclr_w.o
         0          0          0          0          0          0   rtentry.o
        12          0          0          0          0          0   rtentry2.o
         6          0          0          0          0          0   rtentry4.o
         2          0          0          0          0          0   rtexit.o
        10          0          0          0          0          0   rtexit2.o
        70          0          0          0          0         80   setvbuf.o
       240          6          0          0          0        156   stdio.o
         0          0          0         12        240          0   stdio_streams.o
        62          0          0          0          0         76   strlen.o
        12          4          0          0          0         68   sys_exit.o
       102          0         12          0          0        240   sys_io.o
        74          0          0          0          0         80   sys_stackheap_outer.o
        14          0          0          0          0         76   sys_wrch.o
         2          0          0          0          0         68   use_no_semi.o
        14          0          0          0          0         76   fpinit.o

    ----------------------------------------------------------------------
      3092        196         12         12        340       3768   Library Totals
        14          0          0          0          4          0   (incl. Padding)

    ----------------------------------------------------------------------

      Code (inc. data)   RO Data    RW Data    ZI Data      Debug   Library Name

      3064        196         12         12        336       3692   c_w.l
        14          0          0          0          0         76   fz_ws.l

    ----------------------------------------------------------------------
      3092        196         12         12        340       3768   Library Totals

    ----------------------------------------------------------------------

==============================================================================


      Code (inc. data)   RO Data    RW Data    ZI Data      Debug   

      3404        476         44         12        596       3832   Grand Totals
      3404        476         44         12        596       3832   ELF Image Totals
      3404        476         44         12          0          0   ROM Totals

==============================================================================

    Total RO  Size (Code + RO Data)                 3448 (   3.37kB)
    Total RW  Size (RW Data + ZI Data)               608 (   0.59kB)
    Total ROM Size (Code + RO Data + RW Data)       3460 (   3.38kB)

==============================================================================

