<html>
<body>
<pre>
<h1>µVision Build Log</h1>
<h2>Tool Versions:</h2>
IDE-Version: µVision V5.12.0.0
Copyright (C) 2014 ARM Ltd and ARM Germany GmbH. All rights reserved.
License Information: S K, Microsoft, LIC=CRMHL-03NQH-15CTV-PZWP8-40UQS-XINY0
 
Tool Versions:
Toolchain:       MDK-ARM Professional  Version: 5.12.0.0
Toolchain Path:  C:\Keil_v5\ARM\ARMCC\Bin
C Compiler:      Armcc.exe V5.05 (build 41)
Assembler:       Armasm.exe V5.05 (build 41)
Linker/Locator:  ArmLink.exe V5.05 (build 41)
Library Manager: ArmAr.exe V5.05 (build 41)
Hex Converter:   FromElf.exe V5.05 (build 41)
CPU DLL:         SARMCM3.DLL V5.12.0.0
Dialog DLL:      DCM.DLL V1.13.0.0
Target DLL:      UL2CM3.DLL V1.153.0.0
Dialog DLL:      TCM.DLL V1.14.2.0
 
<h2>Project:</h2>
C:\Users\Shobhit Kukreti\Documents\Mbed\bare_metal\bare_metal.uvproj
Project File Date:  10/11/2014

<h2>Output:</h2>
Rebuild target 'Target 1'
compiling main.c...
main.c(7): warning:  #223-D: function "GPIO_SetDir" declared implicitly
  GPIO_SetDir(1,18,1);
main.c(8): warning:  #223-D: function "GPIO_PinWrite" declared implicitly
  GPIO_PinWrite(1,18,0);
main.c(11): warning:  #1-D: last line of file ends without a newline
  }
main.c: 3 warnings, 0 errors
compiling GPDMA_LPC17xx.c...
compiling GPIO_LPC17xx.c...
compiling PIN_LPC17xx.c...
assembling startup_LPC17xx.s...
compiling system_LPC17xx.c...
linking...
Program Size: Code=2220 RO-data=236 RW-data=8 ZI-data=640  
".\Objects\bare_metal.axf" - 0 Error(s), 3 Warning(s).

<h2>Software Packages used:</h2>

Package Vendor: ARM
                http://www.keil.com/pack/ARM.CMSIS.4.2.0.pack
                ARM::CMSIS:CORE:3.40.0
                CMSIS (Cortex Microcontroller Software Interface Standard)
   * Component: CORE Version: 3.40.0

Package Vendor: Keil
                http://www.keil.com/pack/Keil.LPC1700_DFP.2.0.0.pack
                Keil::Device:Startup:1.0.0
                NXP LPC1700 Series Device Support, Drivers and Examples for MCB1700
   * Component: Startup Version: 1.0.0
   * Component: PIN Version: 1.00
   * Component: GPIO Version: 1.00
   * Component: GPDMA Version: 1.00

<h2>Collection of Component include folders:</h2>
  C:\Users\Shobhit Kukreti\Documents\Mbed\bare_metal\RTE
  C:\Users\Shobhit Kukreti\Documents\Mbed\bare_metal\RTE\Device\LPC1768
  C:\Keil_v5\ARM\PACK\ARM\CMSIS\4.2.0\CMSIS\Include
  C:\Keil_v5\ARM\PACK\Keil\LPC1700_DFP\2.0.0\Device\Include
  C:\Keil_v5\ARM\PACK\Keil\LPC1700_DFP\2.0.0\RTE_Driver

<h2>Collection of Component Files used:</h2>

   * Component: ARM::CMSIS:CORE:3.40.0
      Source file:   CMSIS\UserCodeTemplates\ARM\ITM_Retarget.c

   * Component: Keil::Device:Startup:1.0.0
      Include file:  Device\Include\LPC17xx.h
      Source file:   Device\Source\ARM\startup_LPC17xx.s
      Source file:   Device\Source\system_LPC17xx.c
      Include file:  RTE_Driver\Config\RTE_Device.h

   * Component: Keil::Device:PIN:1.00
      Include file:  RTE_Driver\PIN_LPC17xx.h
      Source file:   RTE_Driver\PIN_LPC17xx.c

   * Component: Keil::Device:GPIO:1.00
      Include file:  RTE_Driver\GPIO_LPC17xx.h
      Source file:   RTE_Driver\GPIO_LPC17xx.c

   * Component: Keil::Device:GPDMA:1.00
      Include file:  RTE_Driver\GPDMA_LPC17xx.h
      Source file:   RTE_Driver\GPDMA_LPC17xx.c
RDDI-DAP Error
Error: Flash Erase failed  -  Target DLL has been cancelled
Load "C:\\Users\\Shobhit Kukreti\\Documents\\Mbed\\bare_metal\\Objects\\bare_metal.axf" 
RDDI-DAP Error
Error: Flash Download failed  -  Target DLL has been cancelled
RDDI-DAP Error
Error: Flash Erase failed  -  Target DLL has been cancelled
